Component: ARM Compiler 5.06 update 6 (build 750) Tool: armlink [4d35ed]

==============================================================================

Section Cross References

    main.o(i.main) refers to main.o(i.setup) for setup
    main.o(i.main) refers to serialusb.o(i.serialBegin) for serialBegin
    main.o(i.main) refers to fingers.o(i.control_Finger) for control_Finger
    main.o(i.main) refers to timer.o(i.delay) for delay
    main.o(i.setup) refers to sysctl.o(i.SysCtlClockSet) for SysCtlClockSet
    main.o(i.setup) refers to timer.o(i.initSysTick) for initSysTick
    main.o(i.setup) refers to initports.o(i.initallPorts) for initallPorts
    main.o(i.setup) refers to motor.o(i.init_motors) for init_motors
    main.o(i.setup) refers to analogsensor.o(i.initADC) for initADC
    main.o(i.setup) refers to motor.o(i.init_encoders) for init_encoders
    main.o(i.setup) refers to interrupthandlers.o(i.InitEnoderVal) for InitEnoderVal
    startup_rvmdk.o(STACK) refers (Special) to heapauxi.o(.text) for __use_two_region_memory
    startup_rvmdk.o(HEAP) refers (Special) to heapauxi.o(.text) for __use_two_region_memory
    startup_rvmdk.o(RESET) refers (Special) to heapauxi.o(.text) for __use_two_region_memory
    startup_rvmdk.o(RESET) refers to startup_rvmdk.o(STACK) for StackMem
    startup_rvmdk.o(RESET) refers to __main.o(!!!main) for __main
    startup_rvmdk.o(.text) refers (Special) to heapauxi.o(.text) for __use_two_region_memory
    startup_rvmdk.o(.text) refers to startup_rvmdk.o(HEAP) for HeapMem
    startup_rvmdk.o(.text) refers to startup_rvmdk.o(STACK) for StackMem
    analogsensor.o(i.ReadADC) refers to adc.o(i.ADCIntClear) for ADCIntClear
    analogsensor.o(i.ReadADC) refers to adc.o(i.ADCProcessorTrigger) for ADCProcessorTrigger
    analogsensor.o(i.ReadADC) refers to adc.o(i.ADCIntStatus) for ADCIntStatus
    analogsensor.o(i.ReadADC) refers to adc.o(i.ADCSequenceDataGet) for ADCSequenceDataGet
    analogsensor.o(i.ReadADC) refers to analogsensor.o(i.ReadADCChannel) for ReadADCChannel
    analogsensor.o(i.ReadADC) refers to analogsensor.o(.bss) for uiADCValue
    analogsensor.o(i.ReadADCChannel) refers to analogsensor.o(.bss) for uiADCValue
    analogsensor.o(i.initADC) refers to gpio.o(i.GPIOPinTypeADC) for GPIOPinTypeADC
    analogsensor.o(i.initADC) refers to sysctl.o(i.SysCtlPeripheralEnable) for SysCtlPeripheralEnable
    analogsensor.o(i.initADC) refers to sysctl.o(i.SysCtlPeripheralReady) for SysCtlPeripheralReady
    analogsensor.o(i.initADC) refers to adc.o(i.ADCSequenceDisable) for ADCSequenceDisable
    analogsensor.o(i.initADC) refers to adc.o(i.ADCSequenceConfigure) for ADCSequenceConfigure
    analogsensor.o(i.initADC) refers to adc.o(i.ADCSequenceStepConfigure) for ADCSequenceStepConfigure
    analogsensor.o(i.initADC) refers to adc.o(i.ADCSequenceEnable) for ADCSequenceEnable
    controlmechanism.o(i.ControlNonOpposed) refers to fsrsignal.o(i.SignalDetection) for SignalDetection
    controlmechanism.o(i.ControlNonOpposed) refers to fsrsignal.o(i.PrintSignal) for PrintSignal
    controlmechanism.o(i.ControlNonOpposed) refers to grips.o(i.HookGrip) for HookGrip
    controlmechanism.o(i.ControlNonOpposed) refers to grips.o(i.KeyGrip) for KeyGrip
    controlmechanism.o(i.ControlNonOpposed) refers to grips.o(i.FingerPointGrip) for FingerPointGrip
    controlmechanism.o(i.ControlNonOpposed) refers to grips.o(i.MouseGrip) for MouseGrip
    controlmechanism.o(i.ControlNonOpposed) refers to controlmechanism.o(.data) for classifiedSignal
    controlmechanism.o(i.ControlNonOpposed) refers to grips.o(.data) for lastgrip
    controlmechanism.o(i.ControlOpposed) refers to fsrsignal.o(i.SignalDetection) for SignalDetection
    controlmechanism.o(i.ControlOpposed) refers to fsrsignal.o(i.PrintSignal) for PrintSignal
    controlmechanism.o(i.ControlOpposed) refers to grips.o(i.PowerGrip) for PowerGrip
    controlmechanism.o(i.ControlOpposed) refers to fsrsignal.o(i.ProportionalControl) for ProportionalControl
    controlmechanism.o(i.ControlOpposed) refers to grips.o(i.TripodGrip) for TripodGrip
    controlmechanism.o(i.ControlOpposed) refers to grips.o(i.PrecisionOpenGrip) for PrecisionOpenGrip
    controlmechanism.o(i.ControlOpposed) refers to grips.o(i.ActiveIndexGrip) for ActiveIndexGrip
    controlmechanism.o(i.ControlOpposed) refers to controlmechanism.o(.data) for classifiedSignal
    controlmechanism.o(i.ControlOpposed) refers to grips.o(.data) for lastgrip
    fingers.o(i.check_CurrSense) refers to analogsensor.o(i.ReadADC) for ReadADC
    fingers.o(i.control_Finger) refers to motor.o(i.motorDirection) for motorDirection
    fingers.o(i.control_Finger) refers to motor.o(i.motorPWM) for motorPWM
    fingers.o(i.control_Finger_CurrandEncoder) refers to interrupthandlers.o(i.FingerPulses) for FingerPulses
    fingers.o(i.control_Finger_CurrandEncoder) refers to fingers.o(i.check_CurrSense) for check_CurrSense
[...]
    libinit.o(.ARM.Collect$$libinit$$00000000) refers (Special) to libinit2.o(.ARM.Collect$$libinit$$00000017) for __rt_lib_init_lc_numeric_1
    libinit.o(.ARM.Collect$$libinit$$00000000) refers (Special) to libinit2.o(.ARM.Collect$$libinit$$00000019) for __rt_lib_init_lc_time_1
    libinit.o(.ARM.Collect$$libinit$$00000000) refers (Special) to libinit2.o(.ARM.Collect$$libinit$$00000004) for __rt_lib_init_preinit_1
    libinit.o(.ARM.Collect$$libinit$$00000000) refers (Special) to libinit2.o(.ARM.Collect$$libinit$$0000000E) for __rt_lib_init_rand_1
    libinit.o(.ARM.Collect$$libinit$$00000000) refers (Special) to libinit2.o(.ARM.Collect$$libinit$$00000033) for __rt_lib_init_return
    libinit.o(.ARM.Collect$$libinit$$00000000) refers (Special) to libinit2.o(.ARM.Collect$$libinit$$0000001D) for __rt_lib_init_signal_1
    libinit.o(.ARM.Collect$$libinit$$00000000) refers (Special) to libinit2.o(.ARM.Collect$$libinit$$00000025) for __rt_lib_init_stdio_1
    libinit.o(.ARM.Collect$$libinit$$00000000) refers (Special) to libinit2.o(.ARM.Collect$$libinit$$0000000C) for __rt_lib_init_user_alloc_1
    rtexit.o(.ARM.Collect$$rtexit$$00000000) refers (Special) to rtexit2.o(.ARM.Collect$$rtexit$$00000004) for __rt_exit_exit
    rtexit.o(.ARM.Collect$$rtexit$$00000000) refers (Special) to rtexit2.o(.ARM.Collect$$rtexit$$00000003) for __rt_exit_ls
    rtexit.o(.ARM.Collect$$rtexit$$00000000) refers (Special) to rtexit2.o(.ARM.Collect$$rtexit$$00000002) for __rt_exit_prels_1
    rtexit.o(.ARM.exidx) refers (Special) to rtexit2.o(.ARM.Collect$$rtexit$$00000004) for __rt_exit_exit
    rtexit.o(.ARM.exidx) refers (Special) to rtexit2.o(.ARM.Collect$$rtexit$$00000003) for __rt_exit_ls
    rtexit.o(.ARM.exidx) refers (Special) to rtexit2.o(.ARM.Collect$$rtexit$$00000002) for __rt_exit_prels_1
    rtexit.o(.ARM.exidx) refers to rtexit.o(.ARM.Collect$$rtexit$$00000000) for .ARM.Collect$$rtexit$$00000000
    libinit2.o(.ARM.Collect$$libinit$$00000001) refers to fpinit.o(x$fpl$fpinit) for _fp_init
    libinit2.o(.ARM.Collect$$libinit$$00000010) refers to libinit2.o(.ARM.Collect$$libinit$$0000000F) for .ARM.Collect$$libinit$$0000000F
    libinit2.o(.ARM.Collect$$libinit$$00000012) refers to libinit2.o(.ARM.Collect$$libinit$$0000000F) for .ARM.Collect$$libinit$$0000000F
    libinit2.o(.ARM.Collect$$libinit$$00000014) refers to libinit2.o(.ARM.Collect$$libinit$$0000000F) for .ARM.Collect$$libinit$$0000000F
    libinit2.o(.ARM.Collect$$libinit$$00000016) refers to libinit2.o(.ARM.Collect$$libinit$$0000000F) for .ARM.Collect$$libinit$$0000000F
    libinit2.o(.ARM.Collect$$libinit$$00000018) refers to libinit2.o(.ARM.Collect$$libinit$$0000000F) for .ARM.Collect$$libinit$$0000000F
    libinit2.o(.ARM.Collect$$libinit$$00000026) refers to argv_veneer.o(.emb_text) for __ARM_argv_veneer
    libinit2.o(.ARM.Collect$$libinit$$00000027) refers to argv_veneer.o(.emb_text) for __ARM_argv_veneer
    rtexit2.o(.ARM.Collect$$rtexit$$00000003) refers to libshutdown.o(.ARM.Collect$$libshutdown$$00000000) for __rt_lib_shutdown
    rtexit2.o(.ARM.Collect$$rtexit$$00000004) refers to sys_exit.o(.text) for _sys_exit
    rtexit2.o(.ARM.exidx) refers to rtexit2.o(.ARM.Collect$$rtexit$$00000001) for .ARM.Collect$$rtexit$$00000001
    rtexit2.o(.ARM.exidx) refers to rtexit2.o(.ARM.Collect$$rtexit$$00000003) for .ARM.Collect$$rtexit$$00000003
    rtexit2.o(.ARM.exidx) refers to rtexit2.o(.ARM.Collect$$rtexit$$00000004) for .ARM.Collect$$rtexit$$00000004
    argv_veneer.o(.emb_text) refers to no_argv.o(.text) for __ARM_get_argv
    sys_exit.o(.text) refers (Special) to use_no_semi.o(.text) for __I$use$semihosting
    sys_exit.o(.text) refers (Special) to indicate_semi.o(.text) for __semihosting_library_function
    _get_argv_nomalloc.o(.text) refers (Special) to hrguard.o(.text) for __heap_region$guard
    _get_argv_nomalloc.o(.text) refers to defsig_rtmem_outer.o(.text) for __rt_SIGRTMEM
    _get_argv_nomalloc.o(.text) refers to sys_command.o(.text) for _sys_command_string
    libshutdown.o(.ARM.Collect$$libshutdown$$00000000) refers (Special) to libshutdown2.o(.ARM.Collect$$libshutdown$$00000002) for __rt_lib_shutdown_cpp_1
    libshutdown.o(.ARM.Collect$$libshutdown$$00000000) refers (Special) to libshutdown2.o(.ARM.Collect$$libshutdown$$00000007) for __rt_lib_shutdown_fp_trap_1
    libshutdown.o(.ARM.Collect$$libshutdown$$00000000) refers (Special) to libshutdown2.o(.ARM.Collect$$libshutdown$$0000000F) for __rt_lib_shutdown_heap_1
    libshutdown.o(.ARM.Collect$$libshutdown$$00000000) refers (Special) to libshutdown2.o(.ARM.Collect$$libshutdown$$00000010) for __rt_lib_shutdown_return
    libshutdown.o(.ARM.Collect$$libshutdown$$00000000) refers (Special) to libshutdown2.o(.ARM.Collect$$libshutdown$$0000000A) for __rt_lib_shutdown_signal_1
    libshutdown.o(.ARM.Collect$$libshutdown$$00000000) refers (Special) to libshutdown2.o(.ARM.Collect$$libshutdown$$00000004) for __rt_lib_shutdown_stdio_1
    libshutdown.o(.ARM.Collect$$libshutdown$$00000000) refers (Special) to libshutdown2.o(.ARM.Collect$$libshutdown$$0000000C) for __rt_lib_shutdown_user_alloc_1
    sys_command.o(.text) refers (Special) to use_no_semi.o(.text) for __I$use$semihosting
    sys_command.o(.text) refers (Special) to indicate_semi.o(.text) for __semihosting_library_function
    defsig_rtmem_outer.o(.text) refers to defsig_rtmem_inner.o(.text) for __rt_SIGRTMEM_inner
    defsig_rtmem_outer.o(.text) refers to defsig_exit.o(.text) for __sig_exit
    defsig_rtmem_formal.o(.text) refers to rt_raise.o(.text) for __rt_raise
    rt_raise.o(.text) refers to __raise.o(.text) for __raise
    rt_raise.o(.text) refers to sys_exit.o(.text) for _sys_exit
    defsig_exit.o(.text) refers to sys_exit.o(.text) for _sys_exit
    defsig_rtmem_inner.o(.text) refers to defsig_general.o(.text) for __default_signal_display
    __raise.o(.text) refers to defsig.o(CL$$defsig) for __default_signal_handler
    defsig_general.o(.text) refers to sys_wrch.o(.text) for _ttywrch
    sys_wrch.o(.text) refers (Special) to use_no_semi.o(.text) for __I$use$semihosting
    sys_wrch.o(.text) refers (Special) to indicate_semi.o(.text) for __semihosting_library_function
    defsig.o(CL$$defsig) refers to defsig_rtmem_inner.o(.text) for __rt_SIGRTMEM_inner
    defsig_abrt_inner.o(.text) refers to defsig_general.o(.text) for __default_signal_display
    defsig_fpe_inner.o(.text) refers to defsig_general.o(.text) for __default_signal_display
    defsig_rtred_inner.o(.text) refers to defsig_general.o(.text) for __default_signal_display
    defsig_stak_inner.o(.text) refers to defsig_general.o(.text) for __default_signal_display
    defsig_pvfn_inner.o(.text) refers to defsig_general.o(.text) for __default_signal_display
    defsig_cppl_inner.o(.text) refers to defsig_general.o(.text) for __default_signal_display
    defsig_segv_inner.o(.text) refers to defsig_general.o(.text) for __default_signal_display
    defsig_other.o(.text) refers to defsig_general.o(.text) for __default_signal_display


==============================================================================

Removing Unused input sections from the image.

    Removing main.o(.data), (12 bytes).
    Removing analogsensor.o(i.ReadADC), (64 bytes).
    Removing analogsensor.o(i.ReadADCChannel), (92 bytes).
    Removing analogsensor.o(.bss), (32 bytes).
    Removing controlmechanism.o(i.ControlNonOpposed), (112 bytes).
    Removing controlmechanism.o(i.ControlOpposed), (108 bytes).
    Removing controlmechanism.o(.data), (1 bytes).
    Removing fingers.o(i.check_CurrSense), (24 bytes).
    Removing fingers.o(i.control_Finger_CurrandEncoder), (110 bytes).
    Removing fingers.o(i.control_Finger_Encoder), (128 bytes).
    Removing fingers.o(i.control_Finger_Time), (76 bytes).
    Removing fingers.o(i.control_Finger_withEncoder), (94 bytes).
    Removing fingers.o(i.read_Enc_Fingers), (32 bytes).
    Removing fingers.o(.bss), (20 bytes).
    Removing fsrsignal.o(i.PrintSignal), (208 bytes).
    Removing fsrsignal.o(i.ProportionalControl), (284 bytes).
    Removing fsrsignal.o(i.SignalClassify), (120 bytes).
    Removing fsrsignal.o(i.SignalDetection), (226 bytes).
    Removing fsrsignal.o(.data), (24 bytes).
    Removing grips.o(i.ActiveIndexGrip), (40 bytes).
    Removing grips.o(i.FingerPointGrip), (40 bytes).
    Removing grips.o(i.HookGrip), (32 bytes).
    Removing grips.o(i.KeyGrip), (32 bytes).
    Removing grips.o(i.MouseGrip), (32 bytes).
    Removing grips.o(i.PowerGrip), (36 bytes).
    Removing grips.o(i.PrecisionOpenGrip), (36 bytes).
    Removing grips.o(i.ProportionalGrip), (228 bytes).
    Removing grips.o(i.RestNoppGrip), (4 bytes).
    Removing grips.o(i.RestOppGrip), (32 bytes).
    Removing grips.o(i.StopAllFinger), (24 bytes).
    Removing grips.o(i.TripodGrip), (36 bytes).
    Removing grips.o(i.initGrip), (224 bytes).
    Removing grips.o(i.makeGrip), (212 bytes).
    Removing grips.o(i.makeGripException), (216 bytes).
    Removing grips.o(.conststring), (162 bytes).
    Removing grips.o(.data), (328 bytes).
    Removing i2ccustom.o(i.I2C_read), (88 bytes).
    Removing i2ccustom.o(i.I2C_write), (92 bytes).
    Removing i2ccustom.o(i.initI2C), (104 bytes).
    Removing imu.o(i.CalibrateAcc), (212 bytes).
    Removing imu.o(i.CalibrateGyro), (212 bytes).
    Removing imu.o(i.findPitch), (164 bytes).
    Removing imu.o(i.findRoll), (104 bytes).
    Removing imu.o(i.initAcc), (84 bytes).
    Removing imu.o(i.initGyro), (42 bytes).
    Removing imu.o(i.readAcc), (356 bytes).
    Removing imu.o(i.readGyro), (356 bytes).
    Removing imu.o(i.setupIMU), (16 bytes).
    Removing imu.o(.constdata), (16 bytes).
    Removing imu.o(.data), (100 bytes).
    Removing interrupthandlers.o(i.FingerPulses), (76 bytes).
    Removing interrupthandlers.o(i.encodervalue), (144 bytes).
    Removing serialusb.o(i.UARTprintfloat), (192 bytes).
    Removing timer.o(i.micros), (12 bytes).
    Removing timer.o(i.millis), (12 bytes).
    Removing uartstdio.o(i.UARTgetc), (20 bytes).
    Removing uartstdio.o(i.UARTgets), (144 bytes).
    Removing adc.o(i.ADCBusy), (8 bytes).
    Removing adc.o(i.ADCClockConfigGet), (32 bytes).
    Removing adc.o(i.ADCClockConfigSet), (28 bytes).
    Removing adc.o(i.ADCComparatorConfigure), (10 bytes).
    Removing adc.o(i.ADCComparatorIntClear), (4 bytes).
    Removing adc.o(i.ADCComparatorIntDisable), (18 bytes).
    Removing adc.o(i.ADCComparatorIntEnable), (16 bytes).
    Removing adc.o(i.ADCComparatorIntStatus), (4 bytes).
    Removing adc.o(i.ADCComparatorRegionSet), (14 bytes).
    Removing adc.o(i.ADCComparatorReset), (40 bytes).
    Removing adc.o(i.ADCHardwareOversampleConfigure), (18 bytes).
    Removing adc.o(i.ADCIntClear), (10 bytes).
    Removing adc.o(i.ADCIntClearEx), (4 bytes).
    Removing adc.o(i.ADCIntDisable), (16 bytes).
    Removing adc.o(i.ADCIntDisableEx), (10 bytes).
    Removing adc.o(i.ADCIntEnable), (16 bytes).
    Removing adc.o(i.ADCIntEnableEx), (8 bytes).
    Removing adc.o(i.ADCIntRegister), (104 bytes).
    Removing adc.o(i.ADCIntStatus), (52 bytes).
    Removing adc.o(i.ADCIntStatusEx), (22 bytes).
    Removing adc.o(i.ADCIntUnregister), (108 bytes).
    Removing adc.o(i.ADCPhaseDelayGet), (4 bytes).
    Removing adc.o(i.ADCPhaseDelaySet), (4 bytes).
    Removing adc.o(i.ADCProcessorTrigger), (26 bytes).
    Removing adc.o(i.ADCReferenceGet), (8 bytes).
    Removing adc.o(i.ADCReferenceSet), (12 bytes).
    Removing adc.o(i.ADCSequenceDMADisable), (18 bytes).
    Removing adc.o(i.ADCSequenceDMAEnable), (16 bytes).
    Removing adc.o(i.ADCSequenceDataGet), (36 bytes).
    Removing adc.o(i.ADCSequenceOverflow), (12 bytes).
    Removing adc.o(i.ADCSequenceOverflowClear), (10 bytes).
    Removing adc.o(i.ADCSequenceUnderflow), (12 bytes).
    Removing adc.o(i.ADCSequenceUnderflowClear), (10 bytes).
    Removing adc.o(i.ADCSoftwareOversampleConfigure), (44 bytes).
    Removing adc.o(i.ADCSoftwareOversampleDataGet), (88 bytes).
    Removing adc.o(i.ADCSoftwareOversampleStepConfigure), (168 bytes).
    Removing adc.o(.data), (6 bytes).
    Removing gpio.o(i.GPIOADCTriggerDisable), (14 bytes).
    Removing gpio.o(i.GPIOADCTriggerEnable), (12 bytes).
    Removing gpio.o(i.GPIODMATriggerDisable), (14 bytes).
    Removing gpio.o(i.GPIODMATriggerEnable), (12 bytes).
    Removing gpio.o(i.GPIODirModeGet), (34 bytes).
    Removing gpio.o(i.GPIOIntRegisterPin), (30 bytes).
    Removing gpio.o(i.GPIOIntTypeGet), (68 bytes).
    Removing gpio.o(i.GPIOIntUnregister), (22 bytes).
    Removing gpio.o(i.GPIOIntUnregisterPin), (26 bytes).
    Removing gpio.o(i.GPIOPadConfigGet), (204 bytes).
    Removing gpio.o(i.GPIOPinTypeCAN), (28 bytes).
    Removing gpio.o(i.GPIOPinTypeComparator), (28 bytes).
    Removing gpio.o(i.GPIOPinTypeComparatorOutput), (28 bytes).
    Removing gpio.o(i.GPIOPinTypeDIVSCLK), (28 bytes).
    Removing gpio.o(i.GPIOPinTypeEPI), (28 bytes).
    Removing gpio.o(i.GPIOPinTypeEthernetLED), (28 bytes).
    Removing gpio.o(i.GPIOPinTypeEthernetMII), (28 bytes).
    Removing gpio.o(i.GPIOPinTypeGPIOOutputOD), (28 bytes).
    Removing gpio.o(i.GPIOPinTypeHibernateRTCCLK), (28 bytes).
    Removing gpio.o(i.GPIOPinTypeI2C), (28 bytes).
    Removing gpio.o(i.GPIOPinTypeI2CSCL), (28 bytes).
    Removing gpio.o(i.GPIOPinTypeLCD), (28 bytes).
    Removing gpio.o(i.GPIOPinTypeOneWire), (28 bytes).
    Removing gpio.o(i.GPIOPinTypeQEI), (28 bytes).
    Removing gpio.o(i.GPIOPinTypeSSI), (28 bytes).
    Removing gpio.o(i.GPIOPinTypeTimer), (28 bytes).
    Removing gpio.o(i.GPIOPinTypeTrace), (28 bytes).
    Removing gpio.o(i.GPIOPinTypeUSBAnalog), (28 bytes).
    Removing gpio.o(i.GPIOPinTypeUSBDigital), (28 bytes).
    Removing gpio.o(i.GPIOPinTypeWakeHigh), (30 bytes).
    Removing gpio.o(i.GPIOPinTypeWakeLow), (30 bytes).
    Removing gpio.o(i.GPIOPinWakeStatus), (6 bytes).
    Removing i2c.o(i.I2CFIFODataGet), (16 bytes).
    Removing i2c.o(i.I2CFIFODataGetNonBlocking), (24 bytes).
    Removing i2c.o(i.I2CFIFODataPut), (16 bytes).
    Removing i2c.o(i.I2CFIFODataPutNonBlocking), (20 bytes).
    Removing i2c.o(i.I2CFIFOStatus), (6 bytes).
    Removing i2c.o(i.I2CIntRegister), (96 bytes).
    Removing i2c.o(i.I2CIntUnregister), (96 bytes).
    Removing i2c.o(i.I2CLoopbackEnable), (10 bytes).
    Removing i2c.o(i.I2CMasterBurstCountGet), (4 bytes).
    Removing i2c.o(i.I2CMasterBurstLengthSet), (4 bytes).
    Removing i2c.o(i.I2CMasterBusBusy), (12 bytes).
    Removing i2c.o(i.I2CMasterBusy), (12 bytes).
    Removing i2c.o(i.I2CMasterControl), (4 bytes).
    Removing i2c.o(i.I2CMasterDataGet), (4 bytes).
    Removing i2c.o(i.I2CMasterDataPut), (4 bytes).
    Removing i2c.o(i.I2CMasterDisable), (10 bytes).
    Removing i2c.o(i.I2CMasterEnable), (10 bytes).
    Removing i2c.o(i.I2CMasterErr), (24 bytes).
    Removing i2c.o(i.I2CMasterGlitchFilterConfigSet), (84 bytes).
    Removing i2c.o(i.I2CMasterInitExpClk), (84 bytes).
    Removing i2c.o(i.I2CMasterIntClear), (8 bytes).
    Removing i2c.o(i.I2CMasterIntClearEx), (4 bytes).
    Removing i2c.o(i.I2CMasterIntDisable), (6 bytes).
    Removing i2c.o(i.I2CMasterIntDisableEx), (10 bytes).
    Removing i2c.o(i.I2CMasterIntEnable), (6 bytes).
    Removing i2c.o(i.I2CMasterIntEnableEx), (8 bytes).
    Removing i2c.o(i.I2CMasterIntStatus), (24 bytes).
    Removing i2c.o(i.I2CMasterIntStatusEx), (10 bytes).
    Removing i2c.o(i.I2CMasterLineStateGet), (4 bytes).
    Removing i2c.o(i.I2CMasterSlaveAddrSet), (8 bytes).
    Removing i2c.o(i.I2CMasterTimeoutSet), (4 bytes).
    Removing i2c.o(i.I2CRxFIFOConfigSet), (22 bytes).
    Removing i2c.o(i.I2CRxFIFOFlush), (14 bytes).
    Removing i2c.o(i.I2CSlaveACKOverride), (22 bytes).
    Removing i2c.o(i.I2CSlaveACKValueSet), (22 bytes).
    Removing i2c.o(i.I2CSlaveAddressSet), (24 bytes).
    Removing i2c.o(i.I2CSlaveDataGet), (6 bytes).
    Removing i2c.o(i.I2CSlaveDataPut), (6 bytes).
    Removing i2c.o(i.I2CSlaveDisable), (16 bytes).
    Removing i2c.o(i.I2CSlaveEnable), (16 bytes).
    Removing i2c.o(i.I2CSlaveFIFODisable), (8 bytes).
    Removing i2c.o(i.I2CSlaveFIFOEnable), (10 bytes).
    Removing i2c.o(i.I2CSlaveInit), (20 bytes).
    Removing i2c.o(i.I2CSlaveIntClear), (8 bytes).
    Removing i2c.o(i.I2CSlaveIntClearEx), (6 bytes).
    Removing i2c.o(i.I2CSlaveIntDisable), (14 bytes).
    Removing i2c.o(i.I2CSlaveIntDisableEx), (14 bytes).
    Removing i2c.o(i.I2CSlaveIntEnable), (14 bytes).
    Removing i2c.o(i.I2CSlaveIntEnableEx), (12 bytes).
    Removing i2c.o(i.I2CSlaveIntStatus), (28 bytes).
    Removing i2c.o(i.I2CSlaveIntStatusEx), (14 bytes).
    Removing i2c.o(i.I2CSlaveStatus), (6 bytes).
    Removing i2c.o(i.I2CTxFIFOConfigSet), (24 bytes).
    Removing i2c.o(i.I2CTxFIFOFlush), (14 bytes).
    Removing i2c.o(.constdata), (128 bytes).
    Removing interrupt.o(i.IntDisable), (100 bytes).
    Removing interrupt.o(i.IntIsEnabled), (96 bytes).
    Removing interrupt.o(i.IntMasterDisable), (14 bytes).
    Removing interrupt.o(i.IntPendClear), (68 bytes).
    Removing interrupt.o(i.IntPendSet), (84 bytes).
    Removing interrupt.o(i.IntPriorityGet), (28 bytes).
    Removing interrupt.o(i.IntPriorityGroupingGet), (36 bytes).
    Removing interrupt.o(i.IntPriorityGroupingSet), (28 bytes).
    Removing interrupt.o(i.IntPriorityMaskGet), (4 bytes).
    Removing interrupt.o(i.IntPriorityMaskSet), (4 bytes).
    Removing interrupt.o(i.IntPrioritySet), (40 bytes).
    Removing interrupt.o(i.IntTrigger), (12 bytes).
    Removing interrupt.o(i.IntUnregister), (20 bytes).
    Removing interrupt.o(i._IntDefaultHandler), (2 bytes).
    Removing pwm.o(i.PWMClockGet), (26 bytes).
    Removing pwm.o(i.PWMClockSet), (20 bytes).
    Removing pwm.o(i.PWMDeadBandDisable), (12 bytes).
    Removing pwm.o(i.PWMDeadBandEnable), (16 bytes).
    Removing pwm.o(i.PWMFaultIntClear), (8 bytes).
    Removing pwm.o(i.PWMFaultIntClearExt), (4 bytes).
    Removing pwm.o(i.PWMFaultIntRegister), (92 bytes).
    Removing pwm.o(i.PWMFaultIntUnregister), (84 bytes).
    Removing pwm.o(i.PWMGenDisable), (10 bytes).
    Removing pwm.o(i.PWMGenFaultClear), (18 bytes).
    Removing pwm.o(i.PWMGenFaultConfigure), (18 bytes).
    Removing pwm.o(i.PWMGenFaultStatus), (18 bytes).
    Removing pwm.o(i.PWMGenFaultTriggerGet), (12 bytes).
    Removing pwm.o(i.PWMGenFaultTriggerSet), (12 bytes).
    Removing pwm.o(i.PWMGenIntClear), (6 bytes).
    Removing pwm.o(i.PWMGenIntRegister), (26 bytes).
    Removing pwm.o(i.PWMGenIntStatus), (12 bytes).
    Removing pwm.o(i.PWMGenIntTrigDisable), (10 bytes).
    Removing pwm.o(i.PWMGenIntTrigEnable), (10 bytes).
    Removing pwm.o(i.PWMGenIntUnregister), (22 bytes).
    Removing pwm.o(i.PWMGenPeriodGet), (18 bytes).
    Removing pwm.o(i.PWMIntDisable), (10 bytes).
    Removing pwm.o(i.PWMIntEnable), (8 bytes).
    Removing pwm.o(i.PWMIntStatus), (10 bytes).
    Removing pwm.o(i.PWMOutputFault), (16 bytes).
    Removing pwm.o(i.PWMOutputFaultLevel), (16 bytes).
    Removing pwm.o(i.PWMOutputInvert), (16 bytes).
    Removing pwm.o(i.PWMOutputUpdateMode), (62 bytes).
    Removing pwm.o(i.PWMPulseWidthGet), (32 bytes).
    Removing pwm.o(i.PWMSyncTimeBase), (4 bytes).
    Removing pwm.o(i.PWMSyncUpdate), (4 bytes).
    Removing pwm.o(i._PWMGenIntNumberGet), (224 bytes).
    Removing sysctl.o(i.SysCtlAltClkConfig), (12 bytes).
    Removing sysctl.o(i.SysCtlClockFreqSet), (740 bytes).
    Removing sysctl.o(i.SysCtlClockOutConfig), (20 bytes).
    Removing sysctl.o(i.SysCtlDeepSleep), (32 bytes).
    Removing sysctl.o(i.SysCtlDeepSleepClockConfigSet), (112 bytes).
    Removing sysctl.o(i.SysCtlDeepSleepClockSet), (12 bytes).
    Removing sysctl.o(i.SysCtlDeepSleepPowerSet), (12 bytes).
    Removing sysctl.o(i.SysCtlFlashSectorSizeGet), (56 bytes).
    Removing sysctl.o(i.SysCtlFlashSizeGet), (56 bytes).
    Removing sysctl.o(i.SysCtlGPIOAHBDisable), (28 bytes).
    Removing sysctl.o(i.SysCtlGPIOAHBEnable), (24 bytes).
    Removing sysctl.o(i.SysCtlIntClear), (12 bytes).
    Removing sysctl.o(i.SysCtlIntDisable), (16 bytes).
    Removing sysctl.o(i.SysCtlIntEnable), (16 bytes).
    Removing sysctl.o(i.SysCtlIntRegister), (20 bytes).
    Removing sysctl.o(i.SysCtlIntStatus), (16 bytes).
    Removing sysctl.o(i.SysCtlIntUnregister), (18 bytes).
    Removing sysctl.o(i.SysCtlLDODeepSleepGet), (12 bytes).
    Removing sysctl.o(i.SysCtlLDODeepSleepSet), (12 bytes).
    Removing sysctl.o(i.SysCtlLDOSleepGet), (12 bytes).
    Removing sysctl.o(i.SysCtlLDOSleepSet), (12 bytes).
    Removing sysctl.o(i.SysCtlMOSCConfigSet), (12 bytes).
    Removing sysctl.o(i.SysCtlNMIClear), (16 bytes).
    Removing sysctl.o(i.SysCtlNMIStatus), (12 bytes).
    Removing sysctl.o(i.SysCtlPIOSCCalibrate), (76 bytes).
    Removing sysctl.o(i.SysCtlPWMClockGet), (24 bytes).
    Removing sysctl.o(i.SysCtlPeripheralClockGating), (68 bytes).
    Removing sysctl.o(i.SysCtlPeripheralDeepSleepDisable), (40 bytes).
    Removing sysctl.o(i.SysCtlPeripheralDeepSleepEnable), (40 bytes).
    Removing sysctl.o(i.SysCtlPeripheralDisable), (40 bytes).
    Removing sysctl.o(i.SysCtlPeripheralPowerOff), (40 bytes).
    Removing sysctl.o(i.SysCtlPeripheralPowerOn), (40 bytes).
    Removing sysctl.o(i.SysCtlPeripheralReset), (60 bytes).
    Removing sysctl.o(i.SysCtlPeripheralSleepDisable), (40 bytes).
    Removing sysctl.o(i.SysCtlPeripheralSleepEnable), (40 bytes).
    Removing sysctl.o(i.SysCtlReset), (16 bytes).
    Removing sysctl.o(i.SysCtlResetBehaviorGet), (12 bytes).
    Removing sysctl.o(i.SysCtlResetBehaviorSet), (12 bytes).
    Removing sysctl.o(i.SysCtlResetCauseClear), (16 bytes).
    Removing sysctl.o(i.SysCtlResetCauseGet), (12 bytes).
    Removing sysctl.o(i.SysCtlSRAMSizeGet), (16 bytes).
    Removing sysctl.o(i.SysCtlSleep), (4 bytes).
    Removing sysctl.o(i.SysCtlSleepPowerSet), (12 bytes).
    Removing sysctl.o(i.SysCtlUSBPLLDisable), (16 bytes).
    Removing sysctl.o(i.SysCtlUSBPLLEnable), (16 bytes).
    Removing sysctl.o(i.SysCtlVCOGet), (120 bytes).
    Removing sysctl.o(i.SysCtlVoltageEventClear), (16 bytes).
    Removing sysctl.o(i.SysCtlVoltageEventConfig), (12 bytes).
    Removing sysctl.o(i.SysCtlVoltageEventStatus), (12 bytes).
    Removing systick.o(i.SysTickDisable), (14 bytes).
    Removing systick.o(i.SysTickIntDisable), (14 bytes).
    Removing systick.o(i.SysTickIntUnregister), (18 bytes).
    Removing systick.o(i.SysTickPeriodGet), (10 bytes).
    Removing systick.o(i.SysTickValueGet), (8 bytes).
    Removing uart.o(i.UART9BitAddrSend), (38 bytes).
    Removing uart.o(i.UART9BitAddrSet), (10 bytes).
    Removing uart.o(i.UART9BitDisable), (14 bytes).
    Removing uart.o(i.UART9BitEnable), (14 bytes).
    Removing uart.o(i.UARTBreakCtl), (18 bytes).
    Removing uart.o(i.UARTBusy), (8 bytes).
    Removing uart.o(i.UARTCharGet), (12 bytes).
    Removing uart.o(i.UARTCharGetNonBlocking), (16 bytes).
    Removing uart.o(i.UARTCharPutNonBlocking), (16 bytes).
    Removing uart.o(i.UARTCharsAvail), (10 bytes).
    Removing uart.o(i.UARTClockSourceGet), (6 bytes).
    Removing uart.o(i.UARTConfigGetExpClk), (46 bytes).
    Removing uart.o(i.UARTDMADisable), (10 bytes).
    Removing uart.o(i.UARTDMAEnable), (8 bytes).
    Removing uart.o(i.UARTDisable), (30 bytes).
    Removing uart.o(i.UARTDisableSIR), (10 bytes).
    Removing uart.o(i.UARTEnableSIR), (18 bytes).
    Removing uart.o(i.UARTFIFODisable), (10 bytes).
    Removing uart.o(i.UARTFIFOEnable), (10 bytes).
    Removing uart.o(i.UARTFIFOLevelGet), (16 bytes).
    Removing uart.o(i.UARTFIFOLevelSet), (6 bytes).
    Removing uart.o(i.UARTFlowControlGet), (8 bytes).
    Removing uart.o(i.UARTFlowControlSet), (12 bytes).
    Removing uart.o(i.UARTIntClear), (4 bytes).
    Removing uart.o(i.UARTIntDisable), (10 bytes).
    Removing uart.o(i.UARTIntEnable), (8 bytes).
    Removing uart.o(i.UARTIntRegister), (88 bytes).
    Removing uart.o(i.UARTIntStatus), (10 bytes).
    Removing uart.o(i.UARTIntUnregister), (88 bytes).
    Removing uart.o(i.UARTLoopbackEnable), (10 bytes).
    Removing uart.o(i.UARTModemControlClear), (14 bytes).
    Removing uart.o(i.UARTModemControlGet), (8 bytes).
    Removing uart.o(i.UARTModemControlSet), (12 bytes).
    Removing uart.o(i.UARTModemStatusGet), (10 bytes).
    Removing uart.o(i.UARTParityModeGet), (8 bytes).
    Removing uart.o(i.UARTParityModeSet), (12 bytes).
    Removing uart.o(i.UARTRxErrorClear), (6 bytes).
    Removing uart.o(i.UARTRxErrorGet), (8 bytes).
    Removing uart.o(i.UARTSmartCardDisable), (10 bytes).
    Removing uart.o(i.UARTSmartCardEnable), (22 bytes).
    Removing uart.o(i.UARTSpaceAvail), (10 bytes).
    Removing uart.o(i.UARTTxIntModeGet), (8 bytes).
    Removing uart.o(i.UARTTxIntModeSet), (12 bytes).
    Removing uart.o(.constdata), (128 bytes).

325 unused section(s) (total 13555 bytes) removed from the image.

==============================================================================

Image Symbol Table

    Local Symbols

    Symbol Name                              Value     Ov Type        Size  Object(Section)

    RESET                                    0x00000000   Section      648  startup_rvmdk.o(RESET)
    ../clib/angel/boardlib.s                 0x00000000   Number         0  boardinit3.o ABSOLUTE
    ../clib/angel/boardlib.s                 0x00000000   Number         0  boardinit2.o ABSOLUTE
    ../clib/angel/boardlib.s                 0x00000000   Number         0  boardinit1.o ABSOLUTE
    ../clib/angel/boardlib.s                 0x00000000   Number         0  boardshut.o ABSOLUTE
    ../clib/angel/dczerorl.s                 0x00000000   Number         0  __dczerorl.o ABSOLUTE
    ../clib/angel/handlers.s                 0x00000000   Number         0  __scatter_zi.o ABSOLUTE
    ../clib/angel/kernel.s                   0x00000000   Number         0  __rtentry.o ABSOLUTE
    ../clib/angel/kernel.s                   0x00000000   Number         0  rtexit.o ABSOLUTE
    ../clib/angel/kernel.s                   0x00000000   Number         0  __rtentry2.o ABSOLUTE
    ../clib/angel/kernel.s                   0x00000000   Number         0  rtexit2.o ABSOLUTE
    ../clib/angel/kernel.s                   0x00000000   Number         0  __rtentry4.o ABSOLUTE
    ../clib/angel/rt.s                       0x00000000   Number         0  rt_raise.o ABSOLUTE
    ../clib/angel/rt.s                       0x00000000   Number         0  rt_errno_addr_intlibspace.o ABSOLUTE
    ../clib/angel/rt.s                       0x00000000   Number         0  rt_errno_addr.o ABSOLUTE
    ../clib/angel/scatter.s                  0x00000000   Number         0  __scatter.o ABSOLUTE
    ../clib/angel/startup.s                  0x00000000   Number         0  __main.o ABSOLUTE
    ../clib/angel/sys.s                      0x00000000   Number         0  use_no_semi.o ABSOLUTE
    ../clib/angel/sys.s                      0x00000000   Number         0  indicate_semi.o ABSOLUTE
    ../clib/angel/sys.s                      0x00000000   Number         0  sys_stackheap_outer.o ABSOLUTE
    ../clib/angel/sys.s                      0x00000000   Number         0  libspace.o ABSOLUTE
    ../clib/angel/sysapp.c                   0x00000000   Number         0  sys_wrch.o ABSOLUTE
    ../clib/angel/sysapp.c                   0x00000000   Number         0  sys_command.o ABSOLUTE
    ../clib/angel/sysapp.c                   0x00000000   Number         0  sys_exit.o ABSOLUTE
    ../clib/armsys.c                         0x00000000   Number         0  no_argv.o ABSOLUTE
    ../clib/armsys.c                         0x00000000   Number         0  _get_argv_nomalloc.o ABSOLUTE
    ../clib/armsys.c                         0x00000000   Number         0  argv_veneer.o ABSOLUTE
    ../clib/armsys.c                         0x00000000   Number         0  argv_veneer.o ABSOLUTE
    ../clib/fenv.c                           0x00000000   Number         0  _rserrno.o ABSOLUTE
    ../clib/heapalloc.c                      0x00000000   Number         0  hrguard.o ABSOLUTE
    ../clib/heapaux.c                        0x00000000   Number         0  heapauxi.o ABSOLUTE
    ../clib/libinit.s                        0x00000000   Number         0  libinit.o ABSOLUTE
    ../clib/libinit.s                        0x00000000   Number         0  libshutdown.o ABSOLUTE
    ../clib/libinit.s                        0x00000000   Number         0  libinit2.o ABSOLUTE
    ../clib/libinit.s                        0x00000000   Number         0  libshutdown2.o ABSOLUTE
    ../clib/memcpset.s                       0x00000000   Number         0  rt_memcpy_w.o ABSOLUTE
    ../clib/signal.c                         0x00000000   Number         0  defsig_abrt_inner.o ABSOLUTE
    ../clib/signal.c                         0x00000000   Number         0  defsig_fpe_inner.o ABSOLUTE
    ../clib/signal.c                         0x00000000   Number         0  defsig_general.o ABSOLUTE
    ../clib/signal.c                         0x00000000   Number         0  __raise.o ABSOLUTE
    ../clib/signal.c                         0x00000000   Number         0  defsig_rtmem_inner.o ABSOLUTE
    ../clib/signal.c                         0x00000000   Number         0  defsig_rtmem_formal.o ABSOLUTE
    ../clib/signal.c                         0x00000000   Number         0  defsig_rtmem_outer.o ABSOLUTE
    ../clib/signal.c                         0x00000000   Number         0  defsig_other.o ABSOLUTE
    ../clib/signal.c                         0x00000000   Number         0  defsig_segv_inner.o ABSOLUTE
    ../clib/signal.c                         0x00000000   Number         0  defsig_cppl_inner.o ABSOLUTE
    ../clib/signal.c                         0x00000000   Number         0  defsig_pvfn_inner.o ABSOLUTE
    ../clib/signal.c                         0x00000000   Number         0  defsig_stak_inner.o ABSOLUTE
    ../clib/signal.c                         0x00000000   Number         0  defsig_rtred_inner.o ABSOLUTE
    ../clib/signal.c                         0x00000000   Number         0  defsig_exit.o ABSOLUTE
    ../clib/signal.s                         0x00000000   Number         0  defsig.o ABSOLUTE
    ../clib/stdlib.c                         0x00000000   Number         0  exit.o ABSOLUTE
    ../fplib/basic.s                         0x00000000   Number         0  basic.o ABSOLUTE
    ../fplib/d2f.s                           0x00000000   Number         0  d2f.o ABSOLUTE
    ../fplib/daddsub.s                       0x00000000   Number         0  daddsub_clz.o ABSOLUTE
    ../fplib/dcmpi.s                         0x00000000   Number         0  dcmpi.o ABSOLUTE
    ../fplib/ddiv.s                          0x00000000   Number         0  ddiv.o ABSOLUTE
    ../fplib/dleqf.s                         0x00000000   Number         0  dleqf.o ABSOLUTE
    ../fplib/dmul.s                          0x00000000   Number         0  dmul.o ABSOLUTE
    ../fplib/dnaninf.s                       0x00000000   Number         0  dnaninf.o ABSOLUTE
    ../fplib/dretinf.s                       0x00000000   Number         0  dretinf.o ABSOLUTE
    ../fplib/dsqrt.s                         0x00000000   Number         0  dsqrt_umaal.o ABSOLUTE
    ../fplib/f2d.s                           0x00000000   Number         0  f2d.o ABSOLUTE
    ../fplib/fnaninf.s                       0x00000000   Number         0  fnaninf.o ABSOLUTE
    ../fplib/fpinit.s                        0x00000000   Number         0  fpinit.o ABSOLUTE
    ../fplib/fretinf.s                       0x00000000   Number         0  fretinf.o ABSOLUTE
    ../fplib/usenofp.s                       0x00000000   Number         0  usenofp.o ABSOLUTE
    ../mathlib/atan.c                        0x00000000   Number         0  atan_x.o ABSOLUTE
    ../mathlib/atan.c                        0x00000000   Number         0  atan.o ABSOLUTE
    ../mathlib/atan2.c                       0x00000000   Number         0  atan2.o ABSOLUTE
    ../mathlib/atan2.c                       0x00000000   Number         0  atan2_x.o ABSOLUTE
    ../mathlib/dunder.c                      0x00000000   Number         0  dunder.o ABSOLUTE
    ../mathlib/fabs.c                        0x00000000   Number         0  fabs.o ABSOLUTE
    ../mathlib/fpclassify.c                  0x00000000   Number         0  fpclassify.o ABSOLUTE
    ../mathlib/poly.c                        0x00000000   Number         0  poly.o ABSOLUTE
    ../mathlib/qnan.c                        0x00000000   Number         0  qnan.o ABSOLUTE
    ../mathlib/sqrt.c                        0x00000000   Number         0  sqrt_x.o ABSOLUTE
    ../mathlib/sqrt.c                        0x00000000   Number         0  sqrt.o ABSOLUTE
    Custom Libraries\AnalogSensor.c          0x00000000   Number         0  analogsensor.o ABSOLUTE
    Custom Libraries\ControlMechanism.c      0x00000000   Number         0  controlmechanism.o ABSOLUTE
    Custom Libraries\FSRsignal.c             0x00000000   Number         0  fsrsignal.o ABSOLUTE
    Custom Libraries\Fingers.c               0x00000000   Number         0  fingers.o ABSOLUTE
    Custom Libraries\Grips.c                 0x00000000   Number         0  grips.o ABSOLUTE
    Custom Libraries\I2Ccustom.c             0x00000000   Number         0  i2ccustom.o ABSOLUTE
    Custom Libraries\IMU.c                   0x00000000   Number         0  imu.o ABSOLUTE
    Custom Libraries\InitPorts.c             0x00000000   Number         0  initports.o ABSOLUTE
    Custom Libraries\InterruptHandlers.c     0x00000000   Number         0  interrupthandlers.o ABSOLUTE
    Custom Libraries\Motor.c                 0x00000000   Number         0  motor.o ABSOLUTE
    Custom Libraries\SerialUSB.c             0x00000000   Number         0  serialusb.o ABSOLUTE
    Custom Libraries\Timer.c                 0x00000000   Number         0  timer.o ABSOLUTE
    adc.c                                    0x00000000   Number         0  adc.o ABSOLUTE
    cpu.c                                    0x00000000   Number         0  cpu.o ABSOLUTE
    cpu.c                                    0x00000000   Number         0  cpu.o ABSOLUTE
    dc.s                                     0x00000000   Number         0  dc.o ABSOLUTE
    driverlib\startup_rvmdk.S                0x00000000   Number         0  startup_rvmdk.o ABSOLUTE
    driverlib\utils\uartstdio.c              0x00000000   Number         0  uartstdio.o ABSOLUTE
    gpio.c                                   0x00000000   Number         0  gpio.o ABSOLUTE
    i2c.c                                    0x00000000   Number         0  i2c.o ABSOLUTE
    interrupt.c                              0x00000000   Number         0  interrupt.o ABSOLUTE
    main.c                                   0x00000000   Number         0  main.o ABSOLUTE
    pwm.c                                    0x00000000   Number         0  pwm.o ABSOLUTE
    sysctl.c                                 0x00000000   Number         0  sysctl.o ABSOLUTE
    sysctl.c                                 0x00000000   Number         0  sysctl.o ABSOLUTE
    systick.c                                0x00000000   Number         0  systick.o ABSOLUTE
    uart.c                                   0x00000000   Number         0  uart.o ABSOLUTE
    $v0                                      0x0000026c   Number         0  startup_rvmdk.o(RESET)
    NmiSR                                    0x00000281   Thumb Code     0  startup_rvmdk.o(RESET)
    FaultISR                                 0x00000283   Thumb Code     0  startup_rvmdk.o(RESET)
    IntDefaultHandler                        0x00000285   Thumb Code     0  startup_rvmdk.o(RESET)
    !!!main                                  0x00000288   Section        8  __main.o(!!!main)
    !!!scatter                               0x00000290   Section       52  __scatter.o(!!!scatter)
    !!dczerorl                               0x000002c4   Section       58  __dczerorl.o(!!dczerorl)
    !!handler_zi                             0x00000300   Section       28  __scatter_zi.o(!!handler_zi)
    .ARM.Collect$$libinit$$00000000          0x0000031c   Section        2  libinit.o(.ARM.Collect$$libinit$$00000000)
    .ARM.Collect$$libinit$$00000001          0x0000031e   Section        4  libinit2.o(.ARM.Collect$$libinit$$00000001)
    .ARM.Collect$$libinit$$00000004          0x00000322   Section        0  libinit2.o(.ARM.Collect$$libinit$$00000004)
    .ARM.Collect$$libinit$$0000000A          0x00000322   Section        0  libinit2.o(.ARM.Collect$$libinit$$0000000A)
    .ARM.Collect$$libinit$$0000000C          0x00000322   Section        0  libinit2.o(.ARM.Collect$$libinit$$0000000C)
    .ARM.Collect$$libinit$$0000000E          0x00000322   Section        0  libinit2.o(.ARM.Collect$$libinit$$0000000E)
    .ARM.Collect$$libinit$$00000011          0x00000322   Section        0  libinit2.o(.ARM.Collect$$libinit$$00000011)
    .ARM.Collect$$libinit$$00000013          0x00000322   Section        0  libinit2.o(.ARM.Collect$$libinit$$00000013)
    .ARM.Collect$$libinit$$00000015          0x00000322   Section        0  libinit2.o(.ARM.Collect$$libinit$$00000015)
    .ARM.Collect$$libinit$$00000017          0x00000322   Section        0  libinit2.o(.ARM.Collect$$libinit$$00000017)
    .ARM.Collect$$libinit$$00000019          0x00000322   Section        0  libinit2.o(.ARM.Collect$$libinit$$00000019)
    .ARM.Collect$$libinit$$0000001B          0x00000322   Section        0  libinit2.o(.ARM.Collect$$libinit$$0000001B)
    .ARM.Collect$$libinit$$0000001D          0x00000322   Section        0  libinit2.o(.ARM.Collect$$libinit$$0000001D)
    .ARM.Collect$$libinit$$0000001F          0x00000322   Section        0  libinit2.o(.ARM.Collect$$libinit$$0000001F)
    .ARM.Collect$$libinit$$00000021          0x00000322   Section        0  libinit2.o(.ARM.Collect$$libinit$$00000021)
    .ARM.Collect$$libinit$$00000023          0x00000322   Section        0  libinit2.o(.ARM.Collect$$libinit$$00000023)
    .ARM.Collect$$libinit$$00000025          0x00000322   Section        0  libinit2.o(.ARM.Collect$$libinit$$00000025)
    .ARM.Collect$$libinit$$0000002C          0x00000322   Section        0  libinit2.o(.ARM.Collect$$libinit$$0000002C)
    .ARM.Collect$$libinit$$0000002E          0x00000322   Section        0  libinit2.o(.ARM.Collect$$libinit$$0000002E)
    .ARM.Collect$$libinit$$00000030          0x00000322   Section        0  libinit2.o(.ARM.Collect$$libinit$$00000030)
    .ARM.Collect$$libinit$$00000032          0x00000322   Section        0  libinit2.o(.ARM.Collect$$libinit$$00000032)
    .ARM.Collect$$libinit$$00000033          0x00000322   Section        2  libinit2.o(.ARM.Collect$$libinit$$00000033)
    .ARM.Collect$$libshutdown$$00000000      0x00000324   Section        2  libshutdown.o(.ARM.Collect$$libshutdown$$00000000)
    .ARM.Collect$$libshutdown$$00000002      0x00000326   Section        0  libshutdown2.o(.ARM.Collect$$libshutdown$$00000002)
    .ARM.Collect$$libshutdown$$00000004      0x00000326   Section        0  libshutdown2.o(.ARM.Collect$$libshutdown$$00000004)
    .ARM.Collect$$libshutdown$$00000007      0x00000326   Section        0  libshutdown2.o(.ARM.Collect$$libshutdown$$00000007)
    .ARM.Collect$$libshutdown$$0000000A      0x00000326   Section        0  libshutdown2.o(.ARM.Collect$$libshutdown$$0000000A)
    .ARM.Collect$$libshutdown$$0000000C      0x00000326   Section        0  libshutdown2.o(.ARM.Collect$$libshutdown$$0000000C)
    .ARM.Collect$$libshutdown$$0000000F      0x00000326   Section        0  libshutdown2.o(.ARM.Collect$$libshutdown$$0000000F)
    .ARM.Collect$$libshutdown$$00000010      0x00000326   Section        2  libshutdown2.o(.ARM.Collect$$libshutdown$$00000010)
    .ARM.Collect$$rtentry$$00000000          0x00000328   Section        0  __rtentry.o(.ARM.Collect$$rtentry$$00000000)
    .ARM.Collect$$rtentry$$00000002          0x00000328   Section        0  __rtentry2.o(.ARM.Collect$$rtentry$$00000002)
    .ARM.Collect$$rtentry$$00000004          0x00000328   Section        6  __rtentry4.o(.ARM.Collect$$rtentry$$00000004)
    .ARM.Collect$$rtentry$$00000009          0x0000032e   Section        0  __rtentry2.o(.ARM.Collect$$rtentry$$00000009)
    .ARM.Collect$$rtentry$$0000000A          0x0000032e   Section        4  __rtentry2.o(.ARM.Collect$$rtentry$$0000000A)
    .ARM.Collect$$rtentry$$0000000C          0x00000332   Section        0  __rtentry2.o(.ARM.Collect$$rtentry$$0000000C)
    .ARM.Collect$$rtentry$$0000000D          0x00000332   Section        8  __rtentry2.o(.ARM.Collect$$rtentry$$0000000D)
    .ARM.Collect$$rtexit$$00000000           0x0000033a   Section        2  rtexit.o(.ARM.Collect$$rtexit$$00000000)
    .ARM.Collect$$rtexit$$00000002           0x0000033c   Section        0  rtexit2.o(.ARM.Collect$$rtexit$$00000002)
    .ARM.Collect$$rtexit$$00000003           0x0000033c   Section        4  rtexit2.o(.ARM.Collect$$rtexit$$00000003)
    .ARM.Collect$$rtexit$$00000004           0x00000340   Section        6  rtexit2.o(.ARM.Collect$$rtexit$$00000004)
    .emb_text                                0x00000348   Section        6  sysctl.o(.emb_text)
    $v0                                      0x00000348   Number         0  sysctl.o(.emb_text)
    .emb_text                                0x00000350   Section       38  cpu.o(.emb_text)
    $v0                                      0x00000350   Number         0  cpu.o(.emb_text)
    .text                                    0x00000378   Section       24  startup_rvmdk.o(.text)
    $v0                                      0x00000378   Number         0  startup_rvmdk.o(.text)
    .text                                    0x00000390   Section        0  heapauxi.o(.text)
    .text                                    0x00000398   Section        8  libspace.o(.text)
    .text                                    0x000003a0   Section       74  sys_stackheap_outer.o(.text)
    .text                                    0x000003ea   Section        0  exit.o(.text)
    .text                                    0x000003fc   Section        0  sys_exit.o(.text)
    .text                                    0x00000408   Section        2  use_no_semi.o(.text)
    .text                                    0x0000040a   Section        0  indicate_semi.o(.text)
    i.ADCSequenceConfigure                   0x0000040a   Section        0  adc.o(i.ADCSequenceConfigure)
    i.ADCSequenceDisable                     0x0000046a   Section        0  adc.o(i.ADCSequenceDisable)
    i.ADCSequenceEnable                      0x0000047a   Section        0  adc.o(i.ADCSequenceEnable)
    i.ADCSequenceStepConfigure               0x00000488   Section        0  adc.o(i.ADCSequenceStepConfigure)
    i.GPIODirModeSet                         0x00000522   Section        0  gpio.o(i.GPIODirModeSet)
    i.GPIOIntClear                           0x0000054a   Section        0  gpio.o(i.GPIOIntClear)
    i.GPIOIntDisable                         0x00000550   Section        0  gpio.o(i.GPIOIntDisable)
    i.GPIOIntEnable                          0x0000055e   Section        0  gpio.o(i.GPIOIntEnable)
    i.GPIOIntRegister                        0x0000056a   Section        0  gpio.o(i.GPIOIntRegister)
    i.GPIOIntStatus                          0x00000584   Section        0  gpio.o(i.GPIOIntStatus)
    i.GPIOIntTypeSet                         0x00000592   Section        0  gpio.o(i.GPIOIntTypeSet)
    i.GPIOPadConfigSet                       0x000005e2   Section        0  gpio.o(i.GPIOPadConfigSet)
    i.GPIOPinConfigure                       0x0000071c   Section        0  gpio.o(i.GPIOPinConfigure)
    i.GPIOPinRead                            0x00000760   Section        0  gpio.o(i.GPIOPinRead)
    i.GPIOPinTypeADC                         0x00000766   Section        0  gpio.o(i.GPIOPinTypeADC)
    i.GPIOPinTypeGPIOInput                   0x00000782   Section        0  gpio.o(i.GPIOPinTypeGPIOInput)
    i.GPIOPinTypeGPIOOutput                  0x0000079e   Section        0  gpio.o(i.GPIOPinTypeGPIOOutput)
    i.GPIOPinTypePWM                         0x000007ba   Section        0  gpio.o(i.GPIOPinTypePWM)
    i.GPIOPinTypeUART                        0x000007d6   Section        0  gpio.o(i.GPIOPinTypeUART)
    i.GPIOPinWrite                           0x000007f2   Section        0  gpio.o(i.GPIOPinWrite)
    i.InitEnoderVal                          0x000007f8   Section        0  interrupthandlers.o(i.InitEnoderVal)
    i.IntEnable                              0x00000850   Section        0  interrupt.o(i.IntEnable)
    i.IntMasterEnable                        0x000008b4   Section        0  interrupt.o(i.IntMasterEnable)
    i.IntRegister                            0x000008c4   Section        0  interrupt.o(i.IntRegister)
    i.PWMGenConfigure                        0x000008f8   Section        0  pwm.o(i.PWMGenConfigure)
    i.PWMGenEnable                           0x0000091e   Section        0  pwm.o(i.PWMGenEnable)
    i.PWMGenPeriodSet                        0x00000928   Section        0  pwm.o(i.PWMGenPeriodSet)
    i.PWMOutputState                         0x0000093a   Section        0  pwm.o(i.PWMOutputState)
    i.PWMPulseWidthSet                       0x0000094a   Section        0  pwm.o(i.PWMPulseWidthSet)
    i.PortCIntHandler                        0x0000096c   Section        0  interrupthandlers.o(i.PortCIntHandler)
    i.PortDIntHandler                        0x000009fc   Section        0  interrupthandlers.o(i.PortDIntHandler)
    i.SysCtlClockGet                         0x00000ad0   Section        0  sysctl.o(i.SysCtlClockGet)
    i.SysCtlClockSet                         0x00000c24   Section        0  sysctl.o(i.SysCtlClockSet)
    i.SysCtlPWMClockSet                      0x00000d44   Section        0  sysctl.o(i.SysCtlPWMClockSet)
    i.SysCtlPeripheralEnable                 0x00000d58   Section        0  sysctl.o(i.SysCtlPeripheralEnable)
    i.SysCtlPeripheralPresent                0x00000d80   Section        0  sysctl.o(i.SysCtlPeripheralPresent)
    i.SysCtlPeripheralReady                  0x00000dac   Section        0  sysctl.o(i.SysCtlPeripheralReady)
    i.SysTickEnable                          0x00000dd8   Section        0  systick.o(i.SysTickEnable)
    i.SysTickIntEnable                       0x00000de6   Section        0  systick.o(i.SysTickIntEnable)
    i.SysTickIntHandler                      0x00000df4   Section        0  interrupthandlers.o(i.SysTickIntHandler)
    i.SysTickIntRegister                     0x00000e04   Section        0  systick.o(i.SysTickIntRegister)
    i.SysTickPeriodSet                       0x00000e1c   Section        0  systick.o(i.SysTickPeriodSet)
    i.UARTCharPut                            0x00000e26   Section        0  uart.o(i.UARTCharPut)
    i.UARTClockSourceSet                     0x00000e32   Section        0  uart.o(i.UARTClockSourceSet)
    i.UARTConfigSetExpClk                    0x00000e38   Section        0  uart.o(i.UARTConfigSetExpClk)
    i.UARTEnable                             0x00000ea6   Section        0  uart.o(i.UARTEnable)
    i.UARTStdioConfig                        0x00000ebc   Section        0  uartstdio.o(i.UARTStdioConfig)
    i.UARTprintf                             0x00000f0c   Section        0  uartstdio.o(i.UARTprintf)
    i.UARTvprintf                            0x00000f28   Section        0  uartstdio.o(i.UARTvprintf)
    i.UARTwrite                              0x00001178   Section        0  uartstdio.o(i.UARTwrite)
    i._GPIOIntNumberGet                      0x000011ac   Section        0  gpio.o(i._GPIOIntNumberGet)
    _GPIOIntNumberGet                        0x000011ad   Thumb Code    62  gpio.o(i._GPIOIntNumberGet)
    i.control_Finger                         0x000011fc   Section        0  fingers.o(i.control_Finger)
    i.delay                                  0x00001218   Section        0  timer.o(i.delay)
    i.initADC                                0x0000123c   Section        0  analogsensor.o(i.initADC)
    i.initSysTick                            0x000012fc   Section        0  timer.o(i.initSysTick)
    i.init_encoders                          0x0000132c   Section        0  motor.o(i.init_encoders)
    i.init_motors                            0x00001424   Section        0  motor.o(i.init_motors)
    i.initallPorts                           0x000015fc   Section        0  initports.o(i.initallPorts)
    i.main                                   0x00001684   Section        0  main.o(i.main)
    i.motorDirection                         0x000016b0   Section        0  motor.o(i.motorDirection)
    i.motorPWM                               0x00001768   Section        0  motor.o(i.motorPWM)
    i.serialBegin                            0x000018b0   Section        0  serialusb.o(i.serialBegin)
    i.setup                                  0x00001924   Section        0  main.o(i.setup)
    x$fpl$fpinit                             0x0000194c   Section       10  fpinit.o(x$fpl$fpinit)
    $v0                                      0x0000194c   Number         0  fpinit.o(x$fpl$fpinit)
    .constdata                               0x00001958   Section       28  uartstdio.o(.constdata)
    g_pcHex                                  0x00001958   Data           4  uartstdio.o(.constdata)
    g_ui32UARTBase                           0x0000195c   Data          12  uartstdio.o(.constdata)
    g_ui32UARTPeriph                         0x00001968   Data          12  uartstdio.o(.constdata)
    .constdata                               0x00001974   Section      552  gpio.o(.constdata)
    g_ppui32GPIOIntMapBlizzard               0x00001974   Data         192  gpio.o(.constdata)
    g_ppui32GPIOIntMapSnowflake              0x00001a34   Data         216  gpio.o(.constdata)
    g_pui32GPIOBaseAddrs                     0x00001b0c   Data         144  gpio.o(.constdata)
    .constdata                               0x00001b9c   Section      268  interrupt.o(.constdata)
    g_pui32Priority                          0x00001b9c   Data          32  interrupt.o(.constdata)
    g_pui32Regs                              0x00001bbc   Data         156  interrupt.o(.constdata)
    g_pui32EnRegs                            0x00001c58   Data          20  interrupt.o(.constdata)
    g_pui32Dii16Regs                         0x00001c6c   Data          20  interrupt.o(.constdata)
    g_pui32PendRegs                          0x00001c80   Data          20  interrupt.o(.constdata)
    g_pui32UnpendRegs                        0x00001c94   Data          20  interrupt.o(.constdata)
    .constdata                               0x00001ca8   Section      596  sysctl.o(.constdata)
    g_pui32VCOFrequencies                    0x00001ca8   Data           8  sysctl.o(.constdata)
    g_pui32Xtals                             0x00001cb0   Data         108  sysctl.o(.constdata)
    g_pppui32XTALtoVCO                       0x00001d1c   Data         432  sysctl.o(.constdata)
    g_sXTALtoMEMTIM                          0x00001ecc   Data          48  sysctl.o(.constdata)
    .conststring                             0x00001efc   Section       17  uartstdio.o(.conststring)
    .data                                    0x20000000   Section       52  interrupthandlers.o(.data)
    .data                                    0x20000034   Section        5  motor.o(.data)
    .data                                    0x2000003c   Section        4  timer.o(.data)
    .data                                    0x20000040   Section        5  uartstdio.o(.data)
    g_ui32Base                               0x20000040   Data           4  uartstdio.o(.data)
    bLastWasCR                               0x20000044   Data           1  uartstdio.o(.data)
    vtable                                   0x20000400   Section      620  interrupt.o(vtable)
    g_pfnRAMVectors                          0x20000400   Data         620  interrupt.o(vtable)
    .bss                                     0x2000066c   Section       96  libspace.o(.bss)
    HEAP                                     0x200006d0   Section        0  startup_rvmdk.o(HEAP)
    STACK                                    0x200006d0   Section      512  startup_rvmdk.o(STACK)
    HeapMem                                  0x200006d0   Data           0  startup_rvmdk.o(HEAP)
    StackMem                                 0x200006d0   Data           0  startup_rvmdk.o(STACK)

    Global Symbols

    Symbol Name                              Value     Ov Type        Size  Object(Section)

    BuildAttributes$$THM_ISAv4$E$P$D$K$B$S$7EM$VFPi3$EXTD16$VFPS$VFMA$PE$A:L22UL41UL21$X:L11$S22US41US21$IEEE1$IW$USESV6$~STKCKD$USESV7$~SHL$OTIME$ROPI$IEEEX$EBA8$UX$STANDARDLIB$REQ8$PRES8$EABIv2 0x00000000   Number         0  anon$$obj.o ABSOLUTE
    __ARM_use_no_argv                        0x00000000   Number         0  main.o ABSOLUTE
    __Vectors                                0x00000000   Data           0  startup_rvmdk.o(RESET)
    __ARM_exceptions_init                     - Undefined Weak Reference
    __alloca_initialize                       - Undefined Weak Reference
    __arm_preinit_                            - Undefined Weak Reference
    __cpp_initialize__aeabi_                  - Undefined Weak Reference
    __cxa_finalize                            - Undefined Weak Reference
    __rt_locale                               - Undefined Weak Reference
    __sigvec_lookup                           - Undefined Weak Reference
    _atexit_init                              - Undefined Weak Reference
    _call_atexit_fns                          - Undefined Weak Reference
    _clock_init                               - Undefined Weak Reference
    _fp_trap_init                             - Undefined Weak Reference
    _fp_trap_shutdown                         - Undefined Weak Reference
    _get_lc_collate                           - Undefined Weak Reference
    _get_lc_ctype                             - Undefined Weak Reference
    _get_lc_monetary                          - Undefined Weak Reference
    _get_lc_numeric                           - Undefined Weak Reference
    _get_lc_time                              - Undefined Weak Reference
    _getenv_init                              - Undefined Weak Reference
    _handle_redirection                       - Undefined Weak Reference
    _init_alloc                               - Undefined Weak Reference
    _init_user_alloc                          - Undefined Weak Reference
    _initio                                   - Undefined Weak Reference
    _rand_init                                - Undefined Weak Reference
    _signal_finish                            - Undefined Weak Reference
    _signal_init                              - Undefined Weak Reference
    _terminate_alloc                          - Undefined Weak Reference
    _terminate_user_alloc                     - Undefined Weak Reference
    _terminateio                              - Undefined Weak Reference
    Reset_Handler                            0x0000026d   Thumb Code     0  startup_rvmdk.o(RESET)
    __main                                   0x00000289   Thumb Code     8  __main.o(!!!main)
    __scatterload                            0x00000291   Thumb Code     0  __scatter.o(!!!scatter)
    __scatterload_rt2                        0x00000291   Thumb Code    44  __scatter.o(!!!scatter)
    __scatterload_rt2_thumb_only             0x00000291   Thumb Code     0  __scatter.o(!!!scatter)
    __scatterload_null                       0x0000029f   Thumb Code     0  __scatter.o(!!!scatter)
    __decompress                             0x000002c5   Thumb Code    58  __dczerorl.o(!!dczerorl)
    __decompress0                            0x000002c5   Thumb Code     0  __dczerorl.o(!!dczerorl)
    __scatterload_zeroinit                   0x00000301   Thumb Code    28  __scatter_zi.o(!!handler_zi)
    __rt_lib_init                            0x0000031d   Thumb Code     0  libinit.o(.ARM.Collect$$libinit$$00000000)
    __rt_lib_init_fp_1                       0x0000031f   Thumb Code     0  libinit2.o(.ARM.Collect$$libinit$$00000001)
    __rt_lib_init_alloca_1                   0x00000323   Thumb Code     0  libinit2.o(.ARM.Collect$$libinit$$0000002E)
    __rt_lib_init_argv_1                     0x00000323   Thumb Code     0  libinit2.o(.ARM.Collect$$libinit$$0000002C)
    __rt_lib_init_atexit_1                   0x00000323   Thumb Code     0  libinit2.o(.ARM.Collect$$libinit$$0000001B)
    __rt_lib_init_clock_1                    0x00000323   Thumb Code     0  libinit2.o(.ARM.Collect$$libinit$$00000021)
    __rt_lib_init_cpp_1                      0x00000323   Thumb Code     0  libinit2.o(.ARM.Collect$$libinit$$00000032)
    __rt_lib_init_exceptions_1               0x00000323   Thumb Code     0  libinit2.o(.ARM.Collect$$libinit$$00000030)
    __rt_lib_init_fp_trap_1                  0x00000323   Thumb Code     0  libinit2.o(.ARM.Collect$$libinit$$0000001F)
    __rt_lib_init_getenv_1                   0x00000323   Thumb Code     0  libinit2.o(.ARM.Collect$$libinit$$00000023)
    __rt_lib_init_heap_1                     0x00000323   Thumb Code     0  libinit2.o(.ARM.Collect$$libinit$$0000000A)
    __rt_lib_init_lc_collate_1               0x00000323   Thumb Code     0  libinit2.o(.ARM.Collect$$libinit$$00000011)
    __rt_lib_init_lc_ctype_1                 0x00000323   Thumb Code     0  libinit2.o(.ARM.Collect$$libinit$$00000013)
    __rt_lib_init_lc_monetary_1              0x00000323   Thumb Code     0  libinit2.o(.ARM.Collect$$libinit$$00000015)
    __rt_lib_init_lc_numeric_1               0x00000323   Thumb Code     0  libinit2.o(.ARM.Collect$$libinit$$00000017)
    __rt_lib_init_lc_time_1                  0x00000323   Thumb Code     0  libinit2.o(.ARM.Collect$$libinit$$00000019)
    __rt_lib_init_preinit_1                  0x00000323   Thumb Code     0  libinit2.o(.ARM.Collect$$libinit$$00000004)
    __rt_lib_init_rand_1                     0x00000323   Thumb Code     0  libinit2.o(.ARM.Collect$$libinit$$0000000E)
    __rt_lib_init_return                     0x00000323   Thumb Code     0  libinit2.o(.ARM.Collect$$libinit$$00000033)
    __rt_lib_init_signal_1                   0x00000323   Thumb Code     0  libinit2.o(.ARM.Collect$$libinit$$0000001D)
    __rt_lib_init_stdio_1                    0x00000323   Thumb Code     0  libinit2.o(.ARM.Collect$$libinit$$00000025)
    __rt_lib_init_user_alloc_1               0x00000323   Thumb Code     0  libinit2.o(.ARM.Collect$$libinit$$0000000C)
    __rt_lib_shutdown                        0x00000325   Thumb Code     0  libshutdown.o(.ARM.Collect$$libshutdown$$00000000)
    __rt_lib_shutdown_cpp_1                  0x00000327   Thumb Code     0  libshutdown2.o(.ARM.Collect$$libshutdown$$00000002)
    __rt_lib_shutdown_fp_trap_1              0x00000327   Thumb Code     0  libshutdown2.o(.ARM.Collect$$libshutdown$$00000007)
    __rt_lib_shutdown_heap_1                 0x00000327   Thumb Code     0  libshutdown2.o(.ARM.Collect$$libshutdown$$0000000F)
    __rt_lib_shutdown_return                 0x00000327   Thumb Code     0  libshutdown2.o(.ARM.Collect$$libshutdown$$00000010)
    __rt_lib_shutdown_signal_1               0x00000327   Thumb Code     0  libshutdown2.o(.ARM.Collect$$libshutdown$$0000000A)
    __rt_lib_shutdown_stdio_1                0x00000327   Thumb Code     0  libshutdown2.o(.ARM.Collect$$libshutdown$$00000004)
    __rt_lib_shutdown_user_alloc_1           0x00000327   Thumb Code     0  libshutdown2.o(.ARM.Collect$$libshutdown$$0000000C)
    __rt_entry                               0x00000329   Thumb Code     0  __rtentry.o(.ARM.Collect$$rtentry$$00000000)
    __rt_entry_presh_1                       0x00000329   Thumb Code     0  __rtentry2.o(.ARM.Collect$$rtentry$$00000002)
    __rt_entry_sh                            0x00000329   Thumb Code     0  __rtentry4.o(.ARM.Collect$$rtentry$$00000004)
    __rt_entry_li                            0x0000032f   Thumb Code     0  __rtentry2.o(.ARM.Collect$$rtentry$$0000000A)
    __rt_entry_postsh_1                      0x0000032f   Thumb Code     0  __rtentry2.o(.ARM.Collect$$rtentry$$00000009)
    __rt_entry_main                          0x00000333   Thumb Code     0  __rtentry2.o(.ARM.Collect$$rtentry$$0000000D)
    __rt_entry_postli_1                      0x00000333   Thumb Code     0  __rtentry2.o(.ARM.Collect$$rtentry$$0000000C)
    __rt_exit                                0x0000033b   Thumb Code     0  rtexit.o(.ARM.Collect$$rtexit$$00000000)
    __rt_exit_ls                             0x0000033d   Thumb Code     0  rtexit2.o(.ARM.Collect$$rtexit$$00000003)
    __rt_exit_prels_1                        0x0000033d   Thumb Code     0  rtexit2.o(.ARM.Collect$$rtexit$$00000002)
    __rt_exit_exit                           0x00000341   Thumb Code     0  rtexit2.o(.ARM.Collect$$rtexit$$00000004)
    SysCtlDelay                              0x00000349   Thumb Code     6  sysctl.o(.emb_text)
    CPUcpsid                                 0x00000351   Thumb Code     8  cpu.o(.emb_text)
    CPUprimask                               0x00000359   Thumb Code     6  cpu.o(.emb_text)
    CPUcpsie                                 0x0000035f   Thumb Code     8  cpu.o(.emb_text)
    CPUwfi                                   0x00000367   Thumb Code     4  cpu.o(.emb_text)
    CPUbasepriSet                            0x0000036b   Thumb Code     6  cpu.o(.emb_text)
    CPUbasepriGet                            0x00000371   Thumb Code     6  cpu.o(.emb_text)
    __user_initial_stackheap                 0x00000379   Thumb Code     0  startup_rvmdk.o(.text)
    __use_two_region_memory                  0x00000391   Thumb Code     2  heapauxi.o(.text)
    __rt_heap_escrow$2region                 0x00000393   Thumb Code     2  heapauxi.o(.text)
    __rt_heap_expand$2region                 0x00000395   Thumb Code     2  heapauxi.o(.text)
    __user_libspace                          0x00000399   Thumb Code     8  libspace.o(.text)
    __user_perproc_libspace                  0x00000399   Thumb Code     0  libspace.o(.text)
    __user_perthread_libspace                0x00000399   Thumb Code     0  libspace.o(.text)
    __user_setup_stackheap                   0x000003a1   Thumb Code    74  sys_stackheap_outer.o(.text)
    exit                                     0x000003eb   Thumb Code    18  exit.o(.text)
    _sys_exit                                0x000003fd   Thumb Code     8  sys_exit.o(.text)
    __I$use$semihosting                      0x00000409   Thumb Code     0  use_no_semi.o(.text)
    __use_no_semihosting_swi                 0x00000409   Thumb Code     2  use_no_semi.o(.text)
    ADCSequenceConfigure                     0x0000040b   Thumb Code    96  adc.o(i.ADCSequenceConfigure)
    __semihosting_library_function           0x0000040b   Thumb Code     0  indicate_semi.o(.text)
    ADCSequenceDisable                       0x0000046b   Thumb Code    16  adc.o(i.ADCSequenceDisable)
    ADCSequenceEnable                        0x0000047b   Thumb Code    14  adc.o(i.ADCSequenceEnable)
    ADCSequenceStepConfigure                 0x00000489   Thumb Code   154  adc.o(i.ADCSequenceStepConfigure)
    GPIODirModeSet                           0x00000523   Thumb Code    40  gpio.o(i.GPIODirModeSet)
    GPIOIntClear                             0x0000054b   Thumb Code     6  gpio.o(i.GPIOIntClear)
    GPIOIntDisable                           0x00000551   Thumb Code    14  gpio.o(i.GPIOIntDisable)
    GPIOIntEnable                            0x0000055f   Thumb Code    12  gpio.o(i.GPIOIntEnable)
    GPIOIntRegister                          0x0000056b   Thumb Code    26  gpio.o(i.GPIOIntRegister)
    GPIOIntStatus                            0x00000585   Thumb Code    14  gpio.o(i.GPIOIntStatus)
    GPIOIntTypeSet                           0x00000593   Thumb Code    80  gpio.o(i.GPIOIntTypeSet)
    GPIOPadConfigSet                         0x000005e3   Thumb Code   312  gpio.o(i.GPIOPadConfigSet)
    GPIOPinConfigure                         0x0000071d   Thumb Code    60  gpio.o(i.GPIOPinConfigure)
    GPIOPinRead                              0x00000761   Thumb Code     6  gpio.o(i.GPIOPinRead)
    GPIOPinTypeADC                           0x00000767   Thumb Code    28  gpio.o(i.GPIOPinTypeADC)
    GPIOPinTypeGPIOInput                     0x00000783   Thumb Code    28  gpio.o(i.GPIOPinTypeGPIOInput)
    GPIOPinTypeGPIOOutput                    0x0000079f   Thumb Code    28  gpio.o(i.GPIOPinTypeGPIOOutput)
    GPIOPinTypePWM                           0x000007bb   Thumb Code    28  gpio.o(i.GPIOPinTypePWM)
    GPIOPinTypeUART                          0x000007d7   Thumb Code    28  gpio.o(i.GPIOPinTypeUART)
    GPIOPinWrite                             0x000007f3   Thumb Code     6  gpio.o(i.GPIOPinWrite)
    InitEnoderVal                            0x000007f9   Thumb Code    46  interrupthandlers.o(i.InitEnoderVal)
    IntEnable                                0x00000851   Thumb Code    92  interrupt.o(i.IntEnable)
    IntMasterEnable                          0x000008b5   Thumb Code    14  interrupt.o(i.IntMasterEnable)
    IntRegister                              0x000008c5   Thumb Code    44  interrupt.o(i.IntRegister)
    PWMGenConfigure                          0x000008f9   Thumb Code    38  pwm.o(i.PWMGenConfigure)
    PWMGenEnable                             0x0000091f   Thumb Code    10  pwm.o(i.PWMGenEnable)
    PWMGenPeriodSet                          0x00000929   Thumb Code    18  pwm.o(i.PWMGenPeriodSet)
    PWMOutputState                           0x0000093b   Thumb Code    16  pwm.o(i.PWMOutputState)
    PWMPulseWidthSet                         0x0000094b   Thumb Code    32  pwm.o(i.PWMPulseWidthSet)
    PortCIntHandler                          0x0000096d   Thumb Code   130  interrupthandlers.o(i.PortCIntHandler)
    PortDIntHandler                          0x000009fd   Thumb Code   188  interrupthandlers.o(i.PortDIntHandler)
    SysCtlClockGet                           0x00000ad1   Thumb Code   304  sysctl.o(i.SysCtlClockGet)
    SysCtlClockSet                           0x00000c25   Thumb Code   270  sysctl.o(i.SysCtlClockSet)
    SysCtlPWMClockSet                        0x00000d45   Thumb Code    14  sysctl.o(i.SysCtlPWMClockSet)
    SysCtlPeripheralEnable                   0x00000d59   Thumb Code    36  sysctl.o(i.SysCtlPeripheralEnable)
    SysCtlPeripheralPresent                  0x00000d81   Thumb Code    40  sysctl.o(i.SysCtlPeripheralPresent)
    SysCtlPeripheralReady                    0x00000dad   Thumb Code    40  sysctl.o(i.SysCtlPeripheralReady)
    SysTickEnable                            0x00000dd9   Thumb Code    14  systick.o(i.SysTickEnable)
    SysTickIntEnable                         0x00000de7   Thumb Code    14  systick.o(i.SysTickIntEnable)
    SysTickIntHandler                        0x00000df5   Thumb Code    12  interrupthandlers.o(i.SysTickIntHandler)
    SysTickIntRegister                       0x00000e05   Thumb Code    24  systick.o(i.SysTickIntRegister)
    SysTickPeriodSet                         0x00000e1d   Thumb Code    10  systick.o(i.SysTickPeriodSet)
    UARTCharPut                              0x00000e27   Thumb Code    12  uart.o(i.UARTCharPut)
    UARTClockSourceSet                       0x00000e33   Thumb Code     6  uart.o(i.UARTClockSourceSet)
    UARTConfigSetExpClk                      0x00000e39   Thumb Code   110  uart.o(i.UARTConfigSetExpClk)
    UARTEnable                               0x00000ea7   Thumb Code    20  uart.o(i.UARTEnable)
    UARTStdioConfig                          0x00000ebd   Thumb Code    68  uartstdio.o(i.UARTStdioConfig)
    UARTprintf                               0x00000f0d   Thumb Code    26  uartstdio.o(i.UARTprintf)
    UARTvprintf                              0x00000f29   Thumb Code   574  uartstdio.o(i.UARTvprintf)
    UARTwrite                                0x00001179   Thumb Code    46  uartstdio.o(i.UARTwrite)
    control_Finger                           0x000011fd   Thumb Code    26  fingers.o(i.control_Finger)
    delay                                    0x00001219   Thumb Code    26  timer.o(i.delay)
    initADC                                  0x0000123d   Thumb Code   170  analogsensor.o(i.initADC)
    initSysTick                              0x000012fd   Thumb Code    42  timer.o(i.initSysTick)
    init_encoders                            0x0000132d   Thumb Code   230  motor.o(i.init_encoders)
    init_motors                              0x00001425   Thumb Code   426  motor.o(i.init_motors)
    initallPorts                             0x000015fd   Thumb Code   132  initports.o(i.initallPorts)
    main                                     0x00001685   Thumb Code    44  main.o(i.main)
    motorDirection                           0x000016b1   Thumb Code   172  motor.o(i.motorDirection)
    motorPWM                                 0x00001769   Thumb Code   302  motor.o(i.motorPWM)
    serialBegin                              0x000018b1   Thumb Code    72  serialusb.o(i.serialBegin)
    setup                                    0x00001925   Thumb Code    34  main.o(i.setup)
    _fp_init                                 0x0000194d   Thumb Code    10  fpinit.o(x$fpl$fpinit)
    __fplib_config_fpu_vfp                   0x00001955   Thumb Code     0  fpinit.o(x$fpl$fpinit)
    __fplib_config_pureend_doubles           0x00001955   Thumb Code     0  fpinit.o(x$fpl$fpinit)
    Region$$Table$$Base                      0x00001f10   Number         0  anon$$obj.o(Region$$Table)
    Region$$Table$$Limit                     0x00001f30   Number         0  anon$$obj.o(Region$$Table)
    countA1                                  0x20000000   Data           4  interrupthandlers.o(.data)
    countA2                                  0x20000004   Data           4  interrupthandlers.o(.data)
    countA3                                  0x20000008   Data           4  interrupthandlers.o(.data)
    countA4                                  0x2000000c   Data           4  interrupthandlers.o(.data)
    countA5                                  0x20000010   Data           4  interrupthandlers.o(.data)
    countB1                                  0x20000014   Data           4  interrupthandlers.o(.data)
    countB2                                  0x20000018   Data           4  interrupthandlers.o(.data)
    countB3                                  0x2000001c   Data           4  interrupthandlers.o(.data)
    countB4                                  0x20000020   Data           4  interrupthandlers.o(.data)
    countB5                                  0x20000024   Data           4  interrupthandlers.o(.data)
    _millis                                  0x20000028   Data           4  interrupthandlers.o(.data)
    _micros                                  0x2000002c   Data           4  interrupthandlers.o(.data)
    curr                                     0x20000030   Data           4  interrupthandlers.o(.data)
    M1PWMflag                                0x20000034   Data           1  motor.o(.data)
    M2PWMflag                                0x20000035   Data           1  motor.o(.data)
    M3PWMflag                                0x20000036   Data           1  motor.o(.data)
    M4PWMflag                                0x20000037   Data           1  motor.o(.data)
    M5PWMflag                                0x20000038   Data           1  motor.o(.data)
    last_count                               0x2000003c   Data           4  timer.o(.data)
    __libspace_start                         0x2000066c   Data          96  libspace.o(.bss)
    __temporary_stack_top$libspace           0x200006cc   Data           0  libspace.o(.bss)



==============================================================================

Memory Map of the image

  Image Entry point : 0x0000026d

  Load Region LR_1 (Base: 0x00000000, Size: 0x0000259c, Max: 0xffffffff, ABSOLUTE, COMPRESSED[0x00001f40])

    Execution Region ER_RO (Exec base: 0x00000000, Load base: 0x00000000, Size: 0x00001f30, Max: 0xffffffff, ABSOLUTE)

    Exec Addr    Load Addr    Size         Type   Attr      Idx    E Section Name        Object

    0x00000000   0x00000000   0x00000288   Code   RO          133  * RESET               startup_rvmdk.o
    0x00000288   0x00000288   0x00000008   Code   RO         2710  * !!!main             c_w.l(__main.o)
    0x00000290   0x00000290   0x00000034   Code   RO         2972    !!!scatter          c_w.l(__scatter.o)
    0x000002c4   0x000002c4   0x0000003a   Code   RO         2970    !!dczerorl          c_w.l(__dczerorl.o)
    0x000002fe   0x000002fe   0x00000002   PAD
    0x00000300   0x00000300   0x0000001c   Code   RO         2974    !!handler_zi        c_w.l(__scatter_zi.o)
    0x0000031c   0x0000031c   0x00000002   Code   RO         2843    .ARM.Collect$$libinit$$00000000  c_w.l(libinit.o)
    0x0000031e   0x0000031e   0x00000004   Code   RO         2846    .ARM.Collect$$libinit$$00000001  c_w.l(libinit2.o)
    0x00000322   0x00000322   0x00000000   Code   RO         2849    .ARM.Collect$$libinit$$00000004  c_w.l(libinit2.o)
    0x00000322   0x00000322   0x00000000   Code   RO         2852    .ARM.Collect$$libinit$$0000000A  c_w.l(libinit2.o)
    0x00000322   0x00000322   0x00000000   Code   RO         2854    .ARM.Collect$$libinit$$0000000C  c_w.l(libinit2.o)
    0x00000322   0x00000322   0x00000000   Code   RO         2856    .ARM.Collect$$libinit$$0000000E  c_w.l(libinit2.o)
    0x00000322   0x00000322   0x00000000   Code   RO         2859    .ARM.Collect$$libinit$$00000011  c_w.l(libinit2.o)
    0x00000322   0x00000322   0x00000000   Code   RO         2861    .ARM.Collect$$libinit$$00000013  c_w.l(libinit2.o)
    0x00000322   0x00000322   0x00000000   Code   RO         2863    .ARM.Collect$$libinit$$00000015  c_w.l(libinit2.o)
    0x00000322   0x00000322   0x00000000   Code   RO         2865    .ARM.Collect$$libinit$$00000017  c_w.l(libinit2.o)
    0x00000322   0x00000322   0x00000000   Code   RO         2867    .ARM.Collect$$libinit$$00000019  c_w.l(libinit2.o)
    0x00000322   0x00000322   0x00000000   Code   RO         2869    .ARM.Collect$$libinit$$0000001B  c_w.l(libinit2.o)
    0x00000322   0x00000322   0x00000000   Code   RO         2871    .ARM.Collect$$libinit$$0000001D  c_w.l(libinit2.o)
    0x00000322   0x00000322   0x00000000   Code   RO         2873    .ARM.Collect$$libinit$$0000001F  c_w.l(libinit2.o)
    0x00000322   0x00000322   0x00000000   Code   RO         2875    .ARM.Collect$$libinit$$00000021  c_w.l(libinit2.o)
    0x00000322   0x00000322   0x00000000   Code   RO         2877    .ARM.Collect$$libinit$$00000023  c_w.l(libinit2.o)
    0x00000322   0x00000322   0x00000000   Code   RO         2879    .ARM.Collect$$libinit$$00000025  c_w.l(libinit2.o)
    0x00000322   0x00000322   0x00000000   Code   RO         2883    .ARM.Collect$$libinit$$0000002C  c_w.l(libinit2.o)
    0x00000322   0x00000322   0x00000000   Code   RO         2885    .ARM.Collect$$libinit$$0000002E  c_w.l(libinit2.o)
    0x00000322   0x00000322   0x00000000   Code   RO         2887    .ARM.Collect$$libinit$$00000030  c_w.l(libinit2.o)
    0x00000322   0x00000322   0x00000000   Code   RO         2889    .ARM.Collect$$libinit$$00000032  c_w.l(libinit2.o)
    0x00000322   0x00000322   0x00000002   Code   RO         2890    .ARM.Collect$$libinit$$00000033  c_w.l(libinit2.o)
    0x00000324   0x00000324   0x00000002   Code   RO         2910    .ARM.Collect$$libshutdown$$00000000  c_w.l(libshutdown.o)
    0x00000326   0x00000326   0x00000000   Code   RO         2923    .ARM.Collect$$libshutdown$$00000002  c_w.l(libshutdown2.o)
    0x00000326   0x00000326   0x00000000   Code   RO         2925    .ARM.Collect$$libshutdown$$00000004  c_w.l(libshutdown2.o)
    0x00000326   0x00000326   0x00000000   Code   RO         2928    .ARM.Collect$$libshutdown$$00000007  c_w.l(libshutdown2.o)
    0x00000326   0x00000326   0x00000000   Code   RO         2931    .ARM.Collect$$libshutdown$$0000000A  c_w.l(libshutdown2.o)
    0x00000326   0x00000326   0x00000000   Code   RO         2933    .ARM.Collect$$libshutdown$$0000000C  c_w.l(libshutdown2.o)
    0x00000326   0x00000326   0x00000000   Code   RO         2936    .ARM.Collect$$libshutdown$$0000000F  c_w.l(libshutdown2.o)
    0x00000326   0x00000326   0x00000002   Code   RO         2937    .ARM.Collect$$libshutdown$$00000010  c_w.l(libshutdown2.o)
    0x00000328   0x00000328   0x00000000   Code   RO         2740    .ARM.Collect$$rtentry$$00000000  c_w.l(__rtentry.o)
    0x00000328   0x00000328   0x00000000   Code   RO         2804    .ARM.Collect$$rtentry$$00000002  c_w.l(__rtentry2.o)
    0x00000328   0x00000328   0x00000006   Code   RO         2816    .ARM.Collect$$rtentry$$00000004  c_w.l(__rtentry4.o)
    0x0000032e   0x0000032e   0x00000000   Code   RO         2806    .ARM.Collect$$rtentry$$00000009  c_w.l(__rtentry2.o)
    0x0000032e   0x0000032e   0x00000004   Code   RO         2807    .ARM.Collect$$rtentry$$0000000A  c_w.l(__rtentry2.o)
    0x00000332   0x00000332   0x00000000   Code   RO         2809    .ARM.Collect$$rtentry$$0000000C  c_w.l(__rtentry2.o)
    0x00000332   0x00000332   0x00000008   Code   RO         2810    .ARM.Collect$$rtentry$$0000000D  c_w.l(__rtentry2.o)
    0x0000033a   0x0000033a   0x00000002   Code   RO         2844    .ARM.Collect$$rtexit$$00000000  c_w.l(rtexit.o)
    0x0000033c   0x0000033c   0x00000000   Code   RO         2892    .ARM.Collect$$rtexit$$00000002  c_w.l(rtexit2.o)
    0x0000033c   0x0000033c   0x00000004   Code   RO         2893    .ARM.Collect$$rtexit$$00000003  c_w.l(rtexit2.o)
    0x00000340   0x00000340   0x00000006   Code   RO         2894    .ARM.Collect$$rtexit$$00000004  c_w.l(rtexit2.o)
    0x00000346   0x00000346   0x00000002   PAD
    0x00000348   0x00000348   0x00000006   Code   RO         1988    .emb_text           driverlib.lib(sysctl.o)
    0x0000034e   0x0000034e   0x00000002   PAD
    0x00000350   0x00000350   0x00000026   Code   RO         2694    .emb_text           driverlib.lib(cpu.o)
    0x00000376   0x00000376   0x00000002   PAD
    0x00000378   0x00000378   0x00000018   Code   RO          134    .text               startup_rvmdk.o
    0x00000390   0x00000390   0x00000006   Code   RO         2708    .text               c_w.l(heapauxi.o)
    0x00000396   0x00000396   0x00000002   PAD
    0x00000398   0x00000398   0x00000008   Code   RO         2831    .text               c_w.l(libspace.o)
    0x000003a0   0x000003a0   0x0000004a   Code   RO         2834    .text               c_w.l(sys_stackheap_outer.o)
    0x000003ea   0x000003ea   0x00000012   Code   RO         2836    .text               c_w.l(exit.o)
    0x000003fc   0x000003fc   0x0000000c   Code   RO         2902    .text               c_w.l(sys_exit.o)
    0x00000408   0x00000408   0x00000002   Code   RO         2913    .text               c_w.l(use_no_semi.o)
    0x0000040a   0x0000040a   0x00000000   Code   RO         2915    .text               c_w.l(indicate_semi.o)
    0x0000040a   0x0000040a   0x00000060   Code   RO          743    i.ADCSequenceConfigure  driverlib.lib(adc.o)
    0x0000046a   0x0000046a   0x00000010   Code   RO          747    i.ADCSequenceDisable  driverlib.lib(adc.o)
    0x0000047a   0x0000047a   0x0000000e   Code   RO          748    i.ADCSequenceEnable  driverlib.lib(adc.o)
    0x00000488   0x00000488   0x0000009a   Code   RO          751    i.ADCSequenceStepConfigure  driverlib.lib(adc.o)
    0x00000522   0x00000522   0x00000028   Code   RO         1000    i.GPIODirModeSet    driverlib.lib(gpio.o)
    0x0000054a   0x0000054a   0x00000006   Code   RO         1001    i.GPIOIntClear      driverlib.lib(gpio.o)
    0x00000550   0x00000550   0x0000000e   Code   RO         1002    i.GPIOIntDisable    driverlib.lib(gpio.o)
    0x0000055e   0x0000055e   0x0000000c   Code   RO         1003    i.GPIOIntEnable     driverlib.lib(gpio.o)
    0x0000056a   0x0000056a   0x0000001a   Code   RO         1004    i.GPIOIntRegister   driverlib.lib(gpio.o)
    0x00000584   0x00000584   0x0000000e   Code   RO         1006    i.GPIOIntStatus     driverlib.lib(gpio.o)
    0x00000592   0x00000592   0x00000050   Code   RO         1008    i.GPIOIntTypeSet    driverlib.lib(gpio.o)
    0x000005e2   0x000005e2   0x00000138   Code   RO         1012    i.GPIOPadConfigSet  driverlib.lib(gpio.o)
    0x0000071a   0x0000071a   0x00000002   PAD
    0x0000071c   0x0000071c   0x00000044   Code   RO         1013    i.GPIOPinConfigure  driverlib.lib(gpio.o)
    0x00000760   0x00000760   0x00000006   Code   RO         1014    i.GPIOPinRead       driverlib.lib(gpio.o)
    0x00000766   0x00000766   0x0000001c   Code   RO         1015    i.GPIOPinTypeADC    driverlib.lib(gpio.o)
    0x00000782   0x00000782   0x0000001c   Code   RO         1023    i.GPIOPinTypeGPIOInput  driverlib.lib(gpio.o)
    0x0000079e   0x0000079e   0x0000001c   Code   RO         1024    i.GPIOPinTypeGPIOOutput  driverlib.lib(gpio.o)
    0x000007ba   0x000007ba   0x0000001c   Code   RO         1031    i.GPIOPinTypePWM    driverlib.lib(gpio.o)
    0x000007d6   0x000007d6   0x0000001c   Code   RO         1036    i.GPIOPinTypeUART   driverlib.lib(gpio.o)
    0x000007f2   0x000007f2   0x00000006   Code   RO         1042    i.GPIOPinWrite      driverlib.lib(gpio.o)
    0x000007f8   0x000007f8   0x00000058   Code   RO          533    i.InitEnoderVal     interrupthandlers.o
    0x00000850   0x00000850   0x00000064   Code   RO         1640    i.IntEnable         driverlib.lib(interrupt.o)
    0x000008b4   0x000008b4   0x0000000e   Code   RO         1643    i.IntMasterEnable   driverlib.lib(interrupt.o)
    0x000008c2   0x000008c2   0x00000002   PAD
    0x000008c4   0x000008c4   0x00000034   Code   RO         1652    i.IntRegister       driverlib.lib(interrupt.o)
    0x000008f8   0x000008f8   0x00000026   Code   RO         1763    i.PWMGenConfigure   driverlib.lib(pwm.o)
    0x0000091e   0x0000091e   0x0000000a   Code   RO         1765    i.PWMGenEnable      driverlib.lib(pwm.o)
    0x00000928   0x00000928   0x00000012   Code   RO         1778    i.PWMGenPeriodSet   driverlib.lib(pwm.o)
    0x0000093a   0x0000093a   0x00000010   Code   RO         1785    i.PWMOutputState    driverlib.lib(pwm.o)
    0x0000094a   0x0000094a   0x00000020   Code   RO         1788    i.PWMPulseWidthSet  driverlib.lib(pwm.o)
    0x0000096a   0x0000096a   0x00000002   PAD
    0x0000096c   0x0000096c   0x00000090   Code   RO          534    i.PortCIntHandler   interrupthandlers.o
    0x000009fc   0x000009fc   0x000000d4   Code   RO          535    i.PortDIntHandler   interrupthandlers.o
    0x00000ad0   0x00000ad0   0x00000154   Code   RO         1991    i.SysCtlClockGet    driverlib.lib(sysctl.o)
    0x00000c24   0x00000c24   0x00000120   Code   RO         1993    i.SysCtlClockSet    driverlib.lib(sysctl.o)
    0x00000d44   0x00000d44   0x00000014   Code   RO         2017    i.SysCtlPWMClockSet  driverlib.lib(sysctl.o)
    0x00000d58   0x00000d58   0x00000028   Code   RO         2022    i.SysCtlPeripheralEnable  driverlib.lib(sysctl.o)
    0x00000d80   0x00000d80   0x0000002c   Code   RO         2025    i.SysCtlPeripheralPresent  driverlib.lib(sysctl.o)
    0x00000dac   0x00000dac   0x0000002c   Code   RO         2026    i.SysCtlPeripheralReady  driverlib.lib(sysctl.o)
    0x00000dd8   0x00000dd8   0x0000000e   Code   RO         2337    i.SysTickEnable     driverlib.lib(systick.o)
    0x00000de6   0x00000de6   0x0000000e   Code   RO         2339    i.SysTickIntEnable  driverlib.lib(systick.o)
    0x00000df4   0x00000df4   0x00000010   Code   RO          536    i.SysTickIntHandler  interrupthandlers.o
    0x00000e04   0x00000e04   0x00000018   Code   RO         2340    i.SysTickIntRegister  driverlib.lib(systick.o)
    0x00000e1c   0x00000e1c   0x0000000a   Code   RO         2343    i.SysTickPeriodSet  driverlib.lib(systick.o)
    0x00000e26   0x00000e26   0x0000000c   Code   RO         2407    i.UARTCharPut       driverlib.lib(uart.o)
    0x00000e32   0x00000e32   0x00000006   Code   RO         2411    i.UARTClockSourceSet  driverlib.lib(uart.o)
    0x00000e38   0x00000e38   0x0000006e   Code   RO         2413    i.UARTConfigSetExpClk  driverlib.lib(uart.o)
    0x00000ea6   0x00000ea6   0x00000014   Code   RO         2418    i.UARTEnable        driverlib.lib(uart.o)
    0x00000eba   0x00000eba   0x00000002   PAD
    0x00000ebc   0x00000ebc   0x00000050   Code   RO          662    i.UARTStdioConfig   uartstdio.o
    0x00000f0c   0x00000f0c   0x0000001a   Code   RO          665    i.UARTprintf        uartstdio.o
    0x00000f26   0x00000f26   0x00000002   PAD
    0x00000f28   0x00000f28   0x00000250   Code   RO          666    i.UARTvprintf       uartstdio.o
    0x00001178   0x00001178   0x00000034   Code   RO          667    i.UARTwrite         uartstdio.o
    0x000011ac   0x000011ac   0x00000050   Code   RO         1043    i._GPIOIntNumberGet  driverlib.lib(gpio.o)
    0x000011fc   0x000011fc   0x0000001a   Code   RO          233    i.control_Finger    fingers.o
    0x00001216   0x00001216   0x00000002   PAD
    0x00001218   0x00001218   0x00000024   Code   RO          628    i.delay             timer.o
    0x0000123c   0x0000123c   0x000000c0   Code   RO          142    i.initADC           analogsensor.o
    0x000012fc   0x000012fc   0x00000030   Code   RO          629    i.initSysTick       timer.o
    0x0000132c   0x0000132c   0x000000f8   Code   RO          577    i.init_encoders     motor.o
    0x00001424   0x00001424   0x000001d8   Code   RO          578    i.init_motors       motor.o
    0x000015fc   0x000015fc   0x00000088   Code   RO          520    i.initallPorts      initports.o
    0x00001684   0x00001684   0x0000002c   Code   RO            1    i.main              main.o
    0x000016b0   0x000016b0   0x000000b8   Code   RO          579    i.motorDirection    motor.o
    0x00001768   0x00001768   0x00000148   Code   RO          580    i.motorPWM          motor.o
    0x000018b0   0x000018b0   0x00000074   Code   RO          611    i.serialBegin       serialusb.o
    0x00001924   0x00001924   0x00000028   Code   RO            2    i.setup             main.o
    0x0000194c   0x0000194c   0x0000000a   Code   RO         2900    x$fpl$fpinit        fz_wm.l(fpinit.o)
    0x00001956   0x00001956   0x00000002   PAD
    0x00001958   0x00001958   0x0000001c   Data   RO          668    .constdata          uartstdio.o
    0x00001974   0x00001974   0x00000228   Data   RO         1044    .constdata          driverlib.lib(gpio.o)
    0x00001b9c   0x00001b9c   0x0000010c   Data   RO         1656    .constdata          driverlib.lib(interrupt.o)
    0x00001ca8   0x00001ca8   0x00000254   Data   RO         2044    .constdata          driverlib.lib(sysctl.o)
    0x00001efc   0x00001efc   0x00000011   Data   RO          669    .conststring        uartstdio.o
    0x00001f0d   0x00001f0d   0x00000003   PAD
    0x00001f10   0x00001f10   0x00000020   Data   RO         2968    Region$$Table       anon$$obj.o


    Execution Region ER_RW (Exec base: 0x20000000, Load base: 0x00001f30, Size: 0x0000066c, Max: 0xffffffff, ABSOLUTE, COMPRESSED[0x00000010])

    Exec Addr    Load Addr    Size         Type   Attr      Idx    E Section Name        Object

    0x20000000   COMPRESSED   0x00000034   Data   RW          538    .data               interrupthandlers.o
    0x20000034   COMPRESSED   0x00000005   Data   RW          581    .data               motor.o
    0x20000039   COMPRESSED   0x00000003   PAD
    0x2000003c   COMPRESSED   0x00000004   Data   RW          632    .data               timer.o
    0x20000040   COMPRESSED   0x00000005   Data   RW          670    .data               uartstdio.o
    0x20000045   COMPRESSED   0x000003bb   PAD
    0x20000400   COMPRESSED   0x0000026c   Data   RW         1657    vtable              driverlib.lib(interrupt.o)


    Execution Region ER_ZI (Exec base: 0x2000066c, Load base: 0x00001f40, Size: 0x00000264, Max: 0xffffffff, ABSOLUTE)

    Exec Addr    Load Addr    Size         Type   Attr      Idx    E Section Name        Object

    0x2000066c        -       0x00000060   Zero   RW         2832    .bss                c_w.l(libspace.o)
    0x200006cc   0x00001f40   0x00000004   PAD
    0x200006d0        -       0x00000000   Zero   RW          132    HEAP                startup_rvmdk.o
    0x200006d0        -       0x00000200   Zero   RW          131    STACK               startup_rvmdk.o


==============================================================================

Image component sizes


      Code (inc. data)   RO Data    RW Data    ZI Data      Debug   Object Name

       192         22          0          0          0       1194   analogsensor.o
        26          0          0          0          0        673   fingers.o
       136          4          0          0          0        555   initports.o
       460         84          0         52          0       3163   interrupthandlers.o
        84          6          0          0          0       6035   main.o
      1232        102          0          5          0       3094   motor.o
       116         44          0          0          0        578   serialusb.o
       672        636          0          0        512        540   startup_rvmdk.o
        84         16          0          4          0       1199   timer.o
       750         36         45          5          0       4888   uartstdio.o

    ----------------------------------------------------------------------
      3756        950         80       1024        512      21919   Object Totals
         0          0         32          0          0          0   (incl. Generated)
         4          0          3        958          0          0   (incl. Padding)

    ----------------------------------------------------------------------

      Code (inc. data)   RO Data    RW Data    ZI Data      Debug   Library Member Name

        58          0          0          0          0          0   __dczerorl.o
         8          0          0          0          0         68   __main.o
         0          0          0          0          0          0   __rtentry.o
        12          0          0          0          0          0   __rtentry2.o
         6          0          0          0          0          0   __rtentry4.o
        52          8          0          0          0          0   __scatter.o
        28          0          0          0          0          0   __scatter_zi.o
        18          0          0          0          0         80   exit.o
         6          0          0          0          0        152   heapauxi.o
         0          0          0          0          0          0   indicate_semi.o
         2          0          0          0          0          0   libinit.o
         6          0          0          0          0          0   libinit2.o
         2          0          0          0          0          0   libshutdown.o
         2          0          0          0          0          0   libshutdown2.o
         8          4          0          0         96         68   libspace.o
         2          0          0          0          0          0   rtexit.o
        10          0          0          0          0          0   rtexit2.o
        12          4          0          0          0         68   sys_exit.o
        74          0          0          0          0         80   sys_stackheap_outer.o
         2          0          0          0          0         68   use_no_semi.o
       280          0          0          0          0       5391   adc.o
        38          0          0          0          0        572   cpu.o
       804         26        552          0          0      10410   gpio.o
       166         16        268        620          0       2668   interrupt.o
       114          0          0          0          0       2639   pwm.o
       782         72        596          0          0       5933   sysctl.o
        62          0          0          0          0       1935   systick.o
       148          0          0          0          0       2986   uart.o
        10          0          0          0          0        116   fpinit.o

    ----------------------------------------------------------------------
      2732        130       1416        620        100      33234   Library Totals
        20          0          0          0          4          0   (incl. Padding)

    ----------------------------------------------------------------------

      Code (inc. data)   RO Data    RW Data    ZI Data      Debug   Library Name

       308         16          0          0         96        584   c_w.l
      2394        114       1416        620          0      32534   driverlib.lib
        10          0          0          0          0        116   fz_wm.l

    ----------------------------------------------------------------------
      2732        130       1416        620        100      33234   Library Totals

    ----------------------------------------------------------------------

==============================================================================


      Code (inc. data)   RO Data    RW Data    ZI Data      Debug   

      6488       1080       1496       1644        612      49297   Grand Totals
      6488       1080       1496         16        612      49297   ELF Image Totals (compressed)
      6488       1080       1496         16          0          0   ROM Totals

==============================================================================

    Total RO  Size (Code + RO Data)                 7984 (   7.80kB)
    Total RW  Size (RW Data + ZI Data)              2256 (   2.20kB)
    Total ROM Size (Code + RO Data + RW Data)       8000 (   7.81kB)

==============================================================================

