Component: ARM Compiler 5.06 update 6 (build 750) Tool: armlink [4d35ed]

==============================================================================

Section Cross References

    main.o(i.main) refers to main.o(i.setup) for setup
    main.o(i.main) refers to serialusb.o(i.serialBegin) for serialBegin
    main.o(i.main) refers to grips.o(i.initGrip) for initGrip
    main.o(i.main) refers to grips.o(i.RestOppGrip) for RestOppGrip
    main.o(i.main) refers to gpio.o(i.GPIOPinRead) for GPIOPinRead
    main.o(i.main) refers to controlmechanism.o(i.ControlOpposed) for ControlOpposed
    main.o(i.main) refers to controlmechanism.o(i.ControlNonOpposed) for ControlNonOpposed
    main.o(i.setup) refers to sysctl.o(i.SysCtlClockSet) for SysCtlClockSet
    main.o(i.setup) refers to timer.o(i.initSysTick) for initSysTick
    main.o(i.setup) refers to initports.o(i.initallPorts) for initallPorts
    main.o(i.setup) refers to motor.o(i.init_motors) for init_motors
    main.o(i.setup) refers to analogsensor.o(i.initADC) for initADC
    main.o(i.setup) refers to motor.o(i.init_encoders) for init_encoders
    main.o(i.setup) refers to interrupthandlers.o(i.InitEnoderVal) for InitEnoderVal
    main.o(i.setup) refers to gpio.o(i.GPIOPinTypeGPIOInput) for GPIOPinTypeGPIOInput
    main.o(i.setup) refers to gpio.o(i.GPIOPadConfigSet) for GPIOPadConfigSet
    startup_rvmdk.o(STACK) refers (Special) to heapauxi.o(.text) for __use_two_region_memory
    startup_rvmdk.o(HEAP) refers (Special) to heapauxi.o(.text) for __use_two_region_memory
    startup_rvmdk.o(RESET) refers (Special) to heapauxi.o(.text) for __use_two_region_memory
    startup_rvmdk.o(RESET) refers to startup_rvmdk.o(STACK) for StackMem
    startup_rvmdk.o(RESET) refers to __main.o(!!!main) for __main
    startup_rvmdk.o(.text) refers (Special) to heapauxi.o(.text) for __use_two_region_memory
    startup_rvmdk.o(.text) refers to startup_rvmdk.o(HEAP) for HeapMem
    startup_rvmdk.o(.text) refers to startup_rvmdk.o(STACK) for StackMem
    analogsensor.o(i.ReadADC) refers to adc.o(i.ADCIntClear) for ADCIntClear
    analogsensor.o(i.ReadADC) refers to adc.o(i.ADCProcessorTrigger) for ADCProcessorTrigger
    analogsensor.o(i.ReadADC) refers to adc.o(i.ADCIntStatus) for ADCIntStatus
    analogsensor.o(i.ReadADC) refers to adc.o(i.ADCSequenceDataGet) for ADCSequenceDataGet
    analogsensor.o(i.ReadADC) refers to analogsensor.o(i.ReadADCChannel) for ReadADCChannel
    analogsensor.o(i.ReadADC) refers to analogsensor.o(.bss) for uiADCValue
    analogsensor.o(i.ReadADCChannel) refers to analogsensor.o(.bss) for uiADCValue
    analogsensor.o(i.initADC) refers to gpio.o(i.GPIOPinTypeADC) for GPIOPinTypeADC
    analogsensor.o(i.initADC) refers to sysctl.o(i.SysCtlPeripheralEnable) for SysCtlPeripheralEnable
    analogsensor.o(i.initADC) refers to sysctl.o(i.SysCtlPeripheralReady) for SysCtlPeripheralReady
    analogsensor.o(i.initADC) refers to adc.o(i.ADCSequenceDisable) for ADCSequenceDisable
    analogsensor.o(i.initADC) refers to adc.o(i.ADCSequenceConfigure) for ADCSequenceConfigure
    analogsensor.o(i.initADC) refers to adc.o(i.ADCSequenceStepConfigure) for ADCSequenceStepConfigure
    analogsensor.o(i.initADC) refers to adc.o(i.ADCSequenceEnable) for ADCSequenceEnable
    controlmechanism.o(i.ControlNonOpposed) refers to fsrsignal.o(i.SignalDetection) for SignalDetection
    controlmechanism.o(i.ControlNonOpposed) refers to fsrsignal.o(i.PrintSignal) for PrintSignal
    controlmechanism.o(i.ControlNonOpposed) refers to grips.o(i.HookGrip) for HookGrip
    controlmechanism.o(i.ControlNonOpposed) refers to fsrsignal.o(i.ProportionalControl) for ProportionalControl
    controlmechanism.o(i.ControlNonOpposed) refers to grips.o(i.RestOppGrip) for RestOppGrip
    controlmechanism.o(i.ControlNonOpposed) refers to grips.o(i.KeyGrip) for KeyGrip
    controlmechanism.o(i.ControlNonOpposed) refers to grips.o(i.FingerPointGrip) for FingerPointGrip
    controlmechanism.o(i.ControlNonOpposed) refers to grips.o(i.initGrip) for initGrip
    controlmechanism.o(i.ControlNonOpposed) refers to grips.o(i.MouseGrip) for MouseGrip
    controlmechanism.o(i.ControlNonOpposed) refers to controlmechanism.o(.data) for classifiedSignal
    controlmechanism.o(i.ControlNonOpposed) refers to grips.o(.data) for lastgrip
    controlmechanism.o(i.ControlOpposed) refers to fsrsignal.o(i.SignalDetection) for SignalDetection
    controlmechanism.o(i.ControlOpposed) refers to fsrsignal.o(i.PrintSignal) for PrintSignal
    controlmechanism.o(i.ControlOpposed) refers to uartstdio.o(i.UARTprintf) for UARTprintf
    controlmechanism.o(i.ControlOpposed) refers to grips.o(i.PowerGrip) for PowerGrip
    controlmechanism.o(i.ControlOpposed) refers to fsrsignal.o(i.ProportionalControl) for ProportionalControl
    controlmechanism.o(i.ControlOpposed) refers to grips.o(i.RestOppGrip) for RestOppGrip
[...]
    Removing gpio.o(i.GPIOADCTriggerDisable), (14 bytes).
    Removing gpio.o(i.GPIOADCTriggerEnable), (12 bytes).
    Removing gpio.o(i.GPIODMATriggerDisable), (14 bytes).
    Removing gpio.o(i.GPIODMATriggerEnable), (12 bytes).
    Removing gpio.o(i.GPIODirModeGet), (34 bytes).
    Removing gpio.o(i.GPIOIntRegisterPin), (30 bytes).
    Removing gpio.o(i.GPIOIntTypeGet), (68 bytes).
    Removing gpio.o(i.GPIOIntUnregister), (22 bytes).
    Removing gpio.o(i.GPIOIntUnregisterPin), (26 bytes).
    Removing gpio.o(i.GPIOPadConfigGet), (204 bytes).
    Removing gpio.o(i.GPIOPinTypeCAN), (28 bytes).
    Removing gpio.o(i.GPIOPinTypeComparator), (28 bytes).
    Removing gpio.o(i.GPIOPinTypeComparatorOutput), (28 bytes).
    Removing gpio.o(i.GPIOPinTypeDIVSCLK), (28 bytes).
    Removing gpio.o(i.GPIOPinTypeEPI), (28 bytes).
    Removing gpio.o(i.GPIOPinTypeEthernetLED), (28 bytes).
    Removing gpio.o(i.GPIOPinTypeEthernetMII), (28 bytes).
    Removing gpio.o(i.GPIOPinTypeGPIOOutputOD), (28 bytes).
    Removing gpio.o(i.GPIOPinTypeHibernateRTCCLK), (28 bytes).
    Removing gpio.o(i.GPIOPinTypeI2C), (28 bytes).
    Removing gpio.o(i.GPIOPinTypeI2CSCL), (28 bytes).
    Removing gpio.o(i.GPIOPinTypeLCD), (28 bytes).
    Removing gpio.o(i.GPIOPinTypeOneWire), (28 bytes).
    Removing gpio.o(i.GPIOPinTypeQEI), (28 bytes).
    Removing gpio.o(i.GPIOPinTypeSSI), (28 bytes).
    Removing gpio.o(i.GPIOPinTypeTimer), (28 bytes).
    Removing gpio.o(i.GPIOPinTypeTrace), (28 bytes).
    Removing gpio.o(i.GPIOPinTypeUSBAnalog), (28 bytes).
    Removing gpio.o(i.GPIOPinTypeUSBDigital), (28 bytes).
    Removing gpio.o(i.GPIOPinTypeWakeHigh), (30 bytes).
    Removing gpio.o(i.GPIOPinTypeWakeLow), (30 bytes).
    Removing gpio.o(i.GPIOPinWakeStatus), (6 bytes).
    Removing i2c.o(i.I2CFIFODataGet), (16 bytes).
    Removing i2c.o(i.I2CFIFODataGetNonBlocking), (24 bytes).
    Removing i2c.o(i.I2CFIFODataPut), (16 bytes).
    Removing i2c.o(i.I2CFIFODataPutNonBlocking), (20 bytes).
    Removing i2c.o(i.I2CFIFOStatus), (6 bytes).
    Removing i2c.o(i.I2CIntRegister), (96 bytes).
    Removing i2c.o(i.I2CIntUnregister), (96 bytes).
    Removing i2c.o(i.I2CLoopbackEnable), (10 bytes).
    Removing i2c.o(i.I2CMasterBurstCountGet), (4 bytes).
    Removing i2c.o(i.I2CMasterBurstLengthSet), (4 bytes).
    Removing i2c.o(i.I2CMasterBusBusy), (12 bytes).
    Removing i2c.o(i.I2CMasterBusy), (12 bytes).
    Removing i2c.o(i.I2CMasterControl), (4 bytes).
    Removing i2c.o(i.I2CMasterDataGet), (4 bytes).
    Removing i2c.o(i.I2CMasterDataPut), (4 bytes).
    Removing i2c.o(i.I2CMasterDisable), (10 bytes).
    Removing i2c.o(i.I2CMasterEnable), (10 bytes).
    Removing i2c.o(i.I2CMasterErr), (24 bytes).
    Removing i2c.o(i.I2CMasterGlitchFilterConfigSet), (84 bytes).
    Removing i2c.o(i.I2CMasterInitExpClk), (84 bytes).
    Removing i2c.o(i.I2CMasterIntClear), (8 bytes).
    Removing i2c.o(i.I2CMasterIntClearEx), (4 bytes).
    Removing i2c.o(i.I2CMasterIntDisable), (6 bytes).
    Removing i2c.o(i.I2CMasterIntDisableEx), (10 bytes).
    Removing i2c.o(i.I2CMasterIntEnable), (6 bytes).
    Removing i2c.o(i.I2CMasterIntEnableEx), (8 bytes).
    Removing i2c.o(i.I2CMasterIntStatus), (24 bytes).
    Removing i2c.o(i.I2CMasterIntStatusEx), (10 bytes).
    Removing i2c.o(i.I2CMasterLineStateGet), (4 bytes).
    Removing i2c.o(i.I2CMasterSlaveAddrSet), (8 bytes).
    Removing i2c.o(i.I2CMasterTimeoutSet), (4 bytes).
    Removing i2c.o(i.I2CRxFIFOConfigSet), (22 bytes).
    Removing i2c.o(i.I2CRxFIFOFlush), (14 bytes).
    Removing i2c.o(i.I2CSlaveACKOverride), (22 bytes).
    Removing i2c.o(i.I2CSlaveACKValueSet), (22 bytes).
    Removing i2c.o(i.I2CSlaveAddressSet), (24 bytes).
    Removing i2c.o(i.I2CSlaveDataGet), (6 bytes).
    Removing i2c.o(i.I2CSlaveDataPut), (6 bytes).
    Removing i2c.o(i.I2CSlaveDisable), (16 bytes).
    Removing i2c.o(i.I2CSlaveEnable), (16 bytes).
    Removing i2c.o(i.I2CSlaveFIFODisable), (8 bytes).
    Removing i2c.o(i.I2CSlaveFIFOEnable), (10 bytes).
    Removing i2c.o(i.I2CSlaveInit), (20 bytes).
    Removing i2c.o(i.I2CSlaveIntClear), (8 bytes).
    Removing i2c.o(i.I2CSlaveIntClearEx), (6 bytes).
    Removing i2c.o(i.I2CSlaveIntDisable), (14 bytes).
    Removing i2c.o(i.I2CSlaveIntDisableEx), (14 bytes).
    Removing i2c.o(i.I2CSlaveIntEnable), (14 bytes).
    Removing i2c.o(i.I2CSlaveIntEnableEx), (12 bytes).
    Removing i2c.o(i.I2CSlaveIntStatus), (28 bytes).
    Removing i2c.o(i.I2CSlaveIntStatusEx), (14 bytes).
    Removing i2c.o(i.I2CSlaveStatus), (6 bytes).
    Removing i2c.o(i.I2CTxFIFOConfigSet), (24 bytes).
    Removing i2c.o(i.I2CTxFIFOFlush), (14 bytes).
    Removing i2c.o(.constdata), (128 bytes).
    Removing interrupt.o(i.IntDisable), (100 bytes).
    Removing interrupt.o(i.IntIsEnabled), (96 bytes).
    Removing interrupt.o(i.IntMasterDisable), (14 bytes).
    Removing interrupt.o(i.IntPendClear), (68 bytes).
    Removing interrupt.o(i.IntPendSet), (84 bytes).
    Removing interrupt.o(i.IntPriorityGet), (28 bytes).
    Removing interrupt.o(i.IntPriorityGroupingGet), (36 bytes).
    Removing interrupt.o(i.IntPriorityGroupingSet), (28 bytes).
    Removing interrupt.o(i.IntPriorityMaskGet), (4 bytes).
    Removing interrupt.o(i.IntPriorityMaskSet), (4 bytes).
    Removing interrupt.o(i.IntPrioritySet), (40 bytes).
    Removing interrupt.o(i.IntTrigger), (12 bytes).
    Removing interrupt.o(i.IntUnregister), (20 bytes).
    Removing interrupt.o(i._IntDefaultHandler), (2 bytes).
    Removing pwm.o(i.PWMClockGet), (26 bytes).
    Removing pwm.o(i.PWMClockSet), (20 bytes).
    Removing pwm.o(i.PWMDeadBandDisable), (12 bytes).
    Removing pwm.o(i.PWMDeadBandEnable), (16 bytes).
    Removing pwm.o(i.PWMFaultIntClear), (8 bytes).
    Removing pwm.o(i.PWMFaultIntClearExt), (4 bytes).
    Removing pwm.o(i.PWMFaultIntRegister), (92 bytes).
    Removing pwm.o(i.PWMFaultIntUnregister), (84 bytes).
    Removing pwm.o(i.PWMGenDisable), (10 bytes).
    Removing pwm.o(i.PWMGenFaultClear), (18 bytes).
    Removing pwm.o(i.PWMGenFaultConfigure), (18 bytes).
    Removing pwm.o(i.PWMGenFaultStatus), (18 bytes).
    Removing pwm.o(i.PWMGenFaultTriggerGet), (12 bytes).
    Removing pwm.o(i.PWMGenFaultTriggerSet), (12 bytes).
    Removing pwm.o(i.PWMGenIntClear), (6 bytes).
    Removing pwm.o(i.PWMGenIntRegister), (26 bytes).
    Removing pwm.o(i.PWMGenIntStatus), (12 bytes).
    Removing pwm.o(i.PWMGenIntTrigDisable), (10 bytes).
    Removing pwm.o(i.PWMGenIntTrigEnable), (10 bytes).
    Removing pwm.o(i.PWMGenIntUnregister), (22 bytes).
    Removing pwm.o(i.PWMGenPeriodGet), (18 bytes).
    Removing pwm.o(i.PWMIntDisable), (10 bytes).
    Removing pwm.o(i.PWMIntEnable), (8 bytes).
    Removing pwm.o(i.PWMIntStatus), (10 bytes).
    Removing pwm.o(i.PWMOutputFault), (16 bytes).
    Removing pwm.o(i.PWMOutputFaultLevel), (16 bytes).
    Removing pwm.o(i.PWMOutputInvert), (16 bytes).
    Removing pwm.o(i.PWMOutputUpdateMode), (62 bytes).
    Removing pwm.o(i.PWMPulseWidthGet), (32 bytes).
    Removing pwm.o(i.PWMSyncTimeBase), (4 bytes).
    Removing pwm.o(i.PWMSyncUpdate), (4 bytes).
    Removing pwm.o(i._PWMGenIntNumberGet), (224 bytes).
    Removing sysctl.o(i.SysCtlAltClkConfig), (12 bytes).
    Removing sysctl.o(i.SysCtlClockFreqSet), (740 bytes).
    Removing sysctl.o(i.SysCtlClockOutConfig), (20 bytes).
    Removing sysctl.o(i.SysCtlDeepSleep), (32 bytes).
    Removing sysctl.o(i.SysCtlDeepSleepClockConfigSet), (112 bytes).
    Removing sysctl.o(i.SysCtlDeepSleepClockSet), (12 bytes).
    Removing sysctl.o(i.SysCtlDeepSleepPowerSet), (12 bytes).
    Removing sysctl.o(i.SysCtlFlashSectorSizeGet), (56 bytes).
    Removing sysctl.o(i.SysCtlFlashSizeGet), (56 bytes).
    Removing sysctl.o(i.SysCtlGPIOAHBDisable), (28 bytes).
    Removing sysctl.o(i.SysCtlGPIOAHBEnable), (24 bytes).
    Removing sysctl.o(i.SysCtlIntClear), (12 bytes).
    Removing sysctl.o(i.SysCtlIntDisable), (16 bytes).
    Removing sysctl.o(i.SysCtlIntEnable), (16 bytes).
    Removing sysctl.o(i.SysCtlIntRegister), (20 bytes).
    Removing sysctl.o(i.SysCtlIntStatus), (16 bytes).
    Removing sysctl.o(i.SysCtlIntUnregister), (18 bytes).
    Removing sysctl.o(i.SysCtlLDODeepSleepGet), (12 bytes).
    Removing sysctl.o(i.SysCtlLDODeepSleepSet), (12 bytes).
    Removing sysctl.o(i.SysCtlLDOSleepGet), (12 bytes).
    Removing sysctl.o(i.SysCtlLDOSleepSet), (12 bytes).
    Removing sysctl.o(i.SysCtlMOSCConfigSet), (12 bytes).
    Removing sysctl.o(i.SysCtlNMIClear), (16 bytes).
    Removing sysctl.o(i.SysCtlNMIStatus), (12 bytes).
    Removing sysctl.o(i.SysCtlPIOSCCalibrate), (76 bytes).
    Removing sysctl.o(i.SysCtlPWMClockGet), (24 bytes).
    Removing sysctl.o(i.SysCtlPeripheralClockGating), (68 bytes).
    Removing sysctl.o(i.SysCtlPeripheralDeepSleepDisable), (40 bytes).
    Removing sysctl.o(i.SysCtlPeripheralDeepSleepEnable), (40 bytes).
    Removing sysctl.o(i.SysCtlPeripheralDisable), (40 bytes).
    Removing sysctl.o(i.SysCtlPeripheralPowerOff), (40 bytes).
    Removing sysctl.o(i.SysCtlPeripheralPowerOn), (40 bytes).
    Removing sysctl.o(i.SysCtlPeripheralReset), (60 bytes).
    Removing sysctl.o(i.SysCtlPeripheralSleepDisable), (40 bytes).
    Removing sysctl.o(i.SysCtlPeripheralSleepEnable), (40 bytes).
    Removing sysctl.o(i.SysCtlReset), (16 bytes).
    Removing sysctl.o(i.SysCtlResetBehaviorGet), (12 bytes).
    Removing sysctl.o(i.SysCtlResetBehaviorSet), (12 bytes).
    Removing sysctl.o(i.SysCtlResetCauseClear), (16 bytes).
    Removing sysctl.o(i.SysCtlResetCauseGet), (12 bytes).
    Removing sysctl.o(i.SysCtlSRAMSizeGet), (16 bytes).
    Removing sysctl.o(i.SysCtlSleep), (4 bytes).
    Removing sysctl.o(i.SysCtlSleepPowerSet), (12 bytes).
    Removing sysctl.o(i.SysCtlUSBPLLDisable), (16 bytes).
    Removing sysctl.o(i.SysCtlUSBPLLEnable), (16 bytes).
    Removing sysctl.o(i.SysCtlVCOGet), (120 bytes).
    Removing sysctl.o(i.SysCtlVoltageEventClear), (16 bytes).
    Removing sysctl.o(i.SysCtlVoltageEventConfig), (12 bytes).
    Removing sysctl.o(i.SysCtlVoltageEventStatus), (12 bytes).
    Removing systick.o(i.SysTickDisable), (14 bytes).
    Removing systick.o(i.SysTickIntDisable), (14 bytes).
    Removing systick.o(i.SysTickIntUnregister), (18 bytes).
    Removing systick.o(i.SysTickPeriodGet), (10 bytes).
    Removing systick.o(i.SysTickValueGet), (8 bytes).
    Removing uart.o(i.UART9BitAddrSend), (38 bytes).
    Removing uart.o(i.UART9BitAddrSet), (10 bytes).
    Removing uart.o(i.UART9BitDisable), (14 bytes).
    Removing uart.o(i.UART9BitEnable), (14 bytes).
    Removing uart.o(i.UARTBreakCtl), (18 bytes).
    Removing uart.o(i.UARTBusy), (8 bytes).
    Removing uart.o(i.UARTCharGet), (12 bytes).
    Removing uart.o(i.UARTCharGetNonBlocking), (16 bytes).
    Removing uart.o(i.UARTCharPutNonBlocking), (16 bytes).
    Removing uart.o(i.UARTCharsAvail), (10 bytes).
    Removing uart.o(i.UARTClockSourceGet), (6 bytes).
    Removing uart.o(i.UARTConfigGetExpClk), (46 bytes).
    Removing uart.o(i.UARTDMADisable), (10 bytes).
    Removing uart.o(i.UARTDMAEnable), (8 bytes).
    Removing uart.o(i.UARTDisable), (30 bytes).
    Removing uart.o(i.UARTDisableSIR), (10 bytes).
    Removing uart.o(i.UARTEnableSIR), (18 bytes).
    Removing uart.o(i.UARTFIFODisable), (10 bytes).
    Removing uart.o(i.UARTFIFOEnable), (10 bytes).
    Removing uart.o(i.UARTFIFOLevelGet), (16 bytes).
    Removing uart.o(i.UARTFIFOLevelSet), (6 bytes).
    Removing uart.o(i.UARTFlowControlGet), (8 bytes).
    Removing uart.o(i.UARTFlowControlSet), (12 bytes).
    Removing uart.o(i.UARTIntClear), (4 bytes).
    Removing uart.o(i.UARTIntDisable), (10 bytes).
    Removing uart.o(i.UARTIntEnable), (8 bytes).
    Removing uart.o(i.UARTIntRegister), (88 bytes).
    Removing uart.o(i.UARTIntStatus), (10 bytes).
    Removing uart.o(i.UARTIntUnregister), (88 bytes).
    Removing uart.o(i.UARTLoopbackEnable), (10 bytes).
    Removing uart.o(i.UARTModemControlClear), (14 bytes).
    Removing uart.o(i.UARTModemControlGet), (8 bytes).
    Removing uart.o(i.UARTModemControlSet), (12 bytes).
    Removing uart.o(i.UARTModemStatusGet), (10 bytes).
    Removing uart.o(i.UARTParityModeGet), (8 bytes).
    Removing uart.o(i.UARTParityModeSet), (12 bytes).
    Removing uart.o(i.UARTRxErrorClear), (6 bytes).
    Removing uart.o(i.UARTRxErrorGet), (8 bytes).
    Removing uart.o(i.UARTSmartCardDisable), (10 bytes).
    Removing uart.o(i.UARTSmartCardEnable), (22 bytes).
    Removing uart.o(i.UARTSpaceAvail), (10 bytes).
    Removing uart.o(i.UARTTxIntModeGet), (8 bytes).
    Removing uart.o(i.UARTTxIntModeSet), (12 bytes).
    Removing uart.o(.constdata), (128 bytes).

291 unused section(s) (total 10310 bytes) removed from the image.

==============================================================================

Image Symbol Table

    Local Symbols

    Symbol Name                              Value     Ov Type        Size  Object(Section)

    RESET                                    0x00000000   Section      648  startup_rvmdk.o(RESET)
    ../clib/angel/boardlib.s                 0x00000000   Number         0  boardshut.o ABSOLUTE
    ../clib/angel/boardlib.s                 0x00000000   Number         0  boardinit1.o ABSOLUTE
    ../clib/angel/boardlib.s                 0x00000000   Number         0  boardinit2.o ABSOLUTE
    ../clib/angel/boardlib.s                 0x00000000   Number         0  boardinit3.o ABSOLUTE
    ../clib/angel/dczerorl2.s                0x00000000   Number         0  __dczerorl2.o ABSOLUTE
    ../clib/angel/handlers.s                 0x00000000   Number         0  __scatter_zi.o ABSOLUTE
    ../clib/angel/kernel.s                   0x00000000   Number         0  rtexit2.o ABSOLUTE
    ../clib/angel/kernel.s                   0x00000000   Number         0  __rtentry4.o ABSOLUTE
    ../clib/angel/kernel.s                   0x00000000   Number         0  __rtentry2.o ABSOLUTE
    ../clib/angel/kernel.s                   0x00000000   Number         0  __rtentry.o ABSOLUTE
    ../clib/angel/kernel.s                   0x00000000   Number         0  rtexit.o ABSOLUTE
    ../clib/angel/rt.s                       0x00000000   Number         0  rt_errno_addr.o ABSOLUTE
    ../clib/angel/rt.s                       0x00000000   Number         0  rt_raise.o ABSOLUTE
    ../clib/angel/rt.s                       0x00000000   Number         0  rt_errno_addr_intlibspace.o ABSOLUTE
    ../clib/angel/scatter.s                  0x00000000   Number         0  __scatter.o ABSOLUTE
    ../clib/angel/startup.s                  0x00000000   Number         0  __main.o ABSOLUTE
    ../clib/angel/sys.s                      0x00000000   Number         0  use_no_semi.o ABSOLUTE
    ../clib/angel/sys.s                      0x00000000   Number         0  indicate_semi.o ABSOLUTE
    ../clib/angel/sys.s                      0x00000000   Number         0  libspace.o ABSOLUTE
    ../clib/angel/sys.s                      0x00000000   Number         0  sys_stackheap_outer.o ABSOLUTE
    ../clib/angel/sysapp.c                   0x00000000   Number         0  sys_command.o ABSOLUTE
    ../clib/angel/sysapp.c                   0x00000000   Number         0  sys_exit.o ABSOLUTE
    ../clib/angel/sysapp.c                   0x00000000   Number         0  sys_wrch.o ABSOLUTE
    ../clib/armsys.c                         0x00000000   Number         0  _get_argv_nomalloc.o ABSOLUTE
    ../clib/armsys.c                         0x00000000   Number         0  no_argv.o ABSOLUTE
    ../clib/armsys.c                         0x00000000   Number         0  argv_veneer.o ABSOLUTE
    ../clib/armsys.c                         0x00000000   Number         0  argv_veneer.o ABSOLUTE
    ../clib/fenv.c                           0x00000000   Number         0  _rserrno.o ABSOLUTE
    ../clib/heapalloc.c                      0x00000000   Number         0  hrguard.o ABSOLUTE
    ../clib/heapaux.c                        0x00000000   Number         0  heapauxi.o ABSOLUTE
    ../clib/libinit.s                        0x00000000   Number         0  libshutdown2.o ABSOLUTE
    ../clib/libinit.s                        0x00000000   Number         0  libinit2.o ABSOLUTE
    ../clib/libinit.s                        0x00000000   Number         0  libinit.o ABSOLUTE
    ../clib/libinit.s                        0x00000000   Number         0  libshutdown.o ABSOLUTE
    ../clib/memcpset.s                       0x00000000   Number         0  rt_memcpy_w.o ABSOLUTE
    ../clib/signal.c                         0x00000000   Number         0  defsig_general.o ABSOLUTE
    ../clib/signal.c                         0x00000000   Number         0  __raise.o ABSOLUTE
    ../clib/signal.c                         0x00000000   Number         0  defsig_rtmem_inner.o ABSOLUTE
    ../clib/signal.c                         0x00000000   Number         0  defsig_exit.o ABSOLUTE
    ../clib/signal.c                         0x00000000   Number         0  defsig_rtmem_formal.o ABSOLUTE
    ../clib/signal.c                         0x00000000   Number         0  defsig_rtmem_outer.o ABSOLUTE
    ../clib/signal.c                         0x00000000   Number         0  defsig_fpe_inner.o ABSOLUTE
    ../clib/signal.c                         0x00000000   Number         0  defsig_other.o ABSOLUTE
    ../clib/signal.c                         0x00000000   Number         0  defsig_segv_inner.o ABSOLUTE
    ../clib/signal.c                         0x00000000   Number         0  defsig_cppl_inner.o ABSOLUTE
    ../clib/signal.c                         0x00000000   Number         0  defsig_pvfn_inner.o ABSOLUTE
    ../clib/signal.c                         0x00000000   Number         0  defsig_stak_inner.o ABSOLUTE
    ../clib/signal.c                         0x00000000   Number         0  defsig_rtred_inner.o ABSOLUTE
    ../clib/signal.c                         0x00000000   Number         0  defsig_abrt_inner.o ABSOLUTE
    ../clib/signal.s                         0x00000000   Number         0  defsig.o ABSOLUTE
    ../clib/stdlib.c                         0x00000000   Number         0  exit.o ABSOLUTE
    ../fplib/basic.s                         0x00000000   Number         0  basic.o ABSOLUTE
    ../fplib/d2f.s                           0x00000000   Number         0  d2f.o ABSOLUTE
    ../fplib/daddsub.s                       0x00000000   Number         0  daddsub_clz.o ABSOLUTE
    ../fplib/dcmpi.s                         0x00000000   Number         0  dcmpi.o ABSOLUTE
    ../fplib/ddiv.s                          0x00000000   Number         0  ddiv.o ABSOLUTE
    ../fplib/dleqf.s                         0x00000000   Number         0  dleqf.o ABSOLUTE
    ../fplib/dmul.s                          0x00000000   Number         0  dmul.o ABSOLUTE
    ../fplib/dnaninf.s                       0x00000000   Number         0  dnaninf.o ABSOLUTE
    ../fplib/dretinf.s                       0x00000000   Number         0  dretinf.o ABSOLUTE
    ../fplib/dsqrt.s                         0x00000000   Number         0  dsqrt_umaal.o ABSOLUTE
    ../fplib/f2d.s                           0x00000000   Number         0  f2d.o ABSOLUTE
    ../fplib/fnaninf.s                       0x00000000   Number         0  fnaninf.o ABSOLUTE
    ../fplib/fpinit.s                        0x00000000   Number         0  fpinit.o ABSOLUTE
    ../fplib/fretinf.s                       0x00000000   Number         0  fretinf.o ABSOLUTE
    ../fplib/usenofp.s                       0x00000000   Number         0  usenofp.o ABSOLUTE
    ../mathlib/atan.c                        0x00000000   Number         0  atan_x.o ABSOLUTE
    ../mathlib/atan.c                        0x00000000   Number         0  atan.o ABSOLUTE
    ../mathlib/atan2.c                       0x00000000   Number         0  atan2_x.o ABSOLUTE
    ../mathlib/atan2.c                       0x00000000   Number         0  atan2.o ABSOLUTE
    ../mathlib/dunder.c                      0x00000000   Number         0  dunder.o ABSOLUTE
    ../mathlib/fabs.c                        0x00000000   Number         0  fabs.o ABSOLUTE
    ../mathlib/fpclassify.c                  0x00000000   Number         0  fpclassify.o ABSOLUTE
    ../mathlib/poly.c                        0x00000000   Number         0  poly.o ABSOLUTE
    ../mathlib/qnan.c                        0x00000000   Number         0  qnan.o ABSOLUTE
    ../mathlib/sqrt.c                        0x00000000   Number         0  sqrt_x.o ABSOLUTE
    ../mathlib/sqrt.c                        0x00000000   Number         0  sqrt.o ABSOLUTE
    Custom Libraries\AnalogSensor.c          0x00000000   Number         0  analogsensor.o ABSOLUTE
    Custom Libraries\ControlMechanism.c      0x00000000   Number         0  controlmechanism.o ABSOLUTE
    Custom Libraries\FSRsignal.c             0x00000000   Number         0  fsrsignal.o ABSOLUTE
    Custom Libraries\Fingers.c               0x00000000   Number         0  fingers.o ABSOLUTE
    Custom Libraries\Grips.c                 0x00000000   Number         0  grips.o ABSOLUTE
    Custom Libraries\I2Ccustom.c             0x00000000   Number         0  i2ccustom.o ABSOLUTE
    Custom Libraries\IMU.c                   0x00000000   Number         0  imu.o ABSOLUTE
    Custom Libraries\InitPorts.c             0x00000000   Number         0  initports.o ABSOLUTE
    Custom Libraries\InterruptHandlers.c     0x00000000   Number         0  interrupthandlers.o ABSOLUTE
    Custom Libraries\Motor.c                 0x00000000   Number         0  motor.o ABSOLUTE
    Custom Libraries\SerialUSB.c             0x00000000   Number         0  serialusb.o ABSOLUTE
    Custom Libraries\Timer.c                 0x00000000   Number         0  timer.o ABSOLUTE
    adc.c                                    0x00000000   Number         0  adc.o ABSOLUTE
    cpu.c                                    0x00000000   Number         0  cpu.o ABSOLUTE
    cpu.c                                    0x00000000   Number         0  cpu.o ABSOLUTE
    dc.s                                     0x00000000   Number         0  dc.o ABSOLUTE
    driverlib\startup_rvmdk.S                0x00000000   Number         0  startup_rvmdk.o ABSOLUTE
    driverlib\utils\uartstdio.c              0x00000000   Number         0  uartstdio.o ABSOLUTE
    gpio.c                                   0x00000000   Number         0  gpio.o ABSOLUTE
    i2c.c                                    0x00000000   Number         0  i2c.o ABSOLUTE
    interrupt.c                              0x00000000   Number         0  interrupt.o ABSOLUTE
    main.c                                   0x00000000   Number         0  main.o ABSOLUTE
    pwm.c                                    0x00000000   Number         0  pwm.o ABSOLUTE
    sysctl.c                                 0x00000000   Number         0  sysctl.o ABSOLUTE
    sysctl.c                                 0x00000000   Number         0  sysctl.o ABSOLUTE
    systick.c                                0x00000000   Number         0  systick.o ABSOLUTE
    uart.c                                   0x00000000   Number         0  uart.o ABSOLUTE
    $v0                                      0x0000026c   Number         0  startup_rvmdk.o(RESET)
    NmiSR                                    0x00000281   Thumb Code     0  startup_rvmdk.o(RESET)
    FaultISR                                 0x00000283   Thumb Code     0  startup_rvmdk.o(RESET)
    IntDefaultHandler                        0x00000285   Thumb Code     0  startup_rvmdk.o(RESET)
    !!!main                                  0x00000288   Section        8  __main.o(!!!main)
    !!!scatter                               0x00000290   Section       52  __scatter.o(!!!scatter)
    !!dczerorl2                              0x000002c4   Section       90  __dczerorl2.o(!!dczerorl2)
    !!handler_zi                             0x00000320   Section       28  __scatter_zi.o(!!handler_zi)
    .ARM.Collect$$libinit$$00000000          0x0000033c   Section        2  libinit.o(.ARM.Collect$$libinit$$00000000)
    .ARM.Collect$$libinit$$00000001          0x0000033e   Section        4  libinit2.o(.ARM.Collect$$libinit$$00000001)
    .ARM.Collect$$libinit$$00000004          0x00000342   Section        0  libinit2.o(.ARM.Collect$$libinit$$00000004)
    .ARM.Collect$$libinit$$0000000A          0x00000342   Section        0  libinit2.o(.ARM.Collect$$libinit$$0000000A)
    .ARM.Collect$$libinit$$0000000C          0x00000342   Section        0  libinit2.o(.ARM.Collect$$libinit$$0000000C)
    .ARM.Collect$$libinit$$0000000E          0x00000342   Section        0  libinit2.o(.ARM.Collect$$libinit$$0000000E)
    .ARM.Collect$$libinit$$00000011          0x00000342   Section        0  libinit2.o(.ARM.Collect$$libinit$$00000011)
    .ARM.Collect$$libinit$$00000013          0x00000342   Section        0  libinit2.o(.ARM.Collect$$libinit$$00000013)
    .ARM.Collect$$libinit$$00000015          0x00000342   Section        0  libinit2.o(.ARM.Collect$$libinit$$00000015)
    .ARM.Collect$$libinit$$00000017          0x00000342   Section        0  libinit2.o(.ARM.Collect$$libinit$$00000017)
    .ARM.Collect$$libinit$$00000019          0x00000342   Section        0  libinit2.o(.ARM.Collect$$libinit$$00000019)
    .ARM.Collect$$libinit$$0000001B          0x00000342   Section        0  libinit2.o(.ARM.Collect$$libinit$$0000001B)
    .ARM.Collect$$libinit$$0000001D          0x00000342   Section        0  libinit2.o(.ARM.Collect$$libinit$$0000001D)
    .ARM.Collect$$libinit$$0000001F          0x00000342   Section        0  libinit2.o(.ARM.Collect$$libinit$$0000001F)
    .ARM.Collect$$libinit$$00000021          0x00000342   Section        0  libinit2.o(.ARM.Collect$$libinit$$00000021)
    .ARM.Collect$$libinit$$00000023          0x00000342   Section        0  libinit2.o(.ARM.Collect$$libinit$$00000023)
    .ARM.Collect$$libinit$$00000025          0x00000342   Section        0  libinit2.o(.ARM.Collect$$libinit$$00000025)
    .ARM.Collect$$libinit$$0000002C          0x00000342   Section        0  libinit2.o(.ARM.Collect$$libinit$$0000002C)
    .ARM.Collect$$libinit$$0000002E          0x00000342   Section        0  libinit2.o(.ARM.Collect$$libinit$$0000002E)
    .ARM.Collect$$libinit$$00000030          0x00000342   Section        0  libinit2.o(.ARM.Collect$$libinit$$00000030)
    .ARM.Collect$$libinit$$00000032          0x00000342   Section        0  libinit2.o(.ARM.Collect$$libinit$$00000032)
    .ARM.Collect$$libinit$$00000033          0x00000342   Section        2  libinit2.o(.ARM.Collect$$libinit$$00000033)
    .ARM.Collect$$libshutdown$$00000000      0x00000344   Section        2  libshutdown.o(.ARM.Collect$$libshutdown$$00000000)
    .ARM.Collect$$libshutdown$$00000002      0x00000346   Section        0  libshutdown2.o(.ARM.Collect$$libshutdown$$00000002)
    .ARM.Collect$$libshutdown$$00000004      0x00000346   Section        0  libshutdown2.o(.ARM.Collect$$libshutdown$$00000004)
    .ARM.Collect$$libshutdown$$00000007      0x00000346   Section        0  libshutdown2.o(.ARM.Collect$$libshutdown$$00000007)
    .ARM.Collect$$libshutdown$$0000000A      0x00000346   Section        0  libshutdown2.o(.ARM.Collect$$libshutdown$$0000000A)
    .ARM.Collect$$libshutdown$$0000000C      0x00000346   Section        0  libshutdown2.o(.ARM.Collect$$libshutdown$$0000000C)
    .ARM.Collect$$libshutdown$$0000000F      0x00000346   Section        0  libshutdown2.o(.ARM.Collect$$libshutdown$$0000000F)
    .ARM.Collect$$libshutdown$$00000010      0x00000346   Section        2  libshutdown2.o(.ARM.Collect$$libshutdown$$00000010)
    .ARM.Collect$$rtentry$$00000000          0x00000348   Section        0  __rtentry.o(.ARM.Collect$$rtentry$$00000000)
    .ARM.Collect$$rtentry$$00000002          0x00000348   Section        0  __rtentry2.o(.ARM.Collect$$rtentry$$00000002)
    .ARM.Collect$$rtentry$$00000004          0x00000348   Section        6  __rtentry4.o(.ARM.Collect$$rtentry$$00000004)
    .ARM.Collect$$rtentry$$00000009          0x0000034e   Section        0  __rtentry2.o(.ARM.Collect$$rtentry$$00000009)
    .ARM.Collect$$rtentry$$0000000A          0x0000034e   Section        4  __rtentry2.o(.ARM.Collect$$rtentry$$0000000A)
    .ARM.Collect$$rtentry$$0000000C          0x00000352   Section        0  __rtentry2.o(.ARM.Collect$$rtentry$$0000000C)
    .ARM.Collect$$rtentry$$0000000D          0x00000352   Section        8  __rtentry2.o(.ARM.Collect$$rtentry$$0000000D)
    .ARM.Collect$$rtexit$$00000000           0x0000035a   Section        2  rtexit.o(.ARM.Collect$$rtexit$$00000000)
    .ARM.Collect$$rtexit$$00000002           0x0000035c   Section        0  rtexit2.o(.ARM.Collect$$rtexit$$00000002)
    .ARM.Collect$$rtexit$$00000003           0x0000035c   Section        4  rtexit2.o(.ARM.Collect$$rtexit$$00000003)
    .ARM.Collect$$rtexit$$00000004           0x00000360   Section        6  rtexit2.o(.ARM.Collect$$rtexit$$00000004)
    .emb_text                                0x00000368   Section        6  sysctl.o(.emb_text)
    $v0                                      0x00000368   Number         0  sysctl.o(.emb_text)
    .emb_text                                0x00000370   Section       38  cpu.o(.emb_text)
    $v0                                      0x00000370   Number         0  cpu.o(.emb_text)
    .text                                    0x00000398   Section       24  startup_rvmdk.o(.text)
    $v0                                      0x00000398   Number         0  startup_rvmdk.o(.text)
    .text                                    0x000003b0   Section      100  rt_memcpy_w.o(.text)
    .text                                    0x00000414   Section        0  heapauxi.o(.text)
    .text                                    0x0000041c   Section        8  libspace.o(.text)
    .text                                    0x00000424   Section       74  sys_stackheap_outer.o(.text)
    .text                                    0x0000046e   Section        0  exit.o(.text)
    .text                                    0x00000480   Section        0  sys_exit.o(.text)
    .text                                    0x0000048c   Section        2  use_no_semi.o(.text)
    .text                                    0x0000048e   Section        0  indicate_semi.o(.text)
    i.ADCIntClear                            0x0000048e   Section        0  adc.o(i.ADCIntClear)
    i.ADCIntStatus                           0x00000498   Section        0  adc.o(i.ADCIntStatus)
    i.ADCProcessorTrigger                    0x000004cc   Section        0  adc.o(i.ADCProcessorTrigger)
    i.ADCSequenceConfigure                   0x000004e6   Section        0  adc.o(i.ADCSequenceConfigure)
    i.ADCSequenceDataGet                     0x00000546   Section        0  adc.o(i.ADCSequenceDataGet)
    i.ADCSequenceDisable                     0x0000056a   Section        0  adc.o(i.ADCSequenceDisable)
    i.ADCSequenceEnable                      0x0000057a   Section        0  adc.o(i.ADCSequenceEnable)
    i.ADCSequenceStepConfigure               0x00000588   Section        0  adc.o(i.ADCSequenceStepConfigure)
    i.ActiveIndexGrip                        0x00000624   Section        0  grips.o(i.ActiveIndexGrip)
    i.ControlNonOpposed                      0x00000654   Section        0  controlmechanism.o(i.ControlNonOpposed)
    i.ControlOpposed                         0x000006e0   Section        0  controlmechanism.o(i.ControlOpposed)
    i.FingerPointGrip                        0x00000784   Section        0  grips.o(i.FingerPointGrip)
    i.FingerPulses                           0x00000804   Section        0  interrupthandlers.o(i.FingerPulses)
    i.GPIODirModeSet                         0x00000850   Section        0  gpio.o(i.GPIODirModeSet)
    i.GPIOIntClear                           0x00000878   Section        0  gpio.o(i.GPIOIntClear)
    i.GPIOIntDisable                         0x0000087e   Section        0  gpio.o(i.GPIOIntDisable)
    i.GPIOIntEnable                          0x0000088c   Section        0  gpio.o(i.GPIOIntEnable)
    i.GPIOIntRegister                        0x00000898   Section        0  gpio.o(i.GPIOIntRegister)
    i.GPIOIntStatus                          0x000008b2   Section        0  gpio.o(i.GPIOIntStatus)
    i.GPIOIntTypeSet                         0x000008c0   Section        0  gpio.o(i.GPIOIntTypeSet)
    i.GPIOPadConfigSet                       0x00000910   Section        0  gpio.o(i.GPIOPadConfigSet)
    i.GPIOPinConfigure                       0x00000a48   Section        0  gpio.o(i.GPIOPinConfigure)
    i.GPIOPinRead                            0x00000a8c   Section        0  gpio.o(i.GPIOPinRead)
    i.GPIOPinTypeADC                         0x00000a92   Section        0  gpio.o(i.GPIOPinTypeADC)
    i.GPIOPinTypeGPIOInput                   0x00000aae   Section        0  gpio.o(i.GPIOPinTypeGPIOInput)
    i.GPIOPinTypeGPIOOutput                  0x00000aca   Section        0  gpio.o(i.GPIOPinTypeGPIOOutput)
    i.GPIOPinTypePWM                         0x00000ae6   Section        0  gpio.o(i.GPIOPinTypePWM)
    i.GPIOPinTypeUART                        0x00000b02   Section        0  gpio.o(i.GPIOPinTypeUART)
    i.GPIOPinWrite                           0x00000b1e   Section        0  gpio.o(i.GPIOPinWrite)
    i.HookGrip                               0x00000b24   Section        0  grips.o(i.HookGrip)
    i.InitEnoderVal                          0x00000b70   Section        0  interrupthandlers.o(i.InitEnoderVal)
    i.IntEnable                              0x00000bc8   Section        0  interrupt.o(i.IntEnable)
    i.IntMasterEnable                        0x00000c2c   Section        0  interrupt.o(i.IntMasterEnable)
    i.IntRegister                            0x00000c3c   Section        0  interrupt.o(i.IntRegister)
    i.KeyGrip                                0x00000c70   Section        0  grips.o(i.KeyGrip)
    i.MouseGrip                              0x00000cf4   Section        0  grips.o(i.MouseGrip)
    i.PWMGenConfigure                        0x00000d3c   Section        0  pwm.o(i.PWMGenConfigure)
    i.PWMGenEnable                           0x00000d62   Section        0  pwm.o(i.PWMGenEnable)
    i.PWMGenPeriodSet                        0x00000d6c   Section        0  pwm.o(i.PWMGenPeriodSet)
    i.PWMOutputState                         0x00000d7e   Section        0  pwm.o(i.PWMOutputState)
    i.PWMPulseWidthSet                       0x00000d8e   Section        0  pwm.o(i.PWMPulseWidthSet)
    i.PortCIntHandler                        0x00000db0   Section        0  interrupthandlers.o(i.PortCIntHandler)
    i.PortDIntHandler                        0x00000df8   Section        0  interrupthandlers.o(i.PortDIntHandler)
    i.PowerGrip                              0x00000e40   Section        0  grips.o(i.PowerGrip)
    i.PrecisionOpenGrip                      0x00000e88   Section        0  grips.o(i.PrecisionOpenGrip)
    i.PrintSignal                            0x00000ed4   Section        0  fsrsignal.o(i.PrintSignal)
    i.ProportionalControl                    0x00000fa4   Section        0  fsrsignal.o(i.ProportionalControl)
    i.ProportionalGrip                       0x000010c0   Section        0  grips.o(i.ProportionalGrip)
    i.ReadADC                                0x000011b0   Section        0  analogsensor.o(i.ReadADC)
    i.ReadADCChannel                         0x000011f4   Section        0  analogsensor.o(i.ReadADCChannel)
    i.RestOppGrip                            0x00001250   Section        0  grips.o(i.RestOppGrip)
    i.SignalClassify                         0x00001294   Section        0  fsrsignal.o(i.SignalClassify)
    i.SignalDetection                        0x00001314   Section        0  fsrsignal.o(i.SignalDetection)
    i.StopAllFinger                          0x000013e0   Section        0  grips.o(i.StopAllFinger)
    i.SysCtlClockGet                         0x00001414   Section        0  sysctl.o(i.SysCtlClockGet)
    i.SysCtlClockSet                         0x00001568   Section        0  sysctl.o(i.SysCtlClockSet)
    i.SysCtlPWMClockSet                      0x00001688   Section        0  sysctl.o(i.SysCtlPWMClockSet)
    i.SysCtlPeripheralEnable                 0x0000169c   Section        0  sysctl.o(i.SysCtlPeripheralEnable)
    i.SysCtlPeripheralPresent                0x000016c4   Section        0  sysctl.o(i.SysCtlPeripheralPresent)
    i.SysCtlPeripheralReady                  0x000016f0   Section        0  sysctl.o(i.SysCtlPeripheralReady)
    i.SysTickEnable                          0x0000171c   Section        0  systick.o(i.SysTickEnable)
    i.SysTickIntEnable                       0x0000172a   Section        0  systick.o(i.SysTickIntEnable)
    i.SysTickIntHandler                      0x00001738   Section        0  interrupthandlers.o(i.SysTickIntHandler)
    i.SysTickIntRegister                     0x00001748   Section        0  systick.o(i.SysTickIntRegister)
    i.SysTickPeriodSet                       0x00001760   Section        0  systick.o(i.SysTickPeriodSet)
    i.TripodGrip                             0x0000176c   Section        0  grips.o(i.TripodGrip)
    i.UARTCharPut                            0x000017b8   Section        0  uart.o(i.UARTCharPut)
    i.UARTClockSourceSet                     0x000017c4   Section        0  uart.o(i.UARTClockSourceSet)
    i.UARTConfigSetExpClk                    0x000017ca   Section        0  uart.o(i.UARTConfigSetExpClk)
    i.UARTEnable                             0x00001838   Section        0  uart.o(i.UARTEnable)
    i.UARTStdioConfig                        0x0000184c   Section        0  uartstdio.o(i.UARTStdioConfig)
    i.UARTprintf                             0x0000189c   Section        0  uartstdio.o(i.UARTprintf)
    i.UARTvprintf                            0x000018b8   Section        0  uartstdio.o(i.UARTvprintf)
    i.UARTwrite                              0x00001b08   Section        0  uartstdio.o(i.UARTwrite)
    i._GPIOIntNumberGet                      0x00001b3c   Section        0  gpio.o(i._GPIOIntNumberGet)
    _GPIOIntNumberGet                        0x00001b3d   Thumb Code    62  gpio.o(i._GPIOIntNumberGet)
    i.control_Finger                         0x00001b8c   Section        0  fingers.o(i.control_Finger)
    i.control_Finger_Encoder                 0x00001ba6   Section        0  fingers.o(i.control_Finger_Encoder)
    i.delay                                  0x00001c28   Section        0  timer.o(i.delay)
    i.encodervalue                           0x00001c4c   Section        0  interrupthandlers.o(i.encodervalue)
    i.initADC                                0x00001cdc   Section        0  analogsensor.o(i.initADC)
    i.initGrip                               0x00001d9c   Section        0  grips.o(i.initGrip)
    i.initSysTick                            0x00001e58   Section        0  timer.o(i.initSysTick)
    i.init_encoders                          0x00001e88   Section        0  motor.o(i.init_encoders)
    i.init_motors                            0x00001f00   Section        0  motor.o(i.init_motors)
    i.initallPorts                           0x000020d8   Section        0  initports.o(i.initallPorts)
    i.main                                   0x00002160   Section        0  main.o(i.main)
    i.makeGripException                      0x00002190   Section        0  grips.o(i.makeGripException)
    i.millis                                 0x000022b4   Section        0  timer.o(i.millis)
    i.motorDirection                         0x000022c0   Section        0  motor.o(i.motorDirection)
    i.motorPWM                               0x00002378   Section        0  motor.o(i.motorPWM)
    i.serialBegin                            0x000024c0   Section        0  serialusb.o(i.serialBegin)
    i.setup                                  0x00002534   Section        0  main.o(i.setup)
    x$fpl$fpinit                             0x00002574   Section       10  fpinit.o(x$fpl$fpinit)
    $v0                                      0x00002574   Number         0  fpinit.o(x$fpl$fpinit)
    .constdata                               0x00002580   Section       28  uartstdio.o(.constdata)
    g_pcHex                                  0x00002580   Data           4  uartstdio.o(.constdata)
    g_ui32UARTBase                           0x00002584   Data          12  uartstdio.o(.constdata)
    g_ui32UARTPeriph                         0x00002590   Data          12  uartstdio.o(.constdata)
    .constdata                               0x0000259c   Section      552  gpio.o(.constdata)
    g_ppui32GPIOIntMapBlizzard               0x0000259c   Data         192  gpio.o(.constdata)
    g_ppui32GPIOIntMapSnowflake              0x0000265c   Data         216  gpio.o(.constdata)
    g_pui32GPIOBaseAddrs                     0x00002734   Data         144  gpio.o(.constdata)
    .constdata                               0x000027c4   Section      268  interrupt.o(.constdata)
    g_pui32Priority                          0x000027c4   Data          32  interrupt.o(.constdata)
    g_pui32Regs                              0x000027e4   Data         156  interrupt.o(.constdata)
    g_pui32EnRegs                            0x00002880   Data          20  interrupt.o(.constdata)
    g_pui32Dii16Regs                         0x00002894   Data          20  interrupt.o(.constdata)
    g_pui32PendRegs                          0x000028a8   Data          20  interrupt.o(.constdata)
    g_pui32UnpendRegs                        0x000028bc   Data          20  interrupt.o(.constdata)
    .constdata                               0x000028d0   Section      596  sysctl.o(.constdata)
    g_pui32VCOFrequencies                    0x000028d0   Data           8  sysctl.o(.constdata)
    g_pui32Xtals                             0x000028d8   Data         108  sysctl.o(.constdata)
    g_pppui32XTALtoVCO                       0x00002944   Data         432  sysctl.o(.constdata)
    g_sXTALtoMEMTIM                          0x00002af4   Data          48  sysctl.o(.constdata)
    .conststring                             0x00002b24   Section      161  grips.o(.conststring)
    .conststring                             0x00002bc8   Section       17  uartstdio.o(.conststring)
    .data                                    0x20000000   Section        1  controlmechanism.o(.data)
    .data                                    0x20000004   Section       24  fsrsignal.o(.data)
    .data                                    0x2000001c   Section      328  grips.o(.data)
    .data                                    0x20000164   Section       52  interrupthandlers.o(.data)
    .data                                    0x20000198   Section        5  motor.o(.data)
    .data                                    0x200001a0   Section        4  timer.o(.data)
    .data                                    0x200001a4   Section        5  uartstdio.o(.data)
    g_ui32Base                               0x200001a4   Data           4  uartstdio.o(.data)
    bLastWasCR                               0x200001a8   Data           1  uartstdio.o(.data)
    vtable                                   0x20000400   Section      620  interrupt.o(vtable)
    g_pfnRAMVectors                          0x20000400   Data         620  interrupt.o(vtable)
    .bss                                     0x2000066c   Section       32  analogsensor.o(.bss)
    .bss                                     0x2000068c   Section       96  libspace.o(.bss)
    HEAP                                     0x200006f0   Section        0  startup_rvmdk.o(HEAP)
    STACK                                    0x200006f0   Section      512  startup_rvmdk.o(STACK)
    HeapMem                                  0x200006f0   Data           0  startup_rvmdk.o(HEAP)
    StackMem                                 0x200006f0   Data           0  startup_rvmdk.o(STACK)

    Global Symbols

    Symbol Name                              Value     Ov Type        Size  Object(Section)

    BuildAttributes$$THM_ISAv4$E$P$D$K$B$S$7EM$VFPi3$EXTD16$VFPS$VFMA$PE$A:L22UL41UL21$X:L11$S22US41US21$IEEE1$IW$USESV6$~STKCKD$USESV7$~SHL$OTIME$ROPI$IEEEX$EBA8$UX$STANDARDLIB$REQ8$PRES8$EABIv2 0x00000000   Number         0  anon$$obj.o ABSOLUTE
    __ARM_use_no_argv                        0x00000000   Number         0  main.o ABSOLUTE
    __Vectors                                0x00000000   Data           0  startup_rvmdk.o(RESET)
    __ARM_exceptions_init                     - Undefined Weak Reference
    __alloca_initialize                       - Undefined Weak Reference
    __arm_preinit_                            - Undefined Weak Reference
    __cpp_initialize__aeabi_                  - Undefined Weak Reference
    __cxa_finalize                            - Undefined Weak Reference
    __rt_locale                               - Undefined Weak Reference
    __sigvec_lookup                           - Undefined Weak Reference
    _atexit_init                              - Undefined Weak Reference
    _call_atexit_fns                          - Undefined Weak Reference
    _clock_init                               - Undefined Weak Reference
    _fp_trap_init                             - Undefined Weak Reference
    _fp_trap_shutdown                         - Undefined Weak Reference
    _get_lc_collate                           - Undefined Weak Reference
    _get_lc_ctype                             - Undefined Weak Reference
    _get_lc_monetary                          - Undefined Weak Reference
    _get_lc_numeric                           - Undefined Weak Reference
    _get_lc_time                              - Undefined Weak Reference
    _getenv_init                              - Undefined Weak Reference
    _handle_redirection                       - Undefined Weak Reference
    _init_alloc                               - Undefined Weak Reference
    _init_user_alloc                          - Undefined Weak Reference
    _initio                                   - Undefined Weak Reference
    _rand_init                                - Undefined Weak Reference
    _signal_finish                            - Undefined Weak Reference
    _signal_init                              - Undefined Weak Reference
    _terminate_alloc                          - Undefined Weak Reference
    _terminate_user_alloc                     - Undefined Weak Reference
    _terminateio                              - Undefined Weak Reference
    Reset_Handler                            0x0000026d   Thumb Code     0  startup_rvmdk.o(RESET)
    __main                                   0x00000289   Thumb Code     8  __main.o(!!!main)
    __scatterload                            0x00000291   Thumb Code     0  __scatter.o(!!!scatter)
    __scatterload_rt2                        0x00000291   Thumb Code    44  __scatter.o(!!!scatter)
    __scatterload_rt2_thumb_only             0x00000291   Thumb Code     0  __scatter.o(!!!scatter)
    __scatterload_null                       0x0000029f   Thumb Code     0  __scatter.o(!!!scatter)
    __decompress                             0x000002c5   Thumb Code    90  __dczerorl2.o(!!dczerorl2)
    __decompress1                            0x000002c5   Thumb Code     0  __dczerorl2.o(!!dczerorl2)
    __scatterload_zeroinit                   0x00000321   Thumb Code    28  __scatter_zi.o(!!handler_zi)
    __rt_lib_init                            0x0000033d   Thumb Code     0  libinit.o(.ARM.Collect$$libinit$$00000000)
    __rt_lib_init_fp_1                       0x0000033f   Thumb Code     0  libinit2.o(.ARM.Collect$$libinit$$00000001)
    __rt_lib_init_alloca_1                   0x00000343   Thumb Code     0  libinit2.o(.ARM.Collect$$libinit$$0000002E)
    __rt_lib_init_argv_1                     0x00000343   Thumb Code     0  libinit2.o(.ARM.Collect$$libinit$$0000002C)
    __rt_lib_init_atexit_1                   0x00000343   Thumb Code     0  libinit2.o(.ARM.Collect$$libinit$$0000001B)
    __rt_lib_init_clock_1                    0x00000343   Thumb Code     0  libinit2.o(.ARM.Collect$$libinit$$00000021)
    __rt_lib_init_cpp_1                      0x00000343   Thumb Code     0  libinit2.o(.ARM.Collect$$libinit$$00000032)
    __rt_lib_init_exceptions_1               0x00000343   Thumb Code     0  libinit2.o(.ARM.Collect$$libinit$$00000030)
    __rt_lib_init_fp_trap_1                  0x00000343   Thumb Code     0  libinit2.o(.ARM.Collect$$libinit$$0000001F)
    __rt_lib_init_getenv_1                   0x00000343   Thumb Code     0  libinit2.o(.ARM.Collect$$libinit$$00000023)
    __rt_lib_init_heap_1                     0x00000343   Thumb Code     0  libinit2.o(.ARM.Collect$$libinit$$0000000A)
    __rt_lib_init_lc_collate_1               0x00000343   Thumb Code     0  libinit2.o(.ARM.Collect$$libinit$$00000011)
    __rt_lib_init_lc_ctype_1                 0x00000343   Thumb Code     0  libinit2.o(.ARM.Collect$$libinit$$00000013)
    __rt_lib_init_lc_monetary_1              0x00000343   Thumb Code     0  libinit2.o(.ARM.Collect$$libinit$$00000015)
    __rt_lib_init_lc_numeric_1               0x00000343   Thumb Code     0  libinit2.o(.ARM.Collect$$libinit$$00000017)
    __rt_lib_init_lc_time_1                  0x00000343   Thumb Code     0  libinit2.o(.ARM.Collect$$libinit$$00000019)
    __rt_lib_init_preinit_1                  0x00000343   Thumb Code     0  libinit2.o(.ARM.Collect$$libinit$$00000004)
    __rt_lib_init_rand_1                     0x00000343   Thumb Code     0  libinit2.o(.ARM.Collect$$libinit$$0000000E)
    __rt_lib_init_return                     0x00000343   Thumb Code     0  libinit2.o(.ARM.Collect$$libinit$$00000033)
    __rt_lib_init_signal_1                   0x00000343   Thumb Code     0  libinit2.o(.ARM.Collect$$libinit$$0000001D)
    __rt_lib_init_stdio_1                    0x00000343   Thumb Code     0  libinit2.o(.ARM.Collect$$libinit$$00000025)
    __rt_lib_init_user_alloc_1               0x00000343   Thumb Code     0  libinit2.o(.ARM.Collect$$libinit$$0000000C)
    __rt_lib_shutdown                        0x00000345   Thumb Code     0  libshutdown.o(.ARM.Collect$$libshutdown$$00000000)
    __rt_lib_shutdown_cpp_1                  0x00000347   Thumb Code     0  libshutdown2.o(.ARM.Collect$$libshutdown$$00000002)
    __rt_lib_shutdown_fp_trap_1              0x00000347   Thumb Code     0  libshutdown2.o(.ARM.Collect$$libshutdown$$00000007)
    __rt_lib_shutdown_heap_1                 0x00000347   Thumb Code     0  libshutdown2.o(.ARM.Collect$$libshutdown$$0000000F)
    __rt_lib_shutdown_return                 0x00000347   Thumb Code     0  libshutdown2.o(.ARM.Collect$$libshutdown$$00000010)
    __rt_lib_shutdown_signal_1               0x00000347   Thumb Code     0  libshutdown2.o(.ARM.Collect$$libshutdown$$0000000A)
    __rt_lib_shutdown_stdio_1                0x00000347   Thumb Code     0  libshutdown2.o(.ARM.Collect$$libshutdown$$00000004)
    __rt_lib_shutdown_user_alloc_1           0x00000347   Thumb Code     0  libshutdown2.o(.ARM.Collect$$libshutdown$$0000000C)
    __rt_entry                               0x00000349   Thumb Code     0  __rtentry.o(.ARM.Collect$$rtentry$$00000000)
    __rt_entry_presh_1                       0x00000349   Thumb Code     0  __rtentry2.o(.ARM.Collect$$rtentry$$00000002)
    __rt_entry_sh                            0x00000349   Thumb Code     0  __rtentry4.o(.ARM.Collect$$rtentry$$00000004)
    __rt_entry_li                            0x0000034f   Thumb Code     0  __rtentry2.o(.ARM.Collect$$rtentry$$0000000A)
    __rt_entry_postsh_1                      0x0000034f   Thumb Code     0  __rtentry2.o(.ARM.Collect$$rtentry$$00000009)
    __rt_entry_main                          0x00000353   Thumb Code     0  __rtentry2.o(.ARM.Collect$$rtentry$$0000000D)
    __rt_entry_postli_1                      0x00000353   Thumb Code     0  __rtentry2.o(.ARM.Collect$$rtentry$$0000000C)
    __rt_exit                                0x0000035b   Thumb Code     0  rtexit.o(.ARM.Collect$$rtexit$$00000000)
    __rt_exit_ls                             0x0000035d   Thumb Code     0  rtexit2.o(.ARM.Collect$$rtexit$$00000003)
    __rt_exit_prels_1                        0x0000035d   Thumb Code     0  rtexit2.o(.ARM.Collect$$rtexit$$00000002)
    __rt_exit_exit                           0x00000361   Thumb Code     0  rtexit2.o(.ARM.Collect$$rtexit$$00000004)
    SysCtlDelay                              0x00000369   Thumb Code     6  sysctl.o(.emb_text)
    CPUcpsid                                 0x00000371   Thumb Code     8  cpu.o(.emb_text)
    CPUprimask                               0x00000379   Thumb Code     6  cpu.o(.emb_text)
    CPUcpsie                                 0x0000037f   Thumb Code     8  cpu.o(.emb_text)
    CPUwfi                                   0x00000387   Thumb Code     4  cpu.o(.emb_text)
    CPUbasepriSet                            0x0000038b   Thumb Code     6  cpu.o(.emb_text)
    CPUbasepriGet                            0x00000391   Thumb Code     6  cpu.o(.emb_text)
    __user_initial_stackheap                 0x00000399   Thumb Code     0  startup_rvmdk.o(.text)
    __aeabi_memcpy4                          0x000003b1   Thumb Code     0  rt_memcpy_w.o(.text)
    __aeabi_memcpy8                          0x000003b1   Thumb Code     0  rt_memcpy_w.o(.text)
    __rt_memcpy_w                            0x000003b1   Thumb Code   100  rt_memcpy_w.o(.text)
    _memcpy_lastbytes_aligned                0x000003f9   Thumb Code     0  rt_memcpy_w.o(.text)
    __use_two_region_memory                  0x00000415   Thumb Code     2  heapauxi.o(.text)
    __rt_heap_escrow$2region                 0x00000417   Thumb Code     2  heapauxi.o(.text)
    __rt_heap_expand$2region                 0x00000419   Thumb Code     2  heapauxi.o(.text)
    __user_libspace                          0x0000041d   Thumb Code     8  libspace.o(.text)
    __user_perproc_libspace                  0x0000041d   Thumb Code     0  libspace.o(.text)
    __user_perthread_libspace                0x0000041d   Thumb Code     0  libspace.o(.text)
    __user_setup_stackheap                   0x00000425   Thumb Code    74  sys_stackheap_outer.o(.text)
    exit                                     0x0000046f   Thumb Code    18  exit.o(.text)
    _sys_exit                                0x00000481   Thumb Code     8  sys_exit.o(.text)
    __I$use$semihosting                      0x0000048d   Thumb Code     0  use_no_semi.o(.text)
    __use_no_semihosting_swi                 0x0000048d   Thumb Code     2  use_no_semi.o(.text)
    ADCIntClear                              0x0000048f   Thumb Code    10  adc.o(i.ADCIntClear)
    __semihosting_library_function           0x0000048f   Thumb Code     0  indicate_semi.o(.text)
    ADCIntStatus                             0x00000499   Thumb Code    52  adc.o(i.ADCIntStatus)
    ADCProcessorTrigger                      0x000004cd   Thumb Code    26  adc.o(i.ADCProcessorTrigger)
    ADCSequenceConfigure                     0x000004e7   Thumb Code    96  adc.o(i.ADCSequenceConfigure)
    ADCSequenceDataGet                       0x00000547   Thumb Code    36  adc.o(i.ADCSequenceDataGet)
    ADCSequenceDisable                       0x0000056b   Thumb Code    16  adc.o(i.ADCSequenceDisable)
    ADCSequenceEnable                        0x0000057b   Thumb Code    14  adc.o(i.ADCSequenceEnable)
    ADCSequenceStepConfigure                 0x00000589   Thumb Code   154  adc.o(i.ADCSequenceStepConfigure)
    ActiveIndexGrip                          0x00000625   Thumb Code    16  grips.o(i.ActiveIndexGrip)
    ControlNonOpposed                        0x00000655   Thumb Code   130  controlmechanism.o(i.ControlNonOpposed)
    ControlOpposed                           0x000006e1   Thumb Code   130  controlmechanism.o(i.ControlOpposed)
    FingerPointGrip                          0x00000785   Thumb Code    94  grips.o(i.FingerPointGrip)
    FingerPulses                             0x00000805   Thumb Code    76  interrupthandlers.o(i.FingerPulses)
    GPIODirModeSet                           0x00000851   Thumb Code    40  gpio.o(i.GPIODirModeSet)
    GPIOIntClear                             0x00000879   Thumb Code     6  gpio.o(i.GPIOIntClear)
    GPIOIntDisable                           0x0000087f   Thumb Code    14  gpio.o(i.GPIOIntDisable)
    GPIOIntEnable                            0x0000088d   Thumb Code    12  gpio.o(i.GPIOIntEnable)
    GPIOIntRegister                          0x00000899   Thumb Code    26  gpio.o(i.GPIOIntRegister)
    GPIOIntStatus                            0x000008b3   Thumb Code    14  gpio.o(i.GPIOIntStatus)
    GPIOIntTypeSet                           0x000008c1   Thumb Code    80  gpio.o(i.GPIOIntTypeSet)
    GPIOPadConfigSet                         0x00000911   Thumb Code   312  gpio.o(i.GPIOPadConfigSet)
    GPIOPinConfigure                         0x00000a49   Thumb Code    60  gpio.o(i.GPIOPinConfigure)
    GPIOPinRead                              0x00000a8d   Thumb Code     6  gpio.o(i.GPIOPinRead)
    GPIOPinTypeADC                           0x00000a93   Thumb Code    28  gpio.o(i.GPIOPinTypeADC)
    GPIOPinTypeGPIOInput                     0x00000aaf   Thumb Code    28  gpio.o(i.GPIOPinTypeGPIOInput)
    GPIOPinTypeGPIOOutput                    0x00000acb   Thumb Code    28  gpio.o(i.GPIOPinTypeGPIOOutput)
    GPIOPinTypePWM                           0x00000ae7   Thumb Code    28  gpio.o(i.GPIOPinTypePWM)
    GPIOPinTypeUART                          0x00000b03   Thumb Code    28  gpio.o(i.GPIOPinTypeUART)
    GPIOPinWrite                             0x00000b1f   Thumb Code     6  gpio.o(i.GPIOPinWrite)
    HookGrip                                 0x00000b25   Thumb Code    46  grips.o(i.HookGrip)
    InitEnoderVal                            0x00000b71   Thumb Code    46  interrupthandlers.o(i.InitEnoderVal)
    IntEnable                                0x00000bc9   Thumb Code    92  interrupt.o(i.IntEnable)
    IntMasterEnable                          0x00000c2d   Thumb Code    14  interrupt.o(i.IntMasterEnable)
    IntRegister                              0x00000c3d   Thumb Code    44  interrupt.o(i.IntRegister)
    KeyGrip                                  0x00000c71   Thumb Code   106  grips.o(i.KeyGrip)
    MouseGrip                                0x00000cf5   Thumb Code    42  grips.o(i.MouseGrip)
    PWMGenConfigure                          0x00000d3d   Thumb Code    38  pwm.o(i.PWMGenConfigure)
    PWMGenEnable                             0x00000d63   Thumb Code    10  pwm.o(i.PWMGenEnable)
    PWMGenPeriodSet                          0x00000d6d   Thumb Code    18  pwm.o(i.PWMGenPeriodSet)
    PWMOutputState                           0x00000d7f   Thumb Code    16  pwm.o(i.PWMOutputState)
    PWMPulseWidthSet                         0x00000d8f   Thumb Code    32  pwm.o(i.PWMPulseWidthSet)
    PortCIntHandler                          0x00000db1   Thumb Code    62  interrupthandlers.o(i.PortCIntHandler)
    PortDIntHandler                          0x00000df9   Thumb Code    60  interrupthandlers.o(i.PortDIntHandler)
    PowerGrip                                0x00000e41   Thumb Code    44  grips.o(i.PowerGrip)
    PrecisionOpenGrip                        0x00000e89   Thumb Code    42  grips.o(i.PrecisionOpenGrip)
    PrintSignal                              0x00000ed5   Thumb Code   102  fsrsignal.o(i.PrintSignal)
    ProportionalControl                      0x00000fa5   Thumb Code   226  fsrsignal.o(i.ProportionalControl)
    ProportionalGrip                         0x000010c1   Thumb Code   234  grips.o(i.ProportionalGrip)
    ReadADC                                  0x000011b1   Thumb Code    58  analogsensor.o(i.ReadADC)
    ReadADCChannel                           0x000011f5   Thumb Code    88  analogsensor.o(i.ReadADCChannel)
    RestOppGrip                              0x00001251   Thumb Code    36  grips.o(i.RestOppGrip)
    SignalClassify                           0x00001295   Thumb Code   114  fsrsignal.o(i.SignalClassify)
    SignalDetection                          0x00001315   Thumb Code   202  fsrsignal.o(i.SignalDetection)
    StopAllFinger                            0x000013e1   Thumb Code    30  grips.o(i.StopAllFinger)
    SysCtlClockGet                           0x00001415   Thumb Code   304  sysctl.o(i.SysCtlClockGet)
    SysCtlClockSet                           0x00001569   Thumb Code   270  sysctl.o(i.SysCtlClockSet)
    SysCtlPWMClockSet                        0x00001689   Thumb Code    14  sysctl.o(i.SysCtlPWMClockSet)
    SysCtlPeripheralEnable                   0x0000169d   Thumb Code    36  sysctl.o(i.SysCtlPeripheralEnable)
    SysCtlPeripheralPresent                  0x000016c5   Thumb Code    40  sysctl.o(i.SysCtlPeripheralPresent)
    SysCtlPeripheralReady                    0x000016f1   Thumb Code    40  sysctl.o(i.SysCtlPeripheralReady)
    SysTickEnable                            0x0000171d   Thumb Code    14  systick.o(i.SysTickEnable)
    SysTickIntEnable                         0x0000172b   Thumb Code    14  systick.o(i.SysTickIntEnable)
    SysTickIntHandler                        0x00001739   Thumb Code    12  interrupthandlers.o(i.SysTickIntHandler)
    SysTickIntRegister                       0x00001749   Thumb Code    24  systick.o(i.SysTickIntRegister)
    SysTickPeriodSet                         0x00001761   Thumb Code    10  systick.o(i.SysTickPeriodSet)
    TripodGrip                               0x0000176d   Thumb Code    44  grips.o(i.TripodGrip)
    UARTCharPut                              0x000017b9   Thumb Code    12  uart.o(i.UARTCharPut)
    UARTClockSourceSet                       0x000017c5   Thumb Code     6  uart.o(i.UARTClockSourceSet)
    UARTConfigSetExpClk                      0x000017cb   Thumb Code   110  uart.o(i.UARTConfigSetExpClk)
    UARTEnable                               0x00001839   Thumb Code    20  uart.o(i.UARTEnable)
    UARTStdioConfig                          0x0000184d   Thumb Code    68  uartstdio.o(i.UARTStdioConfig)
    UARTprintf                               0x0000189d   Thumb Code    26  uartstdio.o(i.UARTprintf)
    UARTvprintf                              0x000018b9   Thumb Code   574  uartstdio.o(i.UARTvprintf)
    UARTwrite                                0x00001b09   Thumb Code    46  uartstdio.o(i.UARTwrite)
    control_Finger                           0x00001b8d   Thumb Code    26  fingers.o(i.control_Finger)
    control_Finger_Encoder                   0x00001ba7   Thumb Code   128  fingers.o(i.control_Finger_Encoder)
    delay                                    0x00001c29   Thumb Code    26  timer.o(i.delay)
    encodervalue                             0x00001c4d   Thumb Code   104  interrupthandlers.o(i.encodervalue)
    initADC                                  0x00001cdd   Thumb Code   170  analogsensor.o(i.initADC)
    initGrip                                 0x00001d9d   Thumb Code   168  grips.o(i.initGrip)
    initSysTick                              0x00001e59   Thumb Code    42  timer.o(i.initSysTick)
    init_encoders                            0x00001e89   Thumb Code   104  motor.o(i.init_encoders)
    init_motors                              0x00001f01   Thumb Code   426  motor.o(i.init_motors)
    initallPorts                             0x000020d9   Thumb Code   132  initports.o(i.initallPorts)
    main                                     0x00002161   Thumb Code    46  main.o(i.main)
    makeGripException                        0x00002191   Thumb Code   274  grips.o(i.makeGripException)
    millis                                   0x000022b5   Thumb Code     6  timer.o(i.millis)
    motorDirection                           0x000022c1   Thumb Code   172  motor.o(i.motorDirection)
    motorPWM                                 0x00002379   Thumb Code   302  motor.o(i.motorPWM)
    serialBegin                              0x000024c1   Thumb Code    72  serialusb.o(i.serialBegin)
    setup                                    0x00002535   Thumb Code    58  main.o(i.setup)
    _fp_init                                 0x00002575   Thumb Code    10  fpinit.o(x$fpl$fpinit)
    __fplib_config_fpu_vfp                   0x0000257d   Thumb Code     0  fpinit.o(x$fpl$fpinit)
    __fplib_config_pureend_doubles           0x0000257d   Thumb Code     0  fpinit.o(x$fpl$fpinit)
    Region$$Table$$Base                      0x00002bdc   Number         0  anon$$obj.o(Region$$Table)
    Region$$Table$$Limit                     0x00002bfc   Number         0  anon$$obj.o(Region$$Table)
    classifiedSignal                         0x20000000   Data           1  controlmechanism.o(.data)
    time1                                    0x20000004   Data           4  fsrsignal.o(.data)
    time2                                    0x20000008   Data           4  fsrsignal.o(.data)
    time21                                   0x2000000c   Data           4  fsrsignal.o(.data)
    Ptime1                                   0x20000010   Data           4  fsrsignal.o(.data)
    Ptime2                                   0x20000014   Data           4  fsrsignal.o(.data)
    Ptime21                                  0x20000018   Data           4  fsrsignal.o(.data)
    grips                                    0x2000001c   Data         320  grips.o(.data)
    lastgrip                                 0x2000015c   Data           4  grips.o(.data)
    FSRmax                                   0x20000160   Data           4  grips.o(.data)
    countA1                                  0x20000164   Data           4  interrupthandlers.o(.data)
    countA2                                  0x20000168   Data           4  interrupthandlers.o(.data)
    countA3                                  0x2000016c   Data           4  interrupthandlers.o(.data)
    countA4                                  0x20000170   Data           4  interrupthandlers.o(.data)
    countA5                                  0x20000174   Data           4  interrupthandlers.o(.data)
    countB1                                  0x20000178   Data           4  interrupthandlers.o(.data)
    countB2                                  0x2000017c   Data           4  interrupthandlers.o(.data)
    countB3                                  0x20000180   Data           4  interrupthandlers.o(.data)
    countB4                                  0x20000184   Data           4  interrupthandlers.o(.data)
    countB5                                  0x20000188   Data           4  interrupthandlers.o(.data)
    _millis                                  0x2000018c   Data           4  interrupthandlers.o(.data)
    _micros                                  0x20000190   Data           4  interrupthandlers.o(.data)
    curr                                     0x20000194   Data           4  interrupthandlers.o(.data)
    M1PWMflag                                0x20000198   Data           1  motor.o(.data)
    M2PWMflag                                0x20000199   Data           1  motor.o(.data)
    M3PWMflag                                0x2000019a   Data           1  motor.o(.data)
    M4PWMflag                                0x2000019b   Data           1  motor.o(.data)
    M5PWMflag                                0x2000019c   Data           1  motor.o(.data)
    last_count                               0x200001a0   Data           4  timer.o(.data)
    uiADCValue                               0x2000066c   Data          32  analogsensor.o(.bss)
    __libspace_start                         0x2000068c   Data          96  libspace.o(.bss)
    __temporary_stack_top$libspace           0x200006ec   Data           0  libspace.o(.bss)



==============================================================================

Memory Map of the image

  Image Entry point : 0x0000026d

  Load Region LR_1 (Base: 0x00000000, Size: 0x00003268, Max: 0xffffffff, ABSOLUTE, COMPRESSED[0x00002c58])

    Execution Region ER_RO (Exec base: 0x00000000, Load base: 0x00000000, Size: 0x00002bfc, Max: 0xffffffff, ABSOLUTE)

    Exec Addr    Load Addr    Size         Type   Attr      Idx    E Section Name        Object

    0x00000000   0x00000000   0x00000288   Code   RO          133  * RESET               startup_rvmdk.o
    0x00000288   0x00000288   0x00000008   Code   RO         2710  * !!!main             c_w.l(__main.o)
    0x00000290   0x00000290   0x00000034   Code   RO         2972    !!!scatter          c_w.l(__scatter.o)
    0x000002c4   0x000002c4   0x0000005a   Code   RO         2970    !!dczerorl2         c_w.l(__dczerorl2.o)
    0x0000031e   0x0000031e   0x00000002   PAD
    0x00000320   0x00000320   0x0000001c   Code   RO         2974    !!handler_zi        c_w.l(__scatter_zi.o)
    0x0000033c   0x0000033c   0x00000002   Code   RO         2843    .ARM.Collect$$libinit$$00000000  c_w.l(libinit.o)
    0x0000033e   0x0000033e   0x00000004   Code   RO         2846    .ARM.Collect$$libinit$$00000001  c_w.l(libinit2.o)
    0x00000342   0x00000342   0x00000000   Code   RO         2849    .ARM.Collect$$libinit$$00000004  c_w.l(libinit2.o)
    0x00000342   0x00000342   0x00000000   Code   RO         2852    .ARM.Collect$$libinit$$0000000A  c_w.l(libinit2.o)
    0x00000342   0x00000342   0x00000000   Code   RO         2854    .ARM.Collect$$libinit$$0000000C  c_w.l(libinit2.o)
    0x00000342   0x00000342   0x00000000   Code   RO         2856    .ARM.Collect$$libinit$$0000000E  c_w.l(libinit2.o)
    0x00000342   0x00000342   0x00000000   Code   RO         2859    .ARM.Collect$$libinit$$00000011  c_w.l(libinit2.o)
    0x00000342   0x00000342   0x00000000   Code   RO         2861    .ARM.Collect$$libinit$$00000013  c_w.l(libinit2.o)
    0x00000342   0x00000342   0x00000000   Code   RO         2863    .ARM.Collect$$libinit$$00000015  c_w.l(libinit2.o)
    0x00000342   0x00000342   0x00000000   Code   RO         2865    .ARM.Collect$$libinit$$00000017  c_w.l(libinit2.o)
    0x00000342   0x00000342   0x00000000   Code   RO         2867    .ARM.Collect$$libinit$$00000019  c_w.l(libinit2.o)
    0x00000342   0x00000342   0x00000000   Code   RO         2869    .ARM.Collect$$libinit$$0000001B  c_w.l(libinit2.o)
    0x00000342   0x00000342   0x00000000   Code   RO         2871    .ARM.Collect$$libinit$$0000001D  c_w.l(libinit2.o)
    0x00000342   0x00000342   0x00000000   Code   RO         2873    .ARM.Collect$$libinit$$0000001F  c_w.l(libinit2.o)
    0x00000342   0x00000342   0x00000000   Code   RO         2875    .ARM.Collect$$libinit$$00000021  c_w.l(libinit2.o)
    0x00000342   0x00000342   0x00000000   Code   RO         2877    .ARM.Collect$$libinit$$00000023  c_w.l(libinit2.o)
    0x00000342   0x00000342   0x00000000   Code   RO         2879    .ARM.Collect$$libinit$$00000025  c_w.l(libinit2.o)
    0x00000342   0x00000342   0x00000000   Code   RO         2883    .ARM.Collect$$libinit$$0000002C  c_w.l(libinit2.o)
    0x00000342   0x00000342   0x00000000   Code   RO         2885    .ARM.Collect$$libinit$$0000002E  c_w.l(libinit2.o)
    0x00000342   0x00000342   0x00000000   Code   RO         2887    .ARM.Collect$$libinit$$00000030  c_w.l(libinit2.o)
    0x00000342   0x00000342   0x00000000   Code   RO         2889    .ARM.Collect$$libinit$$00000032  c_w.l(libinit2.o)
    0x00000342   0x00000342   0x00000002   Code   RO         2890    .ARM.Collect$$libinit$$00000033  c_w.l(libinit2.o)
    0x00000344   0x00000344   0x00000002   Code   RO         2910    .ARM.Collect$$libshutdown$$00000000  c_w.l(libshutdown.o)
    0x00000346   0x00000346   0x00000000   Code   RO         2923    .ARM.Collect$$libshutdown$$00000002  c_w.l(libshutdown2.o)
    0x00000346   0x00000346   0x00000000   Code   RO         2925    .ARM.Collect$$libshutdown$$00000004  c_w.l(libshutdown2.o)
    0x00000346   0x00000346   0x00000000   Code   RO         2928    .ARM.Collect$$libshutdown$$00000007  c_w.l(libshutdown2.o)
    0x00000346   0x00000346   0x00000000   Code   RO         2931    .ARM.Collect$$libshutdown$$0000000A  c_w.l(libshutdown2.o)
    0x00000346   0x00000346   0x00000000   Code   RO         2933    .ARM.Collect$$libshutdown$$0000000C  c_w.l(libshutdown2.o)
    0x00000346   0x00000346   0x00000000   Code   RO         2936    .ARM.Collect$$libshutdown$$0000000F  c_w.l(libshutdown2.o)
    0x00000346   0x00000346   0x00000002   Code   RO         2937    .ARM.Collect$$libshutdown$$00000010  c_w.l(libshutdown2.o)
    0x00000348   0x00000348   0x00000000   Code   RO         2740    .ARM.Collect$$rtentry$$00000000  c_w.l(__rtentry.o)
    0x00000348   0x00000348   0x00000000   Code   RO         2804    .ARM.Collect$$rtentry$$00000002  c_w.l(__rtentry2.o)
    0x00000348   0x00000348   0x00000006   Code   RO         2816    .ARM.Collect$$rtentry$$00000004  c_w.l(__rtentry4.o)
    0x0000034e   0x0000034e   0x00000000   Code   RO         2806    .ARM.Collect$$rtentry$$00000009  c_w.l(__rtentry2.o)
    0x0000034e   0x0000034e   0x00000004   Code   RO         2807    .ARM.Collect$$rtentry$$0000000A  c_w.l(__rtentry2.o)
    0x00000352   0x00000352   0x00000000   Code   RO         2809    .ARM.Collect$$rtentry$$0000000C  c_w.l(__rtentry2.o)
    0x00000352   0x00000352   0x00000008   Code   RO         2810    .ARM.Collect$$rtentry$$0000000D  c_w.l(__rtentry2.o)
    0x0000035a   0x0000035a   0x00000002   Code   RO         2844    .ARM.Collect$$rtexit$$00000000  c_w.l(rtexit.o)
    0x0000035c   0x0000035c   0x00000000   Code   RO         2892    .ARM.Collect$$rtexit$$00000002  c_w.l(rtexit2.o)
    0x0000035c   0x0000035c   0x00000004   Code   RO         2893    .ARM.Collect$$rtexit$$00000003  c_w.l(rtexit2.o)
    0x00000360   0x00000360   0x00000006   Code   RO         2894    .ARM.Collect$$rtexit$$00000004  c_w.l(rtexit2.o)
    0x00000366   0x00000366   0x00000002   PAD
    0x00000368   0x00000368   0x00000006   Code   RO         1988    .emb_text           driverlib.lib(sysctl.o)
    0x0000036e   0x0000036e   0x00000002   PAD
    0x00000370   0x00000370   0x00000026   Code   RO         2694    .emb_text           driverlib.lib(cpu.o)
    0x00000396   0x00000396   0x00000002   PAD
    0x00000398   0x00000398   0x00000018   Code   RO          134    .text               startup_rvmdk.o
    0x000003b0   0x000003b0   0x00000064   Code   RO         2706    .text               c_w.l(rt_memcpy_w.o)
    0x00000414   0x00000414   0x00000006   Code   RO         2708    .text               c_w.l(heapauxi.o)
    0x0000041a   0x0000041a   0x00000002   PAD
    0x0000041c   0x0000041c   0x00000008   Code   RO         2831    .text               c_w.l(libspace.o)
    0x00000424   0x00000424   0x0000004a   Code   RO         2834    .text               c_w.l(sys_stackheap_outer.o)
    0x0000046e   0x0000046e   0x00000012   Code   RO         2836    .text               c_w.l(exit.o)
    0x00000480   0x00000480   0x0000000c   Code   RO         2902    .text               c_w.l(sys_exit.o)
    0x0000048c   0x0000048c   0x00000002   Code   RO         2913    .text               c_w.l(use_no_semi.o)
    0x0000048e   0x0000048e   0x00000000   Code   RO         2915    .text               c_w.l(indicate_semi.o)
    0x0000048e   0x0000048e   0x0000000a   Code   RO          728    i.ADCIntClear       driverlib.lib(adc.o)
    0x00000498   0x00000498   0x00000034   Code   RO          735    i.ADCIntStatus      driverlib.lib(adc.o)
    0x000004cc   0x000004cc   0x0000001a   Code   RO          740    i.ADCProcessorTrigger  driverlib.lib(adc.o)
    0x000004e6   0x000004e6   0x00000060   Code   RO          743    i.ADCSequenceConfigure  driverlib.lib(adc.o)
    0x00000546   0x00000546   0x00000024   Code   RO          746    i.ADCSequenceDataGet  driverlib.lib(adc.o)
    0x0000056a   0x0000056a   0x00000010   Code   RO          747    i.ADCSequenceDisable  driverlib.lib(adc.o)
    0x0000057a   0x0000057a   0x0000000e   Code   RO          748    i.ADCSequenceEnable  driverlib.lib(adc.o)
    0x00000588   0x00000588   0x0000009a   Code   RO          751    i.ADCSequenceStepConfigure  driverlib.lib(adc.o)
    0x00000622   0x00000622   0x00000002   PAD
    0x00000624   0x00000624   0x00000030   Code   RO          320    i.ActiveIndexGrip   grips.o
    0x00000654   0x00000654   0x0000008c   Code   RO          211    i.ControlNonOpposed  controlmechanism.o
    0x000006e0   0x000006e0   0x000000a4   Code   RO          212    i.ControlOpposed    controlmechanism.o
    0x00000784   0x00000784   0x00000080   Code   RO          321    i.FingerPointGrip   grips.o
    0x00000804   0x00000804   0x0000004c   Code   RO          532    i.FingerPulses      interrupthandlers.o
    0x00000850   0x00000850   0x00000028   Code   RO         1000    i.GPIODirModeSet    driverlib.lib(gpio.o)
    0x00000878   0x00000878   0x00000006   Code   RO         1001    i.GPIOIntClear      driverlib.lib(gpio.o)
    0x0000087e   0x0000087e   0x0000000e   Code   RO         1002    i.GPIOIntDisable    driverlib.lib(gpio.o)
    0x0000088c   0x0000088c   0x0000000c   Code   RO         1003    i.GPIOIntEnable     driverlib.lib(gpio.o)
    0x00000898   0x00000898   0x0000001a   Code   RO         1004    i.GPIOIntRegister   driverlib.lib(gpio.o)
    0x000008b2   0x000008b2   0x0000000e   Code   RO         1006    i.GPIOIntStatus     driverlib.lib(gpio.o)
    0x000008c0   0x000008c0   0x00000050   Code   RO         1008    i.GPIOIntTypeSet    driverlib.lib(gpio.o)
    0x00000910   0x00000910   0x00000138   Code   RO         1012    i.GPIOPadConfigSet  driverlib.lib(gpio.o)
    0x00000a48   0x00000a48   0x00000044   Code   RO         1013    i.GPIOPinConfigure  driverlib.lib(gpio.o)
    0x00000a8c   0x00000a8c   0x00000006   Code   RO         1014    i.GPIOPinRead       driverlib.lib(gpio.o)
    0x00000a92   0x00000a92   0x0000001c   Code   RO         1015    i.GPIOPinTypeADC    driverlib.lib(gpio.o)
    0x00000aae   0x00000aae   0x0000001c   Code   RO         1023    i.GPIOPinTypeGPIOInput  driverlib.lib(gpio.o)
    0x00000aca   0x00000aca   0x0000001c   Code   RO         1024    i.GPIOPinTypeGPIOOutput  driverlib.lib(gpio.o)
    0x00000ae6   0x00000ae6   0x0000001c   Code   RO         1031    i.GPIOPinTypePWM    driverlib.lib(gpio.o)
    0x00000b02   0x00000b02   0x0000001c   Code   RO         1036    i.GPIOPinTypeUART   driverlib.lib(gpio.o)
    0x00000b1e   0x00000b1e   0x00000006   Code   RO         1042    i.GPIOPinWrite      driverlib.lib(gpio.o)
    0x00000b24   0x00000b24   0x0000004c   Code   RO          322    i.HookGrip          grips.o
    0x00000b70   0x00000b70   0x00000058   Code   RO          533    i.InitEnoderVal     interrupthandlers.o
    0x00000bc8   0x00000bc8   0x00000064   Code   RO         1640    i.IntEnable         driverlib.lib(interrupt.o)
    0x00000c2c   0x00000c2c   0x0000000e   Code   RO         1643    i.IntMasterEnable   driverlib.lib(interrupt.o)
    0x00000c3a   0x00000c3a   0x00000002   PAD
    0x00000c3c   0x00000c3c   0x00000034   Code   RO         1652    i.IntRegister       driverlib.lib(interrupt.o)
    0x00000c70   0x00000c70   0x00000084   Code   RO          323    i.KeyGrip           grips.o
    0x00000cf4   0x00000cf4   0x00000048   Code   RO          324    i.MouseGrip         grips.o
    0x00000d3c   0x00000d3c   0x00000026   Code   RO         1763    i.PWMGenConfigure   driverlib.lib(pwm.o)
    0x00000d62   0x00000d62   0x0000000a   Code   RO         1765    i.PWMGenEnable      driverlib.lib(pwm.o)
    0x00000d6c   0x00000d6c   0x00000012   Code   RO         1778    i.PWMGenPeriodSet   driverlib.lib(pwm.o)
    0x00000d7e   0x00000d7e   0x00000010   Code   RO         1785    i.PWMOutputState    driverlib.lib(pwm.o)
    0x00000d8e   0x00000d8e   0x00000020   Code   RO         1788    i.PWMPulseWidthSet  driverlib.lib(pwm.o)
    0x00000dae   0x00000dae   0x00000002   PAD
    0x00000db0   0x00000db0   0x00000048   Code   RO          534    i.PortCIntHandler   interrupthandlers.o
    0x00000df8   0x00000df8   0x00000048   Code   RO          535    i.PortDIntHandler   interrupthandlers.o
    0x00000e40   0x00000e40   0x00000048   Code   RO          325    i.PowerGrip         grips.o
    0x00000e88   0x00000e88   0x0000004c   Code   RO          326    i.PrecisionOpenGrip  grips.o
    0x00000ed4   0x00000ed4   0x000000d0   Code   RO          287    i.PrintSignal       fsrsignal.o
    0x00000fa4   0x00000fa4   0x0000011c   Code   RO          288    i.ProportionalControl  fsrsignal.o
    0x000010c0   0x000010c0   0x000000f0   Code   RO          327    i.ProportionalGrip  grips.o
    0x000011b0   0x000011b0   0x00000044   Code   RO          140    i.ReadADC           analogsensor.o
    0x000011f4   0x000011f4   0x0000005c   Code   RO          141    i.ReadADCChannel    analogsensor.o
    0x00001250   0x00001250   0x00000044   Code   RO          329    i.RestOppGrip       grips.o
    0x00001294   0x00001294   0x00000080   Code   RO          289    i.SignalClassify    fsrsignal.o
    0x00001314   0x00001314   0x000000ca   Code   RO          290    i.SignalDetection   fsrsignal.o
    0x000013de   0x000013de   0x00000002   PAD
    0x000013e0   0x000013e0   0x00000034   Code   RO          330    i.StopAllFinger     grips.o
    0x00001414   0x00001414   0x00000154   Code   RO         1991    i.SysCtlClockGet    driverlib.lib(sysctl.o)
    0x00001568   0x00001568   0x00000120   Code   RO         1993    i.SysCtlClockSet    driverlib.lib(sysctl.o)
    0x00001688   0x00001688   0x00000014   Code   RO         2017    i.SysCtlPWMClockSet  driverlib.lib(sysctl.o)
    0x0000169c   0x0000169c   0x00000028   Code   RO         2022    i.SysCtlPeripheralEnable  driverlib.lib(sysctl.o)
    0x000016c4   0x000016c4   0x0000002c   Code   RO         2025    i.SysCtlPeripheralPresent  driverlib.lib(sysctl.o)
    0x000016f0   0x000016f0   0x0000002c   Code   RO         2026    i.SysCtlPeripheralReady  driverlib.lib(sysctl.o)
    0x0000171c   0x0000171c   0x0000000e   Code   RO         2337    i.SysTickEnable     driverlib.lib(systick.o)
    0x0000172a   0x0000172a   0x0000000e   Code   RO         2339    i.SysTickIntEnable  driverlib.lib(systick.o)
    0x00001738   0x00001738   0x00000010   Code   RO          536    i.SysTickIntHandler  interrupthandlers.o
    0x00001748   0x00001748   0x00000018   Code   RO         2340    i.SysTickIntRegister  driverlib.lib(systick.o)
    0x00001760   0x00001760   0x0000000a   Code   RO         2343    i.SysTickPeriodSet  driverlib.lib(systick.o)
    0x0000176a   0x0000176a   0x00000002   PAD
    0x0000176c   0x0000176c   0x0000004c   Code   RO          331    i.TripodGrip        grips.o
    0x000017b8   0x000017b8   0x0000000c   Code   RO         2407    i.UARTCharPut       driverlib.lib(uart.o)
    0x000017c4   0x000017c4   0x00000006   Code   RO         2411    i.UARTClockSourceSet  driverlib.lib(uart.o)
    0x000017ca   0x000017ca   0x0000006e   Code   RO         2413    i.UARTConfigSetExpClk  driverlib.lib(uart.o)
    0x00001838   0x00001838   0x00000014   Code   RO         2418    i.UARTEnable        driverlib.lib(uart.o)
    0x0000184c   0x0000184c   0x00000050   Code   RO          662    i.UARTStdioConfig   uartstdio.o
    0x0000189c   0x0000189c   0x0000001a   Code   RO          665    i.UARTprintf        uartstdio.o
    0x000018b6   0x000018b6   0x00000002   PAD
    0x000018b8   0x000018b8   0x00000250   Code   RO          666    i.UARTvprintf       uartstdio.o
    0x00001b08   0x00001b08   0x00000034   Code   RO          667    i.UARTwrite         uartstdio.o
    0x00001b3c   0x00001b3c   0x00000050   Code   RO         1043    i._GPIOIntNumberGet  driverlib.lib(gpio.o)
    0x00001b8c   0x00001b8c   0x0000001a   Code   RO          233    i.control_Finger    fingers.o
    0x00001ba6   0x00001ba6   0x00000080   Code   RO          235    i.control_Finger_Encoder  fingers.o
    0x00001c26   0x00001c26   0x00000002   PAD
    0x00001c28   0x00001c28   0x00000024   Code   RO          628    i.delay             timer.o
    0x00001c4c   0x00001c4c   0x00000090   Code   RO          537    i.encodervalue      interrupthandlers.o
    0x00001cdc   0x00001cdc   0x000000c0   Code   RO          142    i.initADC           analogsensor.o
    0x00001d9c   0x00001d9c   0x000000bc   Code   RO          332    i.initGrip          grips.o
    0x00001e58   0x00001e58   0x00000030   Code   RO          629    i.initSysTick       timer.o
    0x00001e88   0x00001e88   0x00000078   Code   RO          577    i.init_encoders     motor.o
    0x00001f00   0x00001f00   0x000001d8   Code   RO          578    i.init_motors       motor.o
    0x000020d8   0x000020d8   0x00000088   Code   RO          520    i.initallPorts      initports.o
    0x00002160   0x00002160   0x0000002e   Code   RO            1    i.main              main.o
    0x0000218e   0x0000218e   0x00000002   PAD
    0x00002190   0x00002190   0x00000124   Code   RO          334    i.makeGripException  grips.o
    0x000022b4   0x000022b4   0x0000000c   Code   RO          631    i.millis            timer.o
    0x000022c0   0x000022c0   0x000000b8   Code   RO          579    i.motorDirection    motor.o
    0x00002378   0x00002378   0x00000148   Code   RO          580    i.motorPWM          motor.o
    0x000024c0   0x000024c0   0x00000074   Code   RO          611    i.serialBegin       serialusb.o
    0x00002534   0x00002534   0x00000040   Code   RO            2    i.setup             main.o
    0x00002574   0x00002574   0x0000000a   Code   RO         2900    x$fpl$fpinit        fz_wm.l(fpinit.o)
    0x0000257e   0x0000257e   0x00000002   PAD
    0x00002580   0x00002580   0x0000001c   Data   RO          668    .constdata          uartstdio.o
    0x0000259c   0x0000259c   0x00000228   Data   RO         1044    .constdata          driverlib.lib(gpio.o)
    0x000027c4   0x000027c4   0x0000010c   Data   RO         1656    .constdata          driverlib.lib(interrupt.o)
    0x000028d0   0x000028d0   0x00000254   Data   RO         2044    .constdata          driverlib.lib(sysctl.o)
    0x00002b24   0x00002b24   0x000000a1   Data   RO          335    .conststring        grips.o
    0x00002bc5   0x00002bc5   0x00000003   PAD
    0x00002bc8   0x00002bc8   0x00000011   Data   RO          669    .conststring        uartstdio.o
    0x00002bd9   0x00002bd9   0x00000003   PAD
    0x00002bdc   0x00002bdc   0x00000020   Data   RO         2968    Region$$Table       anon$$obj.o


    Execution Region ER_RW (Exec base: 0x20000000, Load base: 0x00002bfc, Size: 0x0000066c, Max: 0xffffffff, ABSOLUTE, COMPRESSED[0x0000005c])

    Exec Addr    Load Addr    Size         Type   Attr      Idx    E Section Name        Object

    0x20000000   COMPRESSED   0x00000001   Data   RW          213    .data               controlmechanism.o
    0x20000001   COMPRESSED   0x00000003   PAD
    0x20000004   COMPRESSED   0x00000018   Data   RW          291    .data               fsrsignal.o
    0x2000001c   COMPRESSED   0x00000148   Data   RW          336    .data               grips.o
    0x20000164   COMPRESSED   0x00000034   Data   RW          538    .data               interrupthandlers.o
    0x20000198   COMPRESSED   0x00000005   Data   RW          581    .data               motor.o
    0x2000019d   COMPRESSED   0x00000003   PAD
    0x200001a0   COMPRESSED   0x00000004   Data   RW          632    .data               timer.o
    0x200001a4   COMPRESSED   0x00000005   Data   RW          670    .data               uartstdio.o
    0x200001a9   COMPRESSED   0x00000257   PAD
    0x20000400   COMPRESSED   0x0000026c   Data   RW         1657    vtable              driverlib.lib(interrupt.o)


    Execution Region ER_ZI (Exec base: 0x2000066c, Load base: 0x00002c58, Size: 0x00000284, Max: 0xffffffff, ABSOLUTE)

    Exec Addr    Load Addr    Size         Type   Attr      Idx    E Section Name        Object

    0x2000066c        -       0x00000020   Zero   RW          143    .bss                analogsensor.o
    0x2000068c        -       0x00000060   Zero   RW         2832    .bss                c_w.l(libspace.o)
    0x200006ec   0x00002c58   0x00000004   PAD
    0x200006f0        -       0x00000000   Zero   RW          132    HEAP                startup_rvmdk.o
    0x200006f0        -       0x00000200   Zero   RW          131    STACK               startup_rvmdk.o


==============================================================================

Image component sizes


      Code (inc. data)   RO Data    RW Data    ZI Data      Debug   Object Name

       352         36          0          0         32       4712   analogsensor.o
       304         44          0          1          0       1412   controlmechanism.o
       154          0          0          0          0       1434   fingers.o
       822        178          0         24          0       3390   fsrsignal.o
      1520        344        161        328          0       9001   grips.o
       136          4          0          0          0        547   initports.o
       468        114          0         52          0       4357   interrupthandlers.o
       110          6          0          0          0       6047   main.o
      1104        100          0          5          0       2986   motor.o
       116         44          0          0          0        570   serialusb.o
       672        636          0          0        512        524   startup_rvmdk.o
        96         22          0          4          0       1636   timer.o
       750         36         45          5          0       4832   uartstdio.o

    ----------------------------------------------------------------------
      6612       1564        244       1024        544      41448   Object Totals
         0          0         32          0          0          0   (incl. Generated)
         8          0          6        605          0          0   (incl. Padding)

    ----------------------------------------------------------------------

      Code (inc. data)   RO Data    RW Data    ZI Data      Debug   Library Member Name

        90          0          0          0          0          0   __dczerorl2.o
         8          0          0          0          0         68   __main.o
         0          0          0          0          0          0   __rtentry.o
        12          0          0          0          0          0   __rtentry2.o
         6          0          0          0          0          0   __rtentry4.o
        52          8          0          0          0          0   __scatter.o
        28          0          0          0          0          0   __scatter_zi.o
        18          0          0          0          0         80   exit.o
         6          0          0          0          0        152   heapauxi.o
         0          0          0          0          0          0   indicate_semi.o
         2          0          0          0          0          0   libinit.o
         6          0          0          0          0          0   libinit2.o
         2          0          0          0          0          0   libshutdown.o
         2          0          0          0          0          0   libshutdown2.o
         8          4          0          0         96         68   libspace.o
       100          0          0          0          0         80   rt_memcpy_w.o
         2          0          0          0          0          0   rtexit.o
        10          0          0          0          0          0   rtexit2.o
        12          4          0          0          0         68   sys_exit.o
        74          0          0          0          0         80   sys_stackheap_outer.o
         2          0          0          0          0         68   use_no_semi.o
       404          0          0          0          0       8695   adc.o
        38          0          0          0          0        572   cpu.o
       804         26        552          0          0      10410   gpio.o
       166         16        268        620          0       2668   interrupt.o
       114          0          0          0          0       2639   pwm.o
       782         72        596          0          0       5933   sysctl.o
        62          0          0          0          0       1935   systick.o
       148          0          0          0          0       2986   uart.o
        10          0          0          0          0        116   fpinit.o

    ----------------------------------------------------------------------
      2988        130       1416        620        100      36618   Library Totals
        20          0          0          0          4          0   (incl. Padding)

    ----------------------------------------------------------------------

      Code (inc. data)   RO Data    RW Data    ZI Data      Debug   Library Name

       440         16          0          0         96        664   c_w.l
      2518        114       1416        620          0      35838   driverlib.lib
        10          0          0          0          0        116   fz_wm.l

    ----------------------------------------------------------------------
      2988        130       1416        620        100      36618   Library Totals

    ----------------------------------------------------------------------

==============================================================================


      Code (inc. data)   RO Data    RW Data    ZI Data      Debug   

      9600       1694       1660       1644        644      69358   Grand Totals
      9600       1694       1660         92        644      69358   ELF Image Totals (compressed)
      9600       1694       1660         92          0          0   ROM Totals

==============================================================================

    Total RO  Size (Code + RO Data)                11260 (  11.00kB)
    Total RW  Size (RW Data + ZI Data)              2288 (   2.23kB)
    Total ROM Size (Code + RO Data + RW Data)      11352 (  11.09kB)

==============================================================================

